<html>
<body>
<pre>
<h1>µVision Build Log</h1>
<h2>Tool Versions:</h2>
IDE-Version: ¦ÌVision V5.41.0.0
Copyright (C) 2024 ARM Ltd and ARM Germany GmbH. All rights reserved.
License Information: 1 HP, 1, LIC=65ISZ-JMQGW-FWB2N-YWBRB-VMY36-JN9Q7
 
Tool Versions:
Toolchain:       MDK-ARM Plus  Version: 5.41.0.0
Toolchain Path:  D:\Keil5\Keil5_core\ARM\ARMCC\Bin
C Compiler:      Armcc.exe V5.06 update 5 (build 528)
Assembler:       Armasm.exe V5.06 update 5 (build 528)
Linker/Locator:  ArmLink.exe V5.06 update 5 (build 528)
Library Manager: ArmAr.exe V5.06 update 5 (build 528)
Hex Converter:   FromElf.exe V5.06 update 5 (build 528)
CPU DLL:         SARMCM3.DLL V5.41.0.0
Dialog DLL:      DCM.DLL V1.17.5.0
Target DLL:      CMSIS_AGDI.dll V1.33.21.0
Dialog DLL:      TCM.DLL V1.56.4.0
 
<h2>Project:</h2>
D:\robomaster\HERO\gimbal_task +newins -noyao\MDK-ARM\gimbal_task.uvprojx
Project File Date:  03/07/2025

<h2>Output:</h2>
*** Using Compiler 'V5.06 update 5 (build 528)', folder: 'D:\Keil5\Keil5_core\ARM\ARMCC\Bin'
Build target 'gimbal_task'
compiling gimbal_task.c...
..\application\shoot.h(38): warning:  #1295-D: Deprecated declaration shoot_control_loop - give arg types
  const shoot_control_t *shoot_control_loop();
..\application\shoot.h(41): warning:  #1-D: last line of file ends without a newline
  #endif
..\application\INS_task.h(85): warning:  #1295-D: Deprecated declaration get_INS - give arg types
  extern INS_t *get_INS();
..\application\gimbal_task.h(291): warning:  #1295-D: Deprecated declaration get_chassis_data_point - give arg types
  extern chassis_data_t *get_chassis_data_point();
..\application\gimbal_task.h(292): warning:  #1295-D: Deprecated declaration get_gimbal_data - give arg types
  extern gimbal_control_t *get_gimbal_data();
..\application\Self_aim.h(49): warning:  #1-D: last line of file ends without a newline
  InputData *get_selfaim_data();
..\application\Self_aim.h(49): warning:  #1295-D: Deprecated declaration get_selfaim_data - give arg types
  InputData *get_selfaim_data();
..\application\gimbal_task.c(442): warning:  #1035-D: single-precision operand implicitly converted to double-precision
  	feedback_update->gimbal_pitch_motor.self_aim_pitch_angle=Self_aim_data->shoot_pitch/3.14*180;
..\application\gimbal_task.c(444): warning:  #1035-D: single-precision operand implicitly converted to double-precision
  	feedback_update->gimbal_yaw_motor.self_aim_yaw_angle=sliding_average(Self_aim_data->shoot_yaw/3.14*180);
..\application\gimbal_task.c(496): warning:  #1035-D: single-precision operand implicitly converted to double-precision
  		set_control->gimbal_pitch_motor.absolute_angle_set-=pitch_channel*
ITCH_RC_SEN+set_control->gimbal_rc_ctrl->mouse.y*
ITCH_MOUSE_SEN*0.5;
..\application\gimbal_task.c(649): warning:  #177-D: variable "angleset"  was declared but never referenced
  	fp32 angleset;
..\application\gimbal_task.c(588): warning:  #177-D: function "gimbal_PID_init"  was declared but never referenced
  static void gimbal_PID_init(gimbal_PID_t *pid, fp32 maxout, fp32 max_iout, fp32 kp, fp32 ki, fp32 kd)
..\application\gimbal_task.c(636): warning:  #177-D: function "gimbal_PID_clear"  was declared but never referenced
  static void gimbal_PID_clear(gimbal_PID_t *gimbal_pid_clear)
..\application\gimbal_task.c(251): warning:  #177-D: variable "chassis_self_aim_yaw_filter"  was declared but never referenced
  const static fp32 chassis_self_aim_yaw_filter[1] = {CHASSIS_ACCEL_Y_NUM};
..\application\gimbal_task.c(255): warning:  #177-D: variable "yaw_can_set_current"  was declared but never referenced
  static int16_t yaw_can_set_current = 0, pitch_can_set_current = 0;
..\application\gimbal_task.c(255): warning:  #177-D: variable "pitch_can_set_current"  was declared but never referenced
  static int16_t yaw_can_set_current = 0, pitch_can_set_current = 0;
..\application\gimbal_task.c(565): warning:  #177-D: function "gimbal_motor_absolute_angle_control"  was declared but never referenced
  static void gimbal_motor_absolute_angle_control(gimbal_motor_t *gimbal_motor)
..\application\gimbal_task.c: 17 warnings, 0 errors
linking...
Program Size: Code=51040 RO-data=3872 RW-data=744 ZI-data=47104  
FromELF: creating hex file...
"gimbal_task\gimbal_task.axf" - 0 Error(s), 17 Warning(s).

<h2>Software Packages used:</h2>

Package Vendor: ARM
                https://www.keil.com/pack/ARM.CMSIS.6.1.0.pack
                ARM::CMSIS@6.1.0
                CMSIS (Common Microcontroller Software Interface Standard)
   * Component: CORE Version: 6.1.0

Package Vendor: Keil
                https://www.keil.com/pack/Keil.STM32F4xx_DFP.3.0.0.pack
                Keil::STM32F4xx_DFP@3.0.0
                STMicroelectronics STM32F4 Series Device Support

<h2>Collection of Component include folders:</h2>
  ./RTE/_gimbal_task
  D:/Keil5/Keil5_pack/ARM/CMSIS/6.1.0/CMSIS/Core/Include

<h2>Collection of Component Files used:</h2>

   * Component: ARM::CMSIS:CORE@6.1.0
Build Time Elapsed:  00:00:03
</pre>
</body>
</html>
