Component: ARM Compiler 5.06 update 5 (build 528) Tool: armlink [4d35e2]

==============================================================================

Section Cross References

    startup_stm32f407xx.o(STACK) refers (Special) to heapauxi.o(.text) for __use_two_region_memory
    startup_stm32f407xx.o(HEAP) refers (Special) to heapauxi.o(.text) for __use_two_region_memory
    startup_stm32f407xx.o(RESET) refers (Special) to heapauxi.o(.text) for __use_two_region_memory
    startup_stm32f407xx.o(RESET) refers to startup_stm32f407xx.o(STACK) for __initial_sp
    startup_stm32f407xx.o(RESET) refers to startup_stm32f407xx.o(.text) for Reset_Handler
    startup_stm32f407xx.o(RESET) refers to stm32f4xx_it.o(i.NMI_Handler) for NMI_Handler
    startup_stm32f407xx.o(RESET) refers to stm32f4xx_it.o(i.HardFault_Handler) for HardFault_Handler
    startup_stm32f407xx.o(RESET) refers to stm32f4xx_it.o(i.MemManage_Handler) for MemManage_Handler
    startup_stm32f407xx.o(RESET) refers to stm32f4xx_it.o(i.BusFault_Handler) for BusFault_Handler
    startup_stm32f407xx.o(RESET) refers to stm32f4xx_it.o(i.UsageFault_Handler) for UsageFault_Handler
    startup_stm32f407xx.o(RESET) refers to port.o(.emb_text) for SVC_Handler
    startup_stm32f407xx.o(RESET) refers to stm32f4xx_it.o(i.DebugMon_Handler) for DebugMon_Handler
    startup_stm32f407xx.o(RESET) refers to stm32f4xx_it.o(i.SysTick_Handler) for SysTick_Handler
    startup_stm32f407xx.o(RESET) refers to stm32f4xx_it.o(i.EXTI0_IRQHandler) for EXTI0_IRQHandler
    startup_stm32f407xx.o(RESET) refers to stm32f4xx_it.o(i.EXTI3_IRQHandler) for EXTI3_IRQHandler
    startup_stm32f407xx.o(RESET) refers to stm32f4xx_it.o(i.EXTI4_IRQHandler) for EXTI4_IRQHandler
    startup_stm32f407xx.o(RESET) refers to stm32f4xx_it.o(i.CAN1_RX0_IRQHandler) for CAN1_RX0_IRQHandler
    startup_stm32f407xx.o(RESET) refers to stm32f4xx_it.o(i.EXTI9_5_IRQHandler) for EXTI9_5_IRQHandler
    startup_stm32f407xx.o(RESET) refers to stm32f4xx_it.o(i.USART1_IRQHandler) for USART1_IRQHandler
    startup_stm32f407xx.o(RESET) refers to vt13_control.o(i.USART3_IRQHandler) for USART3_IRQHandler
    startup_stm32f407xx.o(RESET) refers to stm32f4xx_it.o(i.CAN2_RX0_IRQHandler) for CAN2_RX0_IRQHandler
    startup_stm32f407xx.o(RESET) refers to stm32f4xx_it.o(i.OTG_FS_IRQHandler) for OTG_FS_IRQHandler
    startup_stm32f407xx.o(.text) refers (Special) to heapauxi.o(.text) for __use_two_region_memory
    startup_stm32f407xx.o(.text) refers to system_stm32f4xx.o(i.SystemInit) for SystemInit
    startup_stm32f407xx.o(.text) refers to __main.o(!!!main) for __main
    startup_stm32f407xx.o(.text) refers to startup_stm32f407xx.o(HEAP) for Heap_Mem
    startup_stm32f407xx.o(.text) refers to startup_stm32f407xx.o(STACK) for Stack_Mem
    main.o(i.SystemClock_Config) refers to rt_memclr_w.o(.text) for __aeabi_memclr4
    main.o(i.SystemClock_Config) refers to stm32f4xx_hal_rcc.o(i.HAL_RCC_OscConfig) for HAL_RCC_OscConfig
    main.o(i.SystemClock_Config) refers to main.o(i.Error_Handler) for Error_Handler
    main.o(i.SystemClock_Config) refers to stm32f4xx_hal_rcc.o(i.HAL_RCC_ClockConfig) for HAL_RCC_ClockConfig
    main.o(i.SystemClock_Config) refers to stm32f4xx_hal_rcc_ex.o(i.HAL_RCCEx_PeriphCLKConfig) for HAL_RCCEx_PeriphCLKConfig
    main.o(i.main) refers to stm32f4xx_hal.o(i.HAL_Init) for HAL_Init
    main.o(i.main) refers to main.o(i.SystemClock_Config) for SystemClock_Config
    main.o(i.main) refers to gpio.o(i.MX_GPIO_Init) for MX_GPIO_Init
    main.o(i.main) refers to dma.o(i.MX_DMA_Init) for MX_DMA_Init
    main.o(i.main) refers to can.o(i.MX_CAN1_Init) for MX_CAN1_Init
    main.o(i.main) refers to can.o(i.MX_CAN2_Init) for MX_CAN2_Init
    main.o(i.main) refers to spi.o(i.MX_SPI1_Init) for MX_SPI1_Init
    main.o(i.main) refers to tim.o(i.MX_TIM4_Init) for MX_TIM4_Init
    main.o(i.main) refers to tim.o(i.MX_TIM5_Init) for MX_TIM5_Init
    main.o(i.main) refers to usart.o(i.MX_USART3_UART_Init) for MX_USART3_UART_Init
    main.o(i.main) refers to tim.o(i.MX_TIM8_Init) for MX_TIM8_Init
    main.o(i.main) refers to i2c.o(i.MX_I2C3_Init) for MX_I2C3_Init
    main.o(i.main) refers to rtc.o(i.MX_RTC_Init) for MX_RTC_Init
    main.o(i.main) refers to tim.o(i.MX_TIM1_Init) for MX_TIM1_Init
    main.o(i.main) refers to tim.o(i.MX_TIM3_Init) for MX_TIM3_Init
    main.o(i.main) refers to tim.o(i.MX_TIM10_Init) for MX_TIM10_Init
    main.o(i.main) refers to usart.o(i.MX_USART1_UART_Init) for MX_USART1_UART_Init
    main.o(i.main) refers to crc.o(i.MX_CRC_Init) for MX_CRC_Init
    main.o(i.main) refers to usb_device.o(i.MX_USB_DEVICE_Init) for MX_USB_DEVICE_Init
    main.o(i.main) refers to bsp_can.o(i.can_filter_init) for can_filter_init
    main.o(i.main) refers to bsp_delay.o(i.delay_init) for delay_init
    main.o(i.main) refers to vt13_control.o(i.remote_control_init) for remote_control_init
    main.o(i.main) refers to bsp_dwt.o(i.DWT_Init) for DWT_Init
[...]
    uwTickFreq                               0x20000564   Data           1  stm32f4xx_hal.o(.data)
    uwTickPrio                               0x20000568   Data           4  stm32f4xx_hal.o(.data)
    uwTick                                   0x2000056c   Data           4  stm32f4xx_hal.o(.data)
    pxCurrentTCB                             0x20000570   Data           4  tasks.o(.data)
    USBD_CDC_CfgHSDesc                       0x200005f4   Data          67  usbd_cdc.o(.data)
    USBD_CDC_CfgFSDesc                       0x20000638   Data          67  usbd_cdc.o(.data)
    USBD_CDC_OtherSpeedCfgDesc               0x2000067c   Data          67  usbd_cdc.o(.data)
    USBD_CDC                                 0x200006c0   Data          56  usbd_cdc.o(.data)
    hcan1                                    0x20000da0   Data          40  can.o(.bss)
    hcan2                                    0x20000dc8   Data          40  can.o(.bss)
    hi2c3                                    0x20000df0   Data          84  i2c.o(.bss)
    hrtc                                     0x20000e44   Data          32  rtc.o(.bss)
    hspi1                                    0x20000e64   Data          88  spi.o(.bss)
    hdma_spi1_rx                             0x20000ebc   Data          96  spi.o(.bss)
    hdma_spi1_tx                             0x20000f1c   Data          96  spi.o(.bss)
    htim1                                    0x20000f7c   Data          64  tim.o(.bss)
    htim3                                    0x20000fbc   Data          64  tim.o(.bss)
    htim4                                    0x20000ffc   Data          64  tim.o(.bss)
    htim5                                    0x2000103c   Data          64  tim.o(.bss)
    htim8                                    0x2000107c   Data          64  tim.o(.bss)
    htim10                                   0x200010bc   Data          64  tim.o(.bss)
    huart1                                   0x200010fc   Data          64  usart.o(.bss)
    huart3                                   0x2000113c   Data          64  usart.o(.bss)
    hdma_usart3_rx                           0x2000117c   Data          96  usart.o(.bss)
    hUsbDeviceFS                             0x200011dc   Data         668  usb_device.o(.bss)
    hpcd_USB_OTG_FS                          0x20001478   Data        1032  usbd_conf.o(.bss)
    USBD_StrDesc                             0x20001880   Data         512  usbd_desc.o(.bss)
    UserRxBufferFS                           0x20001a80   Data        2048  usbd_cdc_if.o(.bss)
    UserTxBufferFS                           0x20002280   Data        2048  usbd_cdc_if.o(.bss)
    yaw_buffer                               0x20002b3c   Data          40  gimbal_task.o(.bss)
    gimbal_control                           0x20002b64   Data        1104  gimbal_task.o(.bss)
    chassis_data                             0x20002fb4   Data          64  gimbal_task.o(.bss)
    chassis_self_aim_yaw                     0x20002ff4   Data          16  gimbal_task.o(.bss)
    error_list                               0x20003004   Data         540  detect_task.o(.bss)
    INS                                      0x20003220   Data         128  ins_task.o(.bss)
    IMU_Param                                0x200032a0   Data          28  ins_task.o(.bss)
    TempCtrl                                 0x200032bc   Data         170  ins_task.o(.bss)
    INS_angle                                0x20003368   Data          12  ins_task.o(.bss)
    data1                                    0x20003374   Data          24  shoot.o(.bss)
    shoot_control                            0x2000338c   Data         780  shoot.o(.bss)
    buffer                                   0x20003698   Data          29  self_aim.o(.bss)
    Usart_Receive                            0x200036b5   Data          40  self_aim.o(.bss)
    inputdata                                0x200036dd   Data          25  self_aim.o(.bss)
    Send_Data                                0x200036f6   Data          43  self_aim.o(.bss)
    re_htim4                                 0x20003740   Data          64  buzzer_tim_init.o(.bss)
    rc_ctrl                                  0x20003780   Data          21  vt13_control.o(.bss)
    gyroDiff                                 0x200037ec   Data          12  bmi088driver.o(.bss)
    BMI088                                   0x200037f8   Data          52  bmi088driver.o(.bss)
    QEKF_INS                                 0x20003830   Data         472  quaternionekf.o(.bss)
    IMU_QuaternionEKF_K                      0x20003a08   Data          72  quaternionekf.o(.bss)
    IMU_QuaternionEKF_H                      0x20003a50   Data          72  quaternionekf.o(.bss)
    xQueueRegistry                           0x20003a98   Data          64  queue.o(.bss)
    __libspace_start                         0x20009cd8   Data          96  libspace.o(.bss)
    __temporary_stack_top$libspace           0x20009d38   Data           0  libspace.o(.bss)



==============================================================================

Memory Map of the image

  Image Entry point : 0x08000189

  Load Region LR_IROM1 (Base: 0x08000000, Size: 0x0001331c, Max: 0x00100000, ABSOLUTE, COMPRESSED[0x00012dac])

    Execution Region ER_IROM1 (Exec base: 0x08000000, Load base: 0x08000000, Size: 0x00012c24, Max: 0x00100000, ABSOLUTE)

    Exec Addr    Load Addr    Size         Type   Attr      Idx    E Section Name        Object

    0x08000000   0x08000000   0x00000188   Data   RO            3    RESET               startup_stm32f407xx.o
    0x08000188   0x08000188   0x00000008   Code   RO        11195  * !!!main             c_w.l(__main.o)
    0x08000190   0x08000190   0x00000034   Code   RO        11559    !!!scatter          c_w.l(__scatter.o)
    0x080001c4   0x080001c4   0x0000005a   Code   RO        11557    !!dczerorl2         c_w.l(__dczerorl2.o)
    0x0800021e   0x0800021e   0x00000002   PAD
    0x08000220   0x08000220   0x0000001c   Code   RO        11561    !!handler_zi        c_w.l(__scatter_zi.o)
    0x0800023c   0x0800023c   0x00000002   Code   RO        11496    .ARM.Collect$$libinit$$00000000  c_w.l(libinit.o)
    0x0800023e   0x0800023e   0x00000004   Code   RO        11329    .ARM.Collect$$libinit$$00000001  c_w.l(libinit2.o)
    0x08000242   0x08000242   0x00000000   Code   RO        11332    .ARM.Collect$$libinit$$00000004  c_w.l(libinit2.o)
    0x08000242   0x08000242   0x00000008   Code   RO        11333    .ARM.Collect$$libinit$$00000005  c_w.l(libinit2.o)
    0x0800024a   0x0800024a   0x00000000   Code   RO        11335    .ARM.Collect$$libinit$$0000000A  c_w.l(libinit2.o)
    0x0800024a   0x0800024a   0x00000000   Code   RO        11337    .ARM.Collect$$libinit$$0000000C  c_w.l(libinit2.o)
    0x0800024a   0x0800024a   0x00000000   Code   RO        11339    .ARM.Collect$$libinit$$0000000E  c_w.l(libinit2.o)
    0x0800024a   0x0800024a   0x00000000   Code   RO        11342    .ARM.Collect$$libinit$$00000011  c_w.l(libinit2.o)
    0x0800024a   0x0800024a   0x00000000   Code   RO        11344    .ARM.Collect$$libinit$$00000013  c_w.l(libinit2.o)
    0x0800024a   0x0800024a   0x00000000   Code   RO        11346    .ARM.Collect$$libinit$$00000015  c_w.l(libinit2.o)
    0x0800024a   0x0800024a   0x00000000   Code   RO        11348    .ARM.Collect$$libinit$$00000017  c_w.l(libinit2.o)
    0x0800024a   0x0800024a   0x00000000   Code   RO        11350    .ARM.Collect$$libinit$$00000019  c_w.l(libinit2.o)
    0x0800024a   0x0800024a   0x00000000   Code   RO        11352    .ARM.Collect$$libinit$$0000001B  c_w.l(libinit2.o)
    0x0800024a   0x0800024a   0x00000000   Code   RO        11354    .ARM.Collect$$libinit$$0000001D  c_w.l(libinit2.o)
    0x0800024a   0x0800024a   0x00000000   Code   RO        11356    .ARM.Collect$$libinit$$0000001F  c_w.l(libinit2.o)
    0x0800024a   0x0800024a   0x00000000   Code   RO        11358    .ARM.Collect$$libinit$$00000021  c_w.l(libinit2.o)
    0x0800024a   0x0800024a   0x00000000   Code   RO        11360    .ARM.Collect$$libinit$$00000023  c_w.l(libinit2.o)
    0x0800024a   0x0800024a   0x00000000   Code   RO        11362    .ARM.Collect$$libinit$$00000025  c_w.l(libinit2.o)
    0x0800024a   0x0800024a   0x00000000   Code   RO        11366    .ARM.Collect$$libinit$$0000002C  c_w.l(libinit2.o)
    0x0800024a   0x0800024a   0x00000000   Code   RO        11368    .ARM.Collect$$libinit$$0000002E  c_w.l(libinit2.o)
    0x0800024a   0x0800024a   0x00000000   Code   RO        11370    .ARM.Collect$$libinit$$00000030  c_w.l(libinit2.o)
    0x0800024a   0x0800024a   0x00000000   Code   RO        11372    .ARM.Collect$$libinit$$00000032  c_w.l(libinit2.o)
    0x0800024a   0x0800024a   0x00000002   Code   RO        11373    .ARM.Collect$$libinit$$00000033  c_w.l(libinit2.o)
    0x0800024c   0x0800024c   0x00000002   Code   RO        11554    .ARM.Collect$$libshutdown$$00000000  c_w.l(libshutdown.o)
    0x0800024e   0x0800024e   0x00000000   Code   RO        11512    .ARM.Collect$$libshutdown$$00000002  c_w.l(libshutdown2.o)
    0x0800024e   0x0800024e   0x00000000   Code   RO        11514    .ARM.Collect$$libshutdown$$00000004  c_w.l(libshutdown2.o)
    0x0800024e   0x0800024e   0x00000000   Code   RO        11517    .ARM.Collect$$libshutdown$$00000007  c_w.l(libshutdown2.o)
    0x0800024e   0x0800024e   0x00000000   Code   RO        11520    .ARM.Collect$$libshutdown$$0000000A  c_w.l(libshutdown2.o)
    0x0800024e   0x0800024e   0x00000000   Code   RO        11522    .ARM.Collect$$libshutdown$$0000000C  c_w.l(libshutdown2.o)
    0x0800024e   0x0800024e   0x00000000   Code   RO        11525    .ARM.Collect$$libshutdown$$0000000F  c_w.l(libshutdown2.o)
    0x0800024e   0x0800024e   0x00000002   Code   RO        11526    .ARM.Collect$$libshutdown$$00000010  c_w.l(libshutdown2.o)
    0x08000250   0x08000250   0x00000000   Code   RO        11295    .ARM.Collect$$rtentry$$00000000  c_w.l(__rtentry.o)
    0x08000250   0x08000250   0x00000000   Code   RO        11422    .ARM.Collect$$rtentry$$00000002  c_w.l(__rtentry2.o)
    0x08000250   0x08000250   0x00000006   Code   RO        11434    .ARM.Collect$$rtentry$$00000004  c_w.l(__rtentry4.o)
    0x08000256   0x08000256   0x00000000   Code   RO        11424    .ARM.Collect$$rtentry$$00000009  c_w.l(__rtentry2.o)
    0x08000256   0x08000256   0x00000004   Code   RO        11425    .ARM.Collect$$rtentry$$0000000A  c_w.l(__rtentry2.o)
    0x0800025a   0x0800025a   0x00000000   Code   RO        11427    .ARM.Collect$$rtentry$$0000000C  c_w.l(__rtentry2.o)
    0x0800025a   0x0800025a   0x00000008   Code   RO        11428    .ARM.Collect$$rtentry$$0000000D  c_w.l(__rtentry2.o)
    0x08000262   0x08000262   0x00000002   Code   RO        11499    .ARM.Collect$$rtexit$$00000000  c_w.l(rtexit.o)
    0x08000264   0x08000264   0x00000000   Code   RO        11530    .ARM.Collect$$rtexit$$00000002  c_w.l(rtexit2.o)
    0x08000264   0x08000264   0x00000004   Code   RO        11531    .ARM.Collect$$rtexit$$00000003  c_w.l(rtexit2.o)
    0x08000268   0x08000268   0x00000006   Code   RO        11532    .ARM.Collect$$rtexit$$00000004  c_w.l(rtexit2.o)
    0x0800026e   0x0800026e   0x00000002   PAD
    0x08000270   0x08000270   0x000000be   Code   RO        10334    .emb_text           port.o
    0x0800032e   0x0800032e   0x00000002   PAD
    0x08000330   0x08000330   0x00000000   Code   RO        11445    .emb_text           c_w.l(maybetermalloc1.o)
    0x08000330   0x08000330   0x00000040   Code   RO            4    .text               startup_stm32f407xx.o
    0x08000370   0x08000370   0x00000078   Code   RO        10813    .text               arm_cortexM4lf_math.lib(arm_cos_f32.o)
    0x080003e8   0x080003e8   0x00000074   Code   RO        10866    .text               arm_cortexM4lf_math.lib(arm_sin_f32.o)
    0x0800045c   0x0800045c   0x00000108   Code   RO        10890    .text               arm_cortexM4lf_math.lib(arm_mat_add_f32.o)
    0x08000564   0x08000564   0x00000008   Code   RO        10914    .text               arm_cortexM4lf_math.lib(arm_mat_init_f32.o)
    0x0800056c   0x0800056c   0x00000530   Code   RO        10938    .text               arm_cortexM4lf_math.lib(arm_mat_inverse_f32.o)
    0x08000a9c   0x08000a9c   0x0000013c   Code   RO        10962    .text               arm_cortexM4lf_math.lib(arm_mat_mult_f32.o)
    0x08000bd8   0x08000bd8   0x00000108   Code   RO        10986    .text               arm_cortexM4lf_math.lib(arm_mat_sub_f32.o)
    0x08000ce0   0x08000ce0   0x00000114   Code   RO        11010    .text               arm_cortexM4lf_math.lib(arm_mat_trans_f32.o)
    0x08000df4   0x08000df4   0x0000005e   Code   RO        11119    .text               c_w.l(h1_alloc.o)
    0x08000e52   0x08000e52   0x0000004e   Code   RO        11121    .text               c_w.l(h1_free.o)
    0x08000ea0   0x08000ea0   0x000000ee   Code   RO        11177    .text               c_w.l(lludivv7m.o)
    0x08000f8e   0x08000f8e   0x0000008a   Code   RO        11181    .text               c_w.l(rt_memcpy_v6.o)
    0x08001018   0x08001018   0x00000064   Code   RO        11183    .text               c_w.l(rt_memcpy_w.o)
    0x0800107c   0x0800107c   0x00000010   Code   RO        11187    .text               c_w.l(aeabi_memset.o)
    0x0800108c   0x0800108c   0x00000044   Code   RO        11189    .text               c_w.l(rt_memclr.o)
    0x080010d0   0x080010d0   0x0000004e   Code   RO        11191    .text               c_w.l(rt_memclr_w.o)
    0x0800111e   0x0800111e   0x00000006   Code   RO        11193    .text               c_w.l(heapauxi.o)
    0x08001124   0x08001124   0x00000008   Code   RO        11303    .text               c_w.l(rt_heap_descriptor_intlibspace.o)
    0x0800112c   0x0800112c   0x00000004   Code   RO        11305    .text               c_w.l(hguard.o)
    0x08001130   0x08001130   0x0000008a   Code   RO        11307    .text               c_w.l(init_alloc.o)
    0x080011ba   0x080011ba   0x0000000e   Code   RO        11311    .text               c_w.l(h1_init.o)
    0x080011c8   0x080011c8   0x00000016   Code   RO        11325    .text               c_w.l(_rserrno.o)
    0x080011de   0x080011de   0x00000002   PAD
    0x080011e0   0x080011e0   0x00000008   Code   RO        11418    .text               c_w.l(libspace.o)
    0x080011e8   0x080011e8   0x00000008   Code   RO        11441    .text               c_w.l(rt_errno_addr_intlibspace.o)
    0x080011f0   0x080011f0   0x00000034   Code   RO        11447    .text               c_w.l(h1_extend.o)
    0x08001224   0x08001224   0x00000030   Code   RO        11451    .text               c_w.l(_fptrap.o)
    0x08001254   0x08001254   0x0000000e   Code   RO        11453    .text               c_w.l(defsig_rtmem_outer.o)
    0x08001262   0x08001262   0x00000002   Code   RO        11468    .text               c_w.l(use_no_semi.o)
    0x08001264   0x08001264   0x00000000   Code   RO        11470    .text               c_w.l(indicate_semi.o)
    0x08001264   0x08001264   0x0000004a   Code   RO        11471    .text               c_w.l(sys_stackheap_outer.o)
    0x080012ae   0x080012ae   0x00000012   Code   RO        11477    .text               c_w.l(exit.o)
    0x080012c0   0x080012c0   0x0000000a   Code   RO        11479    .text               c_w.l(defsig_exit.o)
    0x080012ca   0x080012ca   0x0000000e   Code   RO        11481    .text               c_w.l(defsig_fpe_outer.o)
    0x080012d8   0x080012d8   0x00000050   Code   RO        11485    .text               c_w.l(defsig_rtmem_inner.o)
    0x08001328   0x08001328   0x0000000c   Code   RO        11497    .text               c_w.l(sys_exit.o)
    0x08001334   0x08001334   0x00000032   Code   RO        11507    .text               c_w.l(defsig_general.o)
    0x08001366   0x08001366   0x00000002   PAD
    0x08001368   0x08001368   0x000000ac   Code   RO        11509    .text               c_w.l(defsig_fpe_inner.o)
    0x08001414   0x08001414   0x0000000e   Code   RO        11527    .text               c_w.l(sys_wrch.o)
    0x08001422   0x08001422   0x00000002   PAD
    0x08001424   0x08001424   0x00000014   Code   RO         3545    i.BMI088_ACCEL_NS_H  bmi088middleware.o
    0x08001438   0x08001438   0x00000014   Code   RO         3546    i.BMI088_ACCEL_NS_L  bmi088middleware.o
    0x0800144c   0x0800144c   0x00000014   Code   RO         3547    i.BMI088_GYRO_NS_H  bmi088middleware.o
    0x08001460   0x08001460   0x00000014   Code   RO         3548    i.BMI088_GYRO_NS_L  bmi088middleware.o
    0x08001474   0x08001474   0x0000027c   Code   RO         3464    i.BMI088_Read       bmi088driver.o
    0x080016f0   0x080016f0   0x00000098   Code   RO         3465    i.BMI088_init       bmi088driver.o
    0x08001788   0x08001788   0x00000026   Code   RO         3466    i.BMI088_read_muli_reg  bmi088driver.o
    0x080017ae   0x080017ae   0x00000018   Code   RO         3467    i.BMI088_read_single_reg  bmi088driver.o
    0x080017c6   0x080017c6   0x00000002   PAD
    0x080017c8   0x080017c8   0x00000024   Code   RO         3549    i.BMI088_read_write_byte  bmi088middleware.o
    0x080017ec   0x080017ec   0x00000014   Code   RO         3468    i.BMI088_write_single_reg  bmi088driver.o
    0x08001800   0x08001800   0x0000015a   Code   RO         2782    i.BodyFrameToEarthFrame  ins_task.o
    0x0800195a   0x0800195a   0x00000004   Code   RO         1360    i.BusFault_Handler  stm32f4xx_it.o
    0x0800195e   0x0800195e   0x00000002   PAD
    0x08001960   0x08001960   0x00000010   Code   RO         1361    i.CAN1_RX0_IRQHandler  stm32f4xx_it.o
    0x08001970   0x08001970   0x00000010   Code   RO         1362    i.CAN2_RX0_IRQHandler  stm32f4xx_it.o
    0x08001980   0x08001980   0x00000050   Code   RO         2237    i.CAN_cmd_chassis   can_receive.o
    0x080019d0   0x080019d0   0x00000050   Code   RO         2239    i.CAN_cmd_gimbal    can_receive.o
    0x08001a20   0x08001a20   0x0000000c   Code   RO         2240    i.CAN_receive_referee_data  can_receive.o
    0x08001a2c   0x08001a2c   0x00000044   Code   RO         1281    i.CDC_Control_FS    usbd_cdc_if.o
    0x08001a70   0x08001a70   0x00000004   Code   RO         1282    i.CDC_DeInit_FS     usbd_cdc_if.o
    0x08001a74   0x08001a74   0x00000024   Code   RO         1283    i.CDC_Init_FS       usbd_cdc_if.o
    0x08001a98   0x08001a98   0x00000030   Code   RO         1284    i.CDC_Receive_FS    usbd_cdc_if.o
    0x08001ac8   0x08001ac8   0x00000038   Code   RO         1285    i.CDC_Transmit_FS   usbd_cdc_if.o
    0x08001b00   0x08001b00   0x00000540   Code   RO         3469    i.Calibrate_MPU_Offset  bmi088driver.o
    0x08002040   0x08002040   0x00000034   Code   RO         5533    i.DMA_CalcBaseAndBitshift  stm32f4xx_hal_dma.o
    0x08002074   0x08002074   0x0000007e   Code   RO         5534    i.DMA_CheckFifoParam  stm32f4xx_hal_dma.o
    0x080020f2   0x080020f2   0x00000002   PAD
    0x080020f4   0x080020f4   0x00000030   Code   RO         1983    i.DWT_CNT_Update    bsp_dwt.o
    0x08002124   0x08002124   0x0000003c   Code   RO         1984    i.DWT_Delay         bsp_dwt.o
    0x08002160   0x08002160   0x0000004c   Code   RO         1985    i.DWT_GetDeltaT     bsp_dwt.o
    0x080021ac   0x080021ac   0x00000054   Code   RO         1988    i.DWT_GetTimeline_s  bsp_dwt.o
    0x08002200   0x08002200   0x00000068   Code   RO         1990    i.DWT_Init          bsp_dwt.o
    0x08002268   0x08002268   0x000000d0   Code   RO         1991    i.DWT_SysTimeUpdate  bsp_dwt.o
    0x08002338   0x08002338   0x00000002   Code   RO         1363    i.DebugMon_Handler  stm32f4xx_it.o
    0x0800233a   0x0800233a   0x0000000a   Code   RO         1364    i.EXTI0_IRQHandler  stm32f4xx_it.o
    0x08002344   0x08002344   0x0000000a   Code   RO         1365    i.EXTI3_IRQHandler  stm32f4xx_it.o
    0x0800234e   0x0800234e   0x0000000a   Code   RO         1366    i.EXTI4_IRQHandler  stm32f4xx_it.o
    0x08002358   0x08002358   0x0000000a   Code   RO         1367    i.EXTI9_5_IRQHandler  stm32f4xx_it.o
    0x08002362   0x08002362   0x0000015a   Code   RO         2783    i.EarthFrameToBodyFrame  ins_task.o
    0x080024bc   0x080024bc   0x00000002   Code   RO           13    i.Error_Handler     main.o
    0x080024be   0x080024be   0x00000002   PAD
    0x080024c0   0x080024c0   0x00000034   Code   RO         1191    i.Get_SerialNum     usbd_desc.o
    0x080024f4   0x080024f4   0x00000024   Code   RO         6199    i.HAL_CAN_ActivateNotification  stm32f4xx_hal_can.o
    0x08002518   0x08002518   0x00000104   Code   RO         6200    i.HAL_CAN_AddTxMessage  stm32f4xx_hal_can.o
    0x0800261c   0x0800261c   0x00000128   Code   RO         6201    i.HAL_CAN_ConfigFilter  stm32f4xx_hal_can.o
    0x08002744   0x08002744   0x00000002   Code   RO         6204    i.HAL_CAN_ErrorCallback  stm32f4xx_hal_can.o
    0x08002746   0x08002746   0x0000016c   Code   RO         6207    i.HAL_CAN_GetRxMessage  stm32f4xx_hal_can.o
    0x080028b2   0x080028b2   0x00000032   Code   RO         6209    i.HAL_CAN_GetTxMailboxesFreeLevel  stm32f4xx_hal_can.o
    0x080028e4   0x080028e4   0x00000234   Code   RO         6211    i.HAL_CAN_IRQHandler  stm32f4xx_hal_can.o
    0x08002b18   0x08002b18   0x00000168   Code   RO         6212    i.HAL_CAN_Init      stm32f4xx_hal_can.o
    0x08002c80   0x08002c80   0x00000160   Code   RO          570    i.HAL_CAN_MspInit   can.o
    0x08002de0   0x08002de0   0x00000002   Code   RO         6219    i.HAL_CAN_RxFifo0FullCallback  stm32f4xx_hal_can.o
    0x08002de2   0x08002de2   0x00000002   PAD
    0x08002de4   0x08002de4   0x000001ec   Code   RO         2241    i.HAL_CAN_RxFifo0MsgPendingCallback  can_receive.o
    0x08002fd0   0x08002fd0   0x00000002   Code   RO         6221    i.HAL_CAN_RxFifo1FullCallback  stm32f4xx_hal_can.o
    0x08002fd2   0x08002fd2   0x00000002   Code   RO         6222    i.HAL_CAN_RxFifo1MsgPendingCallback  stm32f4xx_hal_can.o
    0x08002fd4   0x08002fd4   0x00000002   Code   RO         6223    i.HAL_CAN_SleepCallback  stm32f4xx_hal_can.o
    0x08002fd6   0x08002fd6   0x00000064   Code   RO         6224    i.HAL_CAN_Start     stm32f4xx_hal_can.o
    0x0800303a   0x0800303a   0x00000002   Code   RO         6226    i.HAL_CAN_TxMailbox0AbortCallback  stm32f4xx_hal_can.o
    0x0800303c   0x0800303c   0x00000002   Code   RO         6227    i.HAL_CAN_TxMailbox0CompleteCallback  stm32f4xx_hal_can.o
    0x0800303e   0x0800303e   0x00000002   Code   RO         6228    i.HAL_CAN_TxMailbox1AbortCallback  stm32f4xx_hal_can.o
    0x08003040   0x08003040   0x00000002   Code   RO         6229    i.HAL_CAN_TxMailbox1CompleteCallback  stm32f4xx_hal_can.o
    0x08003042   0x08003042   0x00000002   Code   RO         6230    i.HAL_CAN_TxMailbox2AbortCallback  stm32f4xx_hal_can.o
    0x08003044   0x08003044   0x00000002   Code   RO         6231    i.HAL_CAN_TxMailbox2CompleteCallback  stm32f4xx_hal_can.o
    0x08003046   0x08003046   0x00000002   Code   RO         6233    i.HAL_CAN_WakeUpFromRxMsgCallback  stm32f4xx_hal_can.o
    0x08003048   0x08003048   0x00000028   Code   RO         6436    i.HAL_CRC_Init      stm32f4xx_hal_crc.o
    0x08003070   0x08003070   0x00000034   Code   RO          619    i.HAL_CRC_MspInit   crc.o
    0x080030a4   0x080030a4   0x00000024   Code   RO         5537    i.HAL_DMA_Abort_IT  stm32f4xx_hal_dma.o
    0x080030c8   0x080030c8   0x000000ec   Code   RO         5542    i.HAL_DMA_Init      stm32f4xx_hal_dma.o
    0x080031b4   0x080031b4   0x00000028   Code   RO         5950    i.HAL_Delay         stm32f4xx_hal.o
    0x080031dc   0x080031dc   0x00000002   Code   RO         5427    i.HAL_GPIO_EXTI_Callback  stm32f4xx_hal_gpio.o
    0x080031de   0x080031de   0x00000002   PAD
    0x080031e0   0x080031e0   0x00000018   Code   RO         5428    i.HAL_GPIO_EXTI_IRQHandler  stm32f4xx_hal_gpio.o
    0x080031f8   0x080031f8   0x0000021c   Code   RO         5429    i.HAL_GPIO_Init     stm32f4xx_hal_gpio.o
    0x08003414   0x08003414   0x0000000e   Code   RO         5433    i.HAL_GPIO_WritePin  stm32f4xx_hal_gpio.o
    0x08003422   0x08003422   0x00000002   PAD
    0x08003424   0x08003424   0x0000000c   Code   RO         5956    i.HAL_GetTick       stm32f4xx_hal.o
    0x08003430   0x08003430   0x00000198   Code   RO         6503    i.HAL_I2C_Init      stm32f4xx_hal_i2c.o
    0x080035c8   0x080035c8   0x000000c8   Code   RO          688    i.HAL_I2C_MspInit   i2c.o
    0x08003690   0x08003690   0x00000010   Code   RO         5962    i.HAL_IncTick       stm32f4xx_hal.o
    0x080036a0   0x080036a0   0x00000034   Code   RO         5963    i.HAL_Init          stm32f4xx_hal.o
    0x080036d4   0x080036d4   0x00000044   Code   RO         5964    i.HAL_InitTick      stm32f4xx_hal.o
    0x08003718   0x08003718   0x00000054   Code   RO         1514    i.HAL_MspInit       stm32f4xx_hal_msp.o
    0x0800376c   0x0800376c   0x0000001c   Code   RO         5818    i.HAL_NVIC_EnableIRQ  stm32f4xx_hal_cortex.o
    0x08003788   0x08003788   0x00000068   Code   RO         5824    i.HAL_NVIC_SetPriority  stm32f4xx_hal_cortex.o
    0x080037f0   0x080037f0   0x00000024   Code   RO         5825    i.HAL_NVIC_SetPriorityGrouping  stm32f4xx_hal_cortex.o
    0x08003814   0x08003814   0x00000002   Code   RO         4682    i.HAL_PCDEx_LPM_Callback  stm32f4xx_hal_pcd_ex.o
    0x08003816   0x08003816   0x00000008   Code   RO         4683    i.HAL_PCDEx_SetRxFiFo  stm32f4xx_hal_pcd_ex.o
    0x0800381e   0x0800381e   0x0000004a   Code   RO         4684    i.HAL_PCDEx_SetTxFiFo  stm32f4xx_hal_pcd_ex.o
    0x08003868   0x08003868   0x0000000e   Code   RO          996    i.HAL_PCD_ConnectCallback  usbd_conf.o
    0x08003876   0x08003876   0x00000020   Code   RO          997    i.HAL_PCD_DataInStageCallback  usbd_conf.o
    0x08003896   0x08003896   0x00000020   Code   RO          998    i.HAL_PCD_DataOutStageCallback  usbd_conf.o
    0x080038b6   0x080038b6   0x0000000e   Code   RO          999    i.HAL_PCD_DisconnectCallback  usbd_conf.o
    0x080038c4   0x080038c4   0x0000004a   Code   RO         4465    i.HAL_PCD_EP_Close  stm32f4xx_hal_pcd.o
    0x0800390e   0x0800390e   0x0000005c   Code   RO         4466    i.HAL_PCD_EP_ClrStall  stm32f4xx_hal_pcd.o
    0x0800396a   0x0800396a   0x00000012   Code   RO         4468    i.HAL_PCD_EP_GetRxCount  stm32f4xx_hal_pcd.o
    0x0800397c   0x0800397c   0x0000005c   Code   RO         4469    i.HAL_PCD_EP_Open   stm32f4xx_hal_pcd.o
    0x080039d8   0x080039d8   0x00000046   Code   RO         4470    i.HAL_PCD_EP_Receive  stm32f4xx_hal_pcd.o
    0x08003a1e   0x08003a1e   0x00000074   Code   RO         4471    i.HAL_PCD_EP_SetStall  stm32f4xx_hal_pcd.o
    0x08003a92   0x08003a92   0x00000046   Code   RO         4472    i.HAL_PCD_EP_Transmit  stm32f4xx_hal_pcd.o
    0x08003ad8   0x08003ad8   0x0000042e   Code   RO         4474    i.HAL_PCD_IRQHandler  stm32f4xx_hal_pcd.o
    0x08003f06   0x08003f06   0x00000012   Code   RO         1000    i.HAL_PCD_ISOINIncompleteCallback  usbd_conf.o
    0x08003f18   0x08003f18   0x00000012   Code   RO         1001    i.HAL_PCD_ISOOUTIncompleteCallback  usbd_conf.o
    0x08003f2a   0x08003f2a   0x00000140   Code   RO         4477    i.HAL_PCD_Init      stm32f4xx_hal_pcd.o
    0x0800406a   0x0800406a   0x00000002   PAD
    0x0800406c   0x0800406c   0x000000a8   Code   RO         1003    i.HAL_PCD_MspInit   usbd_conf.o
    0x08004114   0x08004114   0x00000030   Code   RO         1004    i.HAL_PCD_ResetCallback  usbd_conf.o
    0x08004144   0x08004144   0x0000000e   Code   RO         1005    i.HAL_PCD_ResumeCallback  usbd_conf.o
    0x08004152   0x08004152   0x0000000e   Code   RO         1006    i.HAL_PCD_SOFCallback  usbd_conf.o
    0x08004160   0x08004160   0x00000028   Code   RO         4483    i.HAL_PCD_SetAddress  stm32f4xx_hal_pcd.o
    0x08004188   0x08004188   0x00000012   Code   RO         1007    i.HAL_PCD_SetupStageCallback  usbd_conf.o
    0x0800419a   0x0800419a   0x00000042   Code   RO         4485    i.HAL_PCD_Start     stm32f4xx_hal_pcd.o
    0x080041dc   0x080041dc   0x00000034   Code   RO         1008    i.HAL_PCD_SuspendCallback  usbd_conf.o
    0x08004210   0x08004210   0x0000017c   Code   RO         5135    i.HAL_RCCEx_PeriphCLKConfig  stm32f4xx_hal_rcc_ex.o
    0x0800438c   0x0800438c   0x00000174   Code   RO         5030    i.HAL_RCC_ClockConfig  stm32f4xx_hal_rcc.o
    0x08004500   0x08004500   0x0000000c   Code   RO         5035    i.HAL_RCC_GetHCLKFreq  stm32f4xx_hal_rcc.o
    0x0800450c   0x0800450c   0x00000020   Code   RO         5037    i.HAL_RCC_GetPCLK1Freq  stm32f4xx_hal_rcc.o
    0x0800452c   0x0800452c   0x00000020   Code   RO         5038    i.HAL_RCC_GetPCLK2Freq  stm32f4xx_hal_rcc.o
    0x0800454c   0x0800454c   0x00000070   Code   RO         5039    i.HAL_RCC_GetSysClockFreq  stm32f4xx_hal_rcc.o
    0x080045bc   0x080045bc   0x00000436   Code   RO         5042    i.HAL_RCC_OscConfig  stm32f4xx_hal_rcc.o
    0x080049f2   0x080049f2   0x000000ba   Code   RO         6980    i.HAL_RTC_Init      stm32f4xx_hal_rtc.o
    0x08004aac   0x08004aac   0x00000018   Code   RO          730    i.HAL_RTC_MspInit   rtc.o
    0x08004ac4   0x08004ac4   0x0000003c   Code   RO         6988    i.HAL_RTC_WaitForSynchro  stm32f4xx_hal_rtc.o
    0x08004b00   0x08004b00   0x00000082   Code   RO         7349    i.HAL_SPI_Init      stm32f4xx_hal_spi.o
    0x08004b82   0x08004b82   0x00000002   PAD
    0x08004b84   0x08004b84   0x00000158   Code   RO          772    i.HAL_SPI_MspInit   spi.o
    0x08004cdc   0x08004cdc   0x000001f8   Code   RO         7358    i.HAL_SPI_TransmitReceive  stm32f4xx_hal_spi.o
    0x08004ed4   0x08004ed4   0x00000028   Code   RO         5829    i.HAL_SYSTICK_Config  stm32f4xx_hal_cortex.o
    0x08004efc   0x08004efc   0x00000066   Code   RO         8351    i.HAL_TIMEx_ConfigBreakDeadTime  stm32f4xx_hal_tim_ex.o
    0x08004f62   0x08004f62   0x0000004e   Code   RO         8366    i.HAL_TIMEx_MasterConfigSynchronization  stm32f4xx_hal_tim_ex.o
    0x08004fb0   0x08004fb0   0x00000038   Code   RO         7662    i.HAL_TIM_Base_Init  stm32f4xx_hal_tim.o
    0x08004fe8   0x08004fe8   0x0000011c   Code   RO          814    i.HAL_TIM_Base_MspInit  tim.o
    0x08005104   0x08005104   0x00000024   Code   RO         7665    i.HAL_TIM_Base_Start  stm32f4xx_hal_tim.o
    0x08005128   0x08005128   0x000000e4   Code   RO         7671    i.HAL_TIM_ConfigClockSource  stm32f4xx_hal_tim.o
    0x0800520c   0x0800520c   0x00000270   Code   RO          815    i.HAL_TIM_MspPostInit  tim.o
    0x0800547c   0x0800547c   0x000000dc   Code   RO         7729    i.HAL_TIM_PWM_ConfigChannel  stm32f4xx_hal_tim.o
    0x08005558   0x08005558   0x00000038   Code   RO         7732    i.HAL_TIM_PWM_Init  stm32f4xx_hal_tim.o
    0x08005590   0x08005590   0x00000002   Code   RO         7734    i.HAL_TIM_PWM_MspInit  stm32f4xx_hal_tim.o
    0x08005592   0x08005592   0x00000042   Code   RO         7737    i.HAL_TIM_PWM_Start  stm32f4xx_hal_tim.o
    0x080055d4   0x080055d4   0x00000002   Code   RO         8620    i.HAL_UART_ErrorCallback  stm32f4xx_hal_uart.o
    0x080055d6   0x080055d6   0x00000002   PAD
    0x080055d8   0x080055d8   0x00000138   Code   RO         8623    i.HAL_UART_IRQHandler  stm32f4xx_hal_uart.o
    0x08005710   0x08005710   0x00000064   Code   RO         8624    i.HAL_UART_Init     stm32f4xx_hal_uart.o
    0x08005774   0x08005774   0x000001a8   Code   RO          892    i.HAL_UART_MspInit  usart.o
    0x0800591c   0x0800591c   0x00000002   Code   RO         8630    i.HAL_UART_RxCpltCallback  stm32f4xx_hal_uart.o
    0x0800591e   0x0800591e   0x000000dc   Code   RO         8632    i.HAL_UART_Transmit  stm32f4xx_hal_uart.o
    0x080059fa   0x080059fa   0x00000002   Code   RO         8635    i.HAL_UART_TxCpltCallback  stm32f4xx_hal_uart.o
    0x080059fc   0x080059fc   0x00000130   Code   RO         3737    i.H_K_R_Adjustment  kalman_filter.o
    0x08005b2c   0x08005b2c   0x00000004   Code   RO         1368    i.HardFault_Handler  stm32f4xx_it.o
    0x08005b30   0x08005b30   0x00000374   Code   RO         2785    i.IMU_Param_Correction  ins_task.o
    0x08005ea4   0x08005ea4   0x00000238   Code   RO         3823    i.IMU_QuaternionEKF_F_Linearization_P_Fading  quaternionekf.o
    0x080060dc   0x080060dc   0x00000120   Code   RO         3824    i.IMU_QuaternionEKF_Init  quaternionekf.o
    0x080061fc   0x080061fc   0x00000034   Code   RO         3825    i.IMU_QuaternionEKF_Observe  quaternionekf.o
    0x08006230   0x08006230   0x00000128   Code   RO         3826    i.IMU_QuaternionEKF_SetH  quaternionekf.o
    0x08006358   0x08006358   0x00000634   Code   RO         3827    i.IMU_QuaternionEKF_Update  quaternionekf.o
    0x0800698c   0x0800698c   0x00000520   Code   RO         3828    i.IMU_QuaternionEKF_xhatUpdate  quaternionekf.o
    0x08006eac   0x08006eac   0x00000074   Code   RO         2786    i.IMU_Temperature_Ctrl  ins_task.o
    0x08006f20   0x08006f20   0x000000c4   Code   RO         2787    i.INS_Init          ins_task.o
    0x08006fe4   0x08006fe4   0x00000298   Code   RO         2788    i.INS_Task          ins_task.o
    0x0800727c   0x0800727c   0x0000003e   Code   RO         1192    i.IntToUnicode      usbd_desc.o
    0x080072ba   0x080072ba   0x00000002   PAD
    0x080072bc   0x080072bc   0x0000070c   Code   RO         3738    i.Kalman_Filter_Init  kalman_filter.o
    0x080079c8   0x080079c8   0x00000050   Code   RO         3739    i.Kalman_Filter_Measure  kalman_filter.o
    0x08007a18   0x08007a18   0x00000068   Code   RO         3740    i.Kalman_Filter_P_Update  kalman_filter.o
    0x08007a80   0x08007a80   0x00000068   Code   RO         3741    i.Kalman_Filter_PminusUpdate  kalman_filter.o
    0x08007ae8   0x08007ae8   0x000000d2   Code   RO         3742    i.Kalman_Filter_SetK  kalman_filter.o
    0x08007bba   0x08007bba   0x00000002   PAD
    0x08007bbc   0x08007bbc   0x00000128   Code   RO         3743    i.Kalman_Filter_Update  kalman_filter.o
    0x08007ce4   0x08007ce4   0x0000007c   Code   RO         3744    i.Kalman_Filter_xhatMinusUpdate  kalman_filter.o
    0x08007d60   0x08007d60   0x00000086   Code   RO         3745    i.Kalman_Filter_xhatUpdate  kalman_filter.o
    0x08007de6   0x08007de6   0x00000002   PAD
    0x08007de8   0x08007de8   0x00000084   Code   RO         3238    i.MXY_TIM4_Init     buzzer_tim_init.o
    0x08007e6c   0x08007e6c   0x00000044   Code   RO          571    i.MX_CAN1_Init      can.o
    0x08007eb0   0x08007eb0   0x00000044   Code   RO          572    i.MX_CAN2_Init      can.o
    0x08007ef4   0x08007ef4   0x00000020   Code   RO          620    i.MX_CRC_Init       crc.o
    0x08007f14   0x08007f14   0x00000078   Code   RO          660    i.MX_DMA_Init       dma.o
    0x08007f8c   0x08007f8c   0x00000108   Code   RO          484    i.MX_FREERTOS_Init  freertos.o
    0x08008094   0x08008094   0x00000214   Code   RO          338    i.MX_GPIO_Init      gpio.o
    0x080082a8   0x080082a8   0x0000003c   Code   RO          689    i.MX_I2C3_Init      i2c.o
    0x080082e4   0x080082e4   0x00000034   Code   RO          731    i.MX_RTC_Init       rtc.o
    0x08008318   0x08008318   0x00000048   Code   RO          773    i.MX_SPI1_Init      spi.o
    0x08008360   0x08008360   0x0000006c   Code   RO          816    i.MX_TIM10_Init     tim.o
    0x080083cc   0x080083cc   0x0000010c   Code   RO          817    i.MX_TIM1_Init      tim.o
    0x080084d8   0x080084d8   0x000000a4   Code   RO          818    i.MX_TIM3_Init      tim.o
    0x0800857c   0x0800857c   0x0000006c   Code   RO          819    i.MX_TIM4_Init      tim.o
    0x080085e8   0x080085e8   0x000000c4   Code   RO          820    i.MX_TIM5_Init      tim.o
    0x080086ac   0x080086ac   0x000000ec   Code   RO          821    i.MX_TIM8_Init      tim.o
    0x08008798   0x08008798   0x00000038   Code   RO          893    i.MX_USART1_UART_Init  usart.o
    0x080087d0   0x080087d0   0x0000003c   Code   RO          894    i.MX_USART3_UART_Init  usart.o
    0x0800880c   0x0800880c   0x0000004c   Code   RO          939    i.MX_USB_DEVICE_Init  usb_device.o
    0x08008858   0x08008858   0x00000004   Code   RO         1369    i.MemManage_Handler  stm32f4xx_it.o
    0x0800885c   0x0800885c   0x00000002   Code   RO         1370    i.NMI_Handler       stm32f4xx_it.o
    0x0800885e   0x0800885e   0x00000002   PAD
    0x08008860   0x08008860   0x0000024c   Code   RO         4192    i.OLS_Derivative    user_lib.o
    0x08008aac   0x08008aac   0x00000058   Code   RO         4193    i.OLS_Init          user_lib.o
    0x08008b04   0x08008b04   0x00000010   Code   RO         1371    i.OTG_FS_IRQHandler  stm32f4xx_it.o
    0x08008b14   0x08008b14   0x00000068   Code   RO         4488    i.PCD_EP_OutSetupPacket_int  stm32f4xx_hal_pcd.o
    0x08008b7c   0x08008b7c   0x000000f0   Code   RO         4489    i.PCD_EP_OutXfrComplete_int  stm32f4xx_hal_pcd.o
    0x08008c6c   0x08008c6c   0x000000a2   Code   RO         4490    i.PCD_WriteEmptyTxFifo  stm32f4xx_hal_pcd.o
    0x08008d0e   0x08008d0e   0x000002d0   Code   RO         3897    i.PID_Calculate     controller.o
    0x08008fde   0x08008fde   0x00000002   PAD
    0x08008fe0   0x08008fe0   0x000000bc   Code   RO         3898    i.PID_Init          controller.o
    0x0800909c   0x0800909c   0x000001f0   Code   RO         4410    i.PID_calc          pid.o
    0x0800928c   0x0800928c   0x00000060   Code   RO         4412    i.PID_init          pid.o
    0x080092ec   0x080092ec   0x0000009c   Code   RO         1875    i.RC_Init           bsp_rc.o
    0x08009388   0x08009388   0x00000042   Code   RO         6991    i.RTC_EnterInitMode  stm32f4xx_hal_rtc.o
    0x080093ca   0x080093ca   0x00000002   PAD
    0x080093cc   0x080093cc   0x00000064   Code   RO         7387    i.SPI_EndRxTxTransaction  stm32f4xx_hal_spi.o
    0x08009430   0x08009430   0x000000a6   Code   RO         7392    i.SPI_WaitFlagStateUntilTimeout  stm32f4xx_hal_spi.o
    0x080094d6   0x080094d6   0x0000000e   Code   RO         3162    i.Self_aim_task     self_aim.o
    0x080094e4   0x080094e4   0x00000014   Code   RO         1372    i.SysTick_Handler   stm32f4xx_it.o
    0x080094f8   0x080094f8   0x000000d4   Code   RO           14    i.SystemClock_Config  main.o
    0x080095cc   0x080095cc   0x00000064   Code   RO         1539    i.SystemInit        system_stm32f4xx.o
    0x08009630   0x08009630   0x00000034   Code   RO         3239    i.TIM_Base_Init_buzzer  buzzer_tim_init.o
    0x08009664   0x08009664   0x00000034   Code   RO         3241    i.TIM_Base_MspInit_buzzer  buzzer_tim_init.o
    0x08009698   0x08009698   0x000000cc   Code   RO         7750    i.TIM_Base_SetConfig  stm32f4xx_hal_tim.o
    0x08009764   0x08009764   0x0000001e   Code   RO         7751    i.TIM_CCxChannelCmd  stm32f4xx_hal_tim.o
    0x08009782   0x08009782   0x00000016   Code   RO         7761    i.TIM_ETR_SetConfig  stm32f4xx_hal_tim.o
    0x08009798   0x08009798   0x00000010   Code   RO         7762    i.TIM_ITRx_SetConfig  stm32f4xx_hal_tim.o
    0x080097a8   0x080097a8   0x00000078   Code   RO         3242    i.TIM_MspPostInit_buzzer  buzzer_tim_init.o
    0x08009820   0x08009820   0x00000070   Code   RO         7763    i.TIM_OC1_SetConfig  stm32f4xx_hal_tim.o
    0x08009890   0x08009890   0x00000078   Code   RO         7764    i.TIM_OC2_SetConfig  stm32f4xx_hal_tim.o
    0x08009908   0x08009908   0x00000078   Code   RO         7765    i.TIM_OC3_SetConfig  stm32f4xx_hal_tim.o
    0x08009980   0x08009980   0x00000058   Code   RO         7766    i.TIM_OC4_SetConfig  stm32f4xx_hal_tim.o
    0x080099d8   0x080099d8   0x0000003a   Code   RO         2060    i.TIM_Set_PWM       bsp_pwm.o
    0x08009a12   0x08009a12   0x00000026   Code   RO         7768    i.TIM_TI1_ConfigInputStage  stm32f4xx_hal_tim.o
    0x08009a38   0x08009a38   0x00000024   Code   RO         7770    i.TIM_TI2_ConfigInputStage  stm32f4xx_hal_tim.o
    0x08009a5c   0x08009a5c   0x00000010   Code   RO         8637    i.UART_DMAAbortOnError  stm32f4xx_hal_uart.o
    0x08009a6c   0x08009a6c   0x0000001c   Code   RO         8647    i.UART_EndRxTransfer  stm32f4xx_hal_uart.o
    0x08009a88   0x08009a88   0x0000001a   Code   RO         8648    i.UART_EndTransmit_IT  stm32f4xx_hal_uart.o
    0x08009aa2   0x08009aa2   0x0000009c   Code   RO         8650    i.UART_Receive_IT   stm32f4xx_hal_uart.o
    0x08009b3e   0x08009b3e   0x00000002   PAD
    0x08009b40   0x08009b40   0x00000340   Code   RO         8651    i.UART_SetConfig    stm32f4xx_hal_uart.o
    0x08009e80   0x08009e80   0x00000066   Code   RO         8652    i.UART_Transmit_IT  stm32f4xx_hal_uart.o
    0x08009ee6   0x08009ee6   0x00000078   Code   RO         8653    i.UART_WaitOnFlagUntilTimeout  stm32f4xx_hal_uart.o
    0x08009f5e   0x08009f5e   0x00000002   PAD
    0x08009f60   0x08009f60   0x00000010   Code   RO         1373    i.USART1_IRQHandler  stm32f4xx_it.o
    0x08009f70   0x08009f70   0x0000003c   Code   RO         3163    i.USART1_SEND       self_aim.o
    0x08009fac   0x08009fac   0x00000164   Code   RO         3393    i.USART3_IRQHandler  vt13_control.o
    0x0800a110   0x0800a110   0x0000004c   Code   RO        10707    i.USBD_CDC_DataIn   usbd_cdc.o
    0x0800a15c   0x0800a15c   0x00000030   Code   RO        10708    i.USBD_CDC_DataOut  usbd_cdc.o
    0x0800a18c   0x0800a18c   0x00000046   Code   RO        10709    i.USBD_CDC_DeInit   usbd_cdc.o
    0x0800a1d2   0x0800a1d2   0x0000002a   Code   RO        10710    i.USBD_CDC_EP0_RxReady  usbd_cdc.o
    0x0800a1fc   0x0800a1fc   0x0000000c   Code   RO        10711    i.USBD_CDC_GetDeviceQualifierDescriptor  usbd_cdc.o
    0x0800a208   0x0800a208   0x0000000c   Code   RO        10712    i.USBD_CDC_GetFSCfgDesc  usbd_cdc.o
    0x0800a214   0x0800a214   0x0000000c   Code   RO        10713    i.USBD_CDC_GetHSCfgDesc  usbd_cdc.o
    0x0800a220   0x0800a220   0x0000000c   Code   RO        10714    i.USBD_CDC_GetOtherSpeedCfgDesc  usbd_cdc.o
    0x0800a22c   0x0800a22c   0x000000ac   Code   RO        10715    i.USBD_CDC_Init     usbd_cdc.o
    0x0800a2d8   0x0800a2d8   0x00000032   Code   RO        10716    i.USBD_CDC_ReceivePacket  usbd_cdc.o
    0x0800a30a   0x0800a30a   0x00000010   Code   RO        10717    i.USBD_CDC_RegisterInterface  usbd_cdc.o
    0x0800a31a   0x0800a31a   0x0000000c   Code   RO        10718    i.USBD_CDC_SetRxBuffer  usbd_cdc.o
    0x0800a326   0x0800a326   0x00000010   Code   RO        10719    i.USBD_CDC_SetTxBuffer  usbd_cdc.o
    0x0800a336   0x0800a336   0x000000e6   Code   RO        10720    i.USBD_CDC_Setup    usbd_cdc.o
    0x0800a41c   0x0800a41c   0x00000038   Code   RO        10721    i.USBD_CDC_TransmitPacket  usbd_cdc.o
    0x0800a454   0x0800a454   0x0000000e   Code   RO        10414    i.USBD_ClrClassConfig  usbd_core.o
    0x0800a462   0x0800a462   0x00000026   Code   RO        10552    i.USBD_ClrFeature   usbd_ctlreq.o
    0x0800a488   0x0800a488   0x00000010   Code   RO        10647    i.USBD_CtlContinueRx  usbd_ioreq.o
    0x0800a498   0x0800a498   0x00000010   Code   RO        10648    i.USBD_CtlContinueSendData  usbd_ioreq.o
    0x0800a4a8   0x0800a4a8   0x00000018   Code   RO        10553    i.USBD_CtlError     usbd_ctlreq.o
    0x0800a4c0   0x0800a4c0   0x0000001e   Code   RO        10649    i.USBD_CtlPrepareRx  usbd_ioreq.o
    0x0800a4de   0x0800a4de   0x00000016   Code   RO        10650    i.USBD_CtlReceiveStatus  usbd_ioreq.o
    0x0800a4f4   0x0800a4f4   0x0000001a   Code   RO        10651    i.USBD_CtlSendData  usbd_ioreq.o
    0x0800a50e   0x0800a50e   0x00000016   Code   RO        10652    i.USBD_CtlSendStatus  usbd_ioreq.o
    0x0800a524   0x0800a524   0x00000034   Code   RO         1193    i.USBD_FS_ConfigStrDescriptor  usbd_desc.o
    0x0800a558   0x0800a558   0x00000010   Code   RO         1194    i.USBD_FS_DeviceDescriptor  usbd_desc.o
    0x0800a568   0x0800a568   0x00000038   Code   RO         1195    i.USBD_FS_InterfaceStrDescriptor  usbd_desc.o
    0x0800a5a0   0x0800a5a0   0x00000010   Code   RO         1196    i.USBD_FS_LangIDStrDescriptor  usbd_desc.o
    0x0800a5b0   0x0800a5b0   0x0000002c   Code   RO         1197    i.USBD_FS_ManufacturerStrDescriptor  usbd_desc.o
    0x0800a5dc   0x0800a5dc   0x00000040   Code   RO         1198    i.USBD_FS_ProductStrDescriptor  usbd_desc.o
    0x0800a61c   0x0800a61c   0x00000018   Code   RO         1199    i.USBD_FS_SerialStrDescriptor  usbd_desc.o
    0x0800a634   0x0800a634   0x00000034   Code   RO        10554    i.USBD_GetConfig    usbd_ctlreq.o
    0x0800a668   0x0800a668   0x00000136   Code   RO        10555    i.USBD_GetDescriptor  usbd_ctlreq.o
    0x0800a79e   0x0800a79e   0x00000018   Code   RO        10556    i.USBD_GetLen       usbd_ctlreq.o
    0x0800a7b6   0x0800a7b6   0x00000036   Code   RO        10557    i.USBD_GetStatus    usbd_ctlreq.o
    0x0800a7ec   0x0800a7ec   0x00000044   Code   RO        10558    i.USBD_GetString    usbd_ctlreq.o
    0x0800a830   0x0800a830   0x0000002c   Code   RO         1009    i.USBD_Get_USB_Status  usbd_conf.o
    0x0800a85c   0x0800a85c   0x0000002c   Code   RO        10416    i.USBD_Init         usbd_core.o
    0x0800a888   0x0800a888   0x00000026   Code   RO         1010    i.USBD_LL_ClearStallEP  usbd_conf.o
    0x0800a8ae   0x0800a8ae   0x00000026   Code   RO         1011    i.USBD_LL_CloseEP   usbd_conf.o
    0x0800a8d4   0x0800a8d4   0x000000d6   Code   RO        10417    i.USBD_LL_DataInStage  usbd_core.o
    0x0800a9aa   0x0800a9aa   0x0000008a   Code   RO        10418    i.USBD_LL_DataOutStage  usbd_core.o
    0x0800aa34   0x0800aa34   0x00000004   Code   RO        10419    i.USBD_LL_DevConnected  usbd_core.o
    0x0800aa38   0x0800aa38   0x00000016   Code   RO        10420    i.USBD_LL_DevDisconnected  usbd_core.o
    0x0800aa4e   0x0800aa4e   0x00000012   Code   RO         1015    i.USBD_LL_GetRxDataSize  usbd_conf.o
    0x0800aa60   0x0800aa60   0x00000068   Code   RO         1016    i.USBD_LL_Init      usbd_conf.o
    0x0800aac8   0x0800aac8   0x00000038   Code   RO         1017    i.USBD_LL_IsStallEP  usbd_conf.o
    0x0800ab00   0x0800ab00   0x00000004   Code   RO        10421    i.USBD_LL_IsoINIncomplete  usbd_core.o
    0x0800ab04   0x0800ab04   0x00000004   Code   RO        10422    i.USBD_LL_IsoOUTIncomplete  usbd_core.o
    0x0800ab08   0x0800ab08   0x00000030   Code   RO         1018    i.USBD_LL_OpenEP    usbd_conf.o
    0x0800ab38   0x0800ab38   0x00000030   Code   RO         1019    i.USBD_LL_PrepareReceive  usbd_conf.o
    0x0800ab68   0x0800ab68   0x00000052   Code   RO        10423    i.USBD_LL_Reset     usbd_core.o
    0x0800abba   0x0800abba   0x0000000c   Code   RO        10424    i.USBD_LL_Resume    usbd_core.o
    0x0800abc6   0x0800abc6   0x00000018   Code   RO        10425    i.USBD_LL_SOF       usbd_core.o
    0x0800abde   0x0800abde   0x00000006   Code   RO        10426    i.USBD_LL_SetSpeed  usbd_core.o
    0x0800abe4   0x0800abe4   0x00000026   Code   RO         1020    i.USBD_LL_SetUSBAddress  usbd_conf.o
    0x0800ac0a   0x0800ac0a   0x0000005e   Code   RO        10427    i.USBD_LL_SetupStage  usbd_core.o
    0x0800ac68   0x0800ac68   0x00000026   Code   RO         1021    i.USBD_LL_StallEP   usbd_conf.o
    0x0800ac8e   0x0800ac8e   0x0000001e   Code   RO         1022    i.USBD_LL_Start     usbd_conf.o
    0x0800acac   0x0800acac   0x00000012   Code   RO        10428    i.USBD_LL_Suspend   usbd_core.o
    0x0800acbe   0x0800acbe   0x00000030   Code   RO         1024    i.USBD_LL_Transmit  usbd_conf.o
    0x0800acee   0x0800acee   0x00000028   Code   RO        10559    i.USBD_ParseSetupRequest  usbd_ctlreq.o
    0x0800ad16   0x0800ad16   0x00000012   Code   RO        10429    i.USBD_RegisterClass  usbd_core.o
    0x0800ad28   0x0800ad28   0x00000004   Code   RO        10430    i.USBD_RunTestMode  usbd_core.o
    0x0800ad2c   0x0800ad2c   0x00000058   Code   RO        10560    i.USBD_SetAddress   usbd_ctlreq.o
    0x0800ad84   0x0800ad84   0x00000018   Code   RO        10431    i.USBD_SetClassConfig  usbd_core.o
    0x0800ad9c   0x0800ad9c   0x000000cc   Code   RO        10561    i.USBD_SetConfig    usbd_ctlreq.o
    0x0800ae68   0x0800ae68   0x00000010   Code   RO        10562    i.USBD_SetFeature   usbd_ctlreq.o
    0x0800ae78   0x0800ae78   0x0000000a   Code   RO        10432    i.USBD_Start        usbd_core.o
    0x0800ae82   0x0800ae82   0x00000080   Code   RO        10563    i.USBD_StdDevReq    usbd_ctlreq.o
    0x0800af02   0x0800af02   0x000001f0   Code   RO        10564    i.USBD_StdEPReq     usbd_ctlreq.o
    0x0800b0f2   0x0800b0f2   0x0000006a   Code   RO        10565    i.USBD_StdItfReq    usbd_ctlreq.o
    0x0800b15c   0x0800b15c   0x0000009c   Code   RO         4724    i.USB_ActivateEndpoint  stm32f4xx_ll_usb.o
    0x0800b1f8   0x0800b1f8   0x00000034   Code   RO         4726    i.USB_ActivateSetup  stm32f4xx_ll_usb.o
    0x0800b22c   0x0800b22c   0x0000007e   Code   RO         4728    i.USB_CoreInit      stm32f4xx_ll_usb.o
    0x0800b2aa   0x0800b2aa   0x00000002   PAD
    0x0800b2ac   0x0800b2ac   0x0000003c   Code   RO         4729    i.USB_CoreReset     stm32f4xx_ll_usb.o
    0x0800b2e8   0x0800b2e8   0x00000090   Code   RO         4732    i.USB_DeactivateEndpoint  stm32f4xx_ll_usb.o
    0x0800b378   0x0800b378   0x00000018   Code   RO         4733    i.USB_DevConnect    stm32f4xx_ll_usb.o
    0x0800b390   0x0800b390   0x00000018   Code   RO         4734    i.USB_DevDisconnect  stm32f4xx_ll_usb.o
    0x0800b3a8   0x0800b3a8   0x0000018c   Code   RO         4735    i.USB_DevInit       stm32f4xx_ll_usb.o
    0x0800b534   0x0800b534   0x0000000c   Code   RO         4736    i.USB_DisableGlobalInt  stm32f4xx_ll_usb.o
    0x0800b540   0x0800b540   0x0000012a   Code   RO         4739    i.USB_EP0StartXfer  stm32f4xx_ll_usb.o
    0x0800b66a   0x0800b66a   0x00000002   PAD
    0x0800b66c   0x0800b66c   0x00000060   Code   RO         4740    i.USB_EP0_OutStart  stm32f4xx_ll_usb.o
    0x0800b6cc   0x0800b6cc   0x00000058   Code   RO         4741    i.USB_EPClearStall  stm32f4xx_ll_usb.o
    0x0800b724   0x0800b724   0x0000005e   Code   RO         4742    i.USB_EPSetStall    stm32f4xx_ll_usb.o
    0x0800b782   0x0800b782   0x00000228   Code   RO         4743    i.USB_EPStartXfer   stm32f4xx_ll_usb.o
    0x0800b9aa   0x0800b9aa   0x0000000c   Code   RO         4744    i.USB_EnableGlobalInt  stm32f4xx_ll_usb.o
    0x0800b9b6   0x0800b9b6   0x00000002   PAD
    0x0800b9b8   0x0800b9b8   0x00000024   Code   RO         4745    i.USB_FlushRxFifo   stm32f4xx_ll_usb.o
    0x0800b9dc   0x0800b9dc   0x00000028   Code   RO         4746    i.USB_FlushTxFifo   stm32f4xx_ll_usb.o
    0x0800ba04   0x0800ba04   0x00000020   Code   RO         4748    i.USB_GetDevSpeed   stm32f4xx_ll_usb.o
    0x0800ba24   0x0800ba24   0x00000008   Code   RO         4750    i.USB_GetMode       stm32f4xx_ll_usb.o
    0x0800ba2c   0x0800ba2c   0x0000000e   Code   RO         4757    i.USB_ReadDevAllInEpInterrupt  stm32f4xx_ll_usb.o
    0x0800ba3a   0x0800ba3a   0x0000000e   Code   RO         4758    i.USB_ReadDevAllOutEpInterrupt  stm32f4xx_ll_usb.o
    0x0800ba48   0x0800ba48   0x00000024   Code   RO         4759    i.USB_ReadDevInEPInterrupt  stm32f4xx_ll_usb.o
    0x0800ba6c   0x0800ba6c   0x00000010   Code   RO         4760    i.USB_ReadDevOutEPInterrupt  stm32f4xx_ll_usb.o
    0x0800ba7c   0x0800ba7c   0x00000008   Code   RO         4761    i.USB_ReadInterrupts  stm32f4xx_ll_usb.o
    0x0800ba84   0x0800ba84   0x00000024   Code   RO         4762    i.USB_ReadPacket    stm32f4xx_ll_usb.o
    0x0800baa8   0x0800baa8   0x00000030   Code   RO         4764    i.USB_SetCurrentMode  stm32f4xx_ll_usb.o
    0x0800bad8   0x0800bad8   0x00000022   Code   RO         4765    i.USB_SetDevAddress  stm32f4xx_ll_usb.o
    0x0800bafa   0x0800bafa   0x0000000e   Code   RO         4766    i.USB_SetDevSpeed   stm32f4xx_ll_usb.o
    0x0800bb08   0x0800bb08   0x000000f4   Code   RO         4767    i.USB_SetTurnaroundTime  stm32f4xx_ll_usb.o
    0x0800bbfc   0x0800bbfc   0x00000030   Code   RO         4770    i.USB_WritePacket   stm32f4xx_ll_usb.o
    0x0800bc2c   0x0800bc2c   0x00000004   Code   RO         1374    i.UsageFault_Handler  stm32f4xx_it.o
    0x0800bc30   0x0800bc30   0x00000026   Code   RO        11397    i.__ARM_fpclassifyf  m_wm.l(fpclassifyf.o)
    0x0800bc56   0x0800bc56   0x00000002   PAD
    0x0800bc58   0x0800bc58   0x00000118   Code   RO        11221    i.__hardfp_acosf    m_wm.l(acosf.o)
    0x0800bd70   0x0800bd70   0x0000012c   Code   RO        11233    i.__hardfp_asinf    m_wm.l(asinf.o)
    0x0800be9c   0x0800be9c   0x00000250   Code   RO        11245    i.__hardfp_atan2f   m_wm.l(atan2f.o)
    0x0800c0ec   0x0800c0ec   0x0000003a   Code   RO        11275    i.__hardfp_sqrtf    m_wm.l(sqrtf_full.o)
    0x0800c126   0x0800c126   0x00000006   Code   RO        11400    i.__mathlib_flt_infnan  m_wm.l(funder.o)
    0x0800c12c   0x0800c12c   0x00000006   Code   RO        11401    i.__mathlib_flt_infnan2  m_wm.l(funder.o)
    0x0800c132   0x0800c132   0x00000002   PAD
    0x0800c134   0x0800c134   0x00000010   Code   RO        11402    i.__mathlib_flt_invalid  m_wm.l(funder.o)
    0x0800c144   0x0800c144   0x00000010   Code   RO        11405    i.__mathlib_flt_underflow  m_wm.l(funder.o)
    0x0800c154   0x0800c154   0x00000068   Code   RO         1846    i.aRGB_led_show     bsp_led.o
    0x0800c1bc   0x0800c1bc   0x00000028   Code   RO         4197    i.abs_limit         user_lib.o
    0x0800c1e4   0x0800c1e4   0x0000016c   Code   RO         3470    i.bmi088_accel_init  bmi088driver.o
    0x0800c350   0x0800c350   0x00000130   Code   RO         3471    i.bmi088_gyro_init  bmi088driver.o
    0x0800c480   0x0800c480   0x00000010   Code   RO         2087    i.buzzer_drv_off    bsp_buzzer_driver.o
    0x0800c490   0x0800c490   0x00000014   Code   RO         2088    i.buzzer_drv_on     bsp_buzzer_driver.o
    0x0800c4a4   0x0800c4a4   0x00000360   Code   RO         3292    i.buzzer_effects_task  sound_effects_task.o
    0x0800c804   0x0800c804   0x0000005c   Code   RO         1692    i.can_filter_init   bsp_can.o
    0x0800c860   0x0800c860   0x0000007c   Code   RO         2242    i.can_gimbal_chassis_data1  can_receive.o
    0x0800c8dc   0x0800c8dc   0x0000007c   Code   RO         2243    i.can_gimbal_chassis_data2  can_receive.o
    0x0800c958   0x0800c958   0x00000074   Code   RO         2244    i.can_gimbal_chassis_data3  can_receive.o
    0x0800c9cc   0x0800c9cc   0x00000070   Code   RO         2245    i.can_gimbal_chassis_data4  can_receive.o
    0x0800ca3c   0x0800ca3c   0x00000028   Code   RO         3007    i.can_task          can_task.o
    0x0800ca64   0x0800ca64   0x00000580   Code   RO         2460    i.chassis_rc_to_control_vector  gimbal_task.o
    0x0800cfe4   0x0800cfe4   0x000000e8   Code   RO         3164    i.data_transition   self_aim.o
    0x0800d0cc   0x0800d0cc   0x00000030   Code   RO         1720    i.delay_init        bsp_delay.o
    0x0800d0fc   0x0800d0fc   0x00000124   Code   RO         2735    i.detect_hook       detect_task.o
    0x0800d220   0x0800d220   0x0000016c   Code   RO         2736    i.detect_init       detect_task.o
    0x0800d38c   0x0800d38c   0x00000288   Code   RO         2737    i.detect_task       detect_task.o
    0x0800d614   0x0800d614   0x000000f0   Code   RO         3901    i.f_Changing_Integration_Rate  controller.o
    0x0800d704   0x0800d704   0x00000056   Code   RO         3902    i.f_Derivative_Filter  controller.o
    0x0800d75a   0x0800d75a   0x000000f4   Code   RO         3903    i.f_Derivative_On_Measurement  controller.o
    0x0800d84e   0x0800d84e   0x00000002   PAD
    0x0800d850   0x0800d850   0x000000f0   Code   RO         3904    i.f_Integral_Limit  controller.o
    0x0800d940   0x0800d940   0x00000056   Code   RO         3905    i.f_Output_Filter   controller.o
    0x0800d996   0x0800d996   0x00000046   Code   RO         3906    i.f_Output_Limit    controller.o
    0x0800d9dc   0x0800d9dc   0x000000b4   Code   RO         3907    i.f_PID_ErrorHandle  controller.o
    0x0800da90   0x0800da90   0x00000046   Code   RO         3908    i.f_Proportion_Limit  controller.o
    0x0800dad6   0x0800dad6   0x00000080   Code   RO         3909    i.f_Trapezoid_Intergral  controller.o
    0x0800db56   0x0800db56   0x00000054   Code   RO         4198    i.first_order_filter_cali  user_lib.o
    0x0800dbaa   0x0800dbaa   0x00000002   PAD
    0x0800dbac   0x0800dbac   0x00000024   Code   RO         4199    i.first_order_filter_init  user_lib.o
    0x0800dbd0   0x0800dbd0   0x0000002a   Code   RO         4200    i.float_constrain   user_lib.o
    0x0800dbfa   0x0800dbfa   0x00000002   PAD
    0x0800dbfc   0x0800dbfc   0x00000048   Code   RO         4202    i.float_rounding    user_lib.o
    0x0800dc44   0x0800dc44   0x0000004c   Code   RO         3097    i.friction_control_set  shoot.o
    0x0800dc90   0x0800dc90   0x00000034   Code   RO         4351    i.get_CRC16_check_sum  crc8_crc16.o
    0x0800dcc4   0x0800dcc4   0x00000008   Code   RO         2791    i.get_INS           ins_task.o
    0x0800dccc   0x0800dccc   0x00000008   Code   RO         2792    i.get_INS_angle_point  ins_task.o
    0x0800dcd4   0x0800dcd4   0x00000008   Code   RO         3294    i.get_buzzer_is_busy_point  sound_effects_task.o
    0x0800dcdc   0x0800dcdc   0x00000008   Code   RO         2461    i.get_chassis_data_point  gimbal_task.o
    0x0800dce4   0x0800dce4   0x00000018   Code   RO         2246    i.get_chassis_motor_measure_point  can_receive.o
    0x0800dcfc   0x0800dcfc   0x0000000c   Code   RO         2247    i.get_enemy_color   can_receive.o
    0x0800dd08   0x0800dd08   0x00000008   Code   RO         2462    i.get_gimbal_data   gimbal_task.o
    0x0800dd10   0x0800dd10   0x00000008   Code   RO         2793    i.get_gyro_data_point  ins_task.o
    0x0800dd18   0x0800dd18   0x00000008   Code   RO         2248    i.get_pitch_gimbal_motor_measure_point  can_receive.o
    0x0800dd20   0x0800dd20   0x00000008   Code   RO         3394    i.get_remote_control_point1  vt13_control.o
    0x0800dd28   0x0800dd28   0x00000008   Code   RO         3165    i.get_selfaim_data  self_aim.o
    0x0800dd30   0x0800dd30   0x00000008   Code   RO         2249    i.get_video_motor_measure_point  can_receive.o
    0x0800dd38   0x0800dd38   0x000000ac   Code   RO         2465    i.gimbal_PID_calc   gimbal_task.o
    0x0800dde4   0x0800dde4   0x00000030   Code   RO         2467    i.gimbal_PID_init   gimbal_task.o
    0x0800de14   0x0800de14   0x000000ac   Code   RO         2468    i.gimbal_control_loop  gimbal_task.o
    0x0800dec0   0x0800dec0   0x00000170   Code   RO         2469    i.gimbal_feedback_update  gimbal_task.o
    0x0800e030   0x0800e030   0x00000140   Code   RO         2470    i.gimbal_init       gimbal_task.o
    0x0800e170   0x0800e170   0x00000064   Code   RO         2472    i.gimbal_set_control  gimbal_task.o
    0x0800e1d4   0x0800e1d4   0x0000002c   Code   RO         2473    i.gimbal_set_mode   gimbal_task.o
    0x0800e200   0x0800e200   0x000000a0   Code   RO         2474    i.gimbal_task       gimbal_task.o
    0x0800e2a0   0x0800e2a0   0x00000038   Code   RO          485    i.ins_task          freertos.o
    0x0800e2d8   0x0800e2d8   0x0000003c   Code   RO         3829    i.invSqrt           quaternionekf.o
    0x0800e314   0x0800e314   0x00000010   Code   RO         1949    i.laser_off         bsp_laser.o
    0x0800e324   0x0800e324   0x00000010   Code   RO         1950    i.laser_on          bsp_laser.o
    0x0800e334   0x0800e334   0x000001b0   Code   RO         2915    i.led_RGB_flow_task  led_flow_task.o
    0x0800e4e4   0x0800e4e4   0x00000080   Code   RO           15    i.main              main.o
    0x0800e564   0x0800e564   0x0000000c   Code   RO         9906    i.makeFreeRtosPriority  cmsis_os.o
    0x0800e570   0x0800e570   0x00000034   Code   RO         2475    i.motor_ecd_to_angle_change  gimbal_task.o
    0x0800e5a4   0x0800e5a4   0x00000010   Code   RO         9908    i.osDelay           cmsis_os.o
    0x0800e5b4   0x0800e5b4   0x0000000a   Code   RO         9911    i.osKernelStart     cmsis_os.o
    0x0800e5be   0x0800e5be   0x0000005c   Code   RO         9945    i.osThreadCreate    cmsis_os.o
    0x0800e61a   0x0800e61a   0x00000002   PAD
    0x0800e61c   0x0800e61c   0x000000c8   Code   RO         3166    i.process_usb_data_packet  self_aim.o
    0x0800e6e4   0x0800e6e4   0x00000080   Code   RO         9404    i.prvAddCurrentTaskToDelayedList  tasks.o
    0x0800e764   0x0800e764   0x00000088   Code   RO         9405    i.prvAddNewTaskToReadyList  tasks.o
    0x0800e7ec   0x0800e7ec   0x0000005c   Code   RO         9753    i.prvCheckForValidListAndQueue  timers.o
    0x0800e848   0x0800e848   0x00000040   Code   RO         9406    i.prvCheckTasksWaitingTermination  tasks.o
    0x0800e888   0x0800e888   0x00000024   Code   RO         9069    i.prvCopyDataFromQueue  queue.o
    0x0800e8ac   0x0800e8ac   0x0000006e   Code   RO         9070    i.prvCopyDataToQueue  queue.o
    0x0800e91a   0x0800e91a   0x00000040   Code   RO         9407    i.prvDeleteTCB      tasks.o
    0x0800e95a   0x0800e95a   0x00000002   PAD
    0x0800e95c   0x0800e95c   0x00000024   Code   RO         9754    i.prvGetNextExpireTime  timers.o
    0x0800e980   0x0800e980   0x00000050   Code   RO        10285    i.prvHeapInit       heap_4.o
    0x0800e9d0   0x0800e9d0   0x00000028   Code   RO         9408    i.prvIdleTask       tasks.o
    0x0800e9f8   0x0800e9f8   0x00000018   Code   RO         9073    i.prvInitialiseNewQueue  queue.o
    0x0800ea10   0x0800ea10   0x00000090   Code   RO         9409    i.prvInitialiseNewTask  tasks.o
    0x0800eaa0   0x0800eaa0   0x00000060   Code   RO         9410    i.prvInitialiseTaskLists  tasks.o
    0x0800eb00   0x0800eb00   0x0000005c   Code   RO        10286    i.prvInsertBlockIntoFreeList  heap_4.o
    0x0800eb5c   0x0800eb5c   0x00000048   Code   RO         9756    i.prvInsertTimerInActiveList  timers.o
    0x0800eba4   0x0800eba4   0x0000001a   Code   RO         9074    i.prvIsQueueEmpty   queue.o
    0x0800ebbe   0x0800ebbe   0x0000001e   Code   RO         9075    i.prvIsQueueFull    queue.o
    0x0800ebdc   0x0800ebdc   0x0000005c   Code   RO         9757    i.prvProcessExpiredTimer  timers.o
    0x0800ec38   0x0800ec38   0x000000d8   Code   RO         9758    i.prvProcessReceivedCommands  timers.o
    0x0800ed10   0x0800ed10   0x0000006c   Code   RO         9759    i.prvProcessTimerOrBlockTask  timers.o
    0x0800ed7c   0x0800ed7c   0x00000024   Code   RO         9411    i.prvResetNextTaskUnblockTime  tasks.o
    0x0800eda0   0x0800eda0   0x0000002c   Code   RO         9760    i.prvSampleTimeNow  timers.o
    0x0800edcc   0x0800edcc   0x00000074   Code   RO         9761    i.prvSwitchTimerLists  timers.o
    0x0800ee40   0x0800ee40   0x00000018   Code   RO         9413    i.prvTaskCheckFreeStackSpace  tasks.o
    0x0800ee58   0x0800ee58   0x00000030   Code   RO        10335    i.prvTaskExitError  port.o
    0x0800ee88   0x0800ee88   0x00000014   Code   RO         9762    i.prvTimerTask      timers.o
    0x0800ee9c   0x0800ee9c   0x00000068   Code   RO         9076    i.prvUnlockQueue    queue.o
    0x0800ef04   0x0800ef04   0x000000e4   Code   RO        10287    i.pvPortMalloc      heap_4.o
    0x0800efe8   0x0800efe8   0x0000002c   Code   RO        10336    i.pxPortInitialiseStack  port.o
    0x0800f014   0x0800f014   0x00000188   Code   RO         3395    i.rc_remote         vt13_control.o
    0x0800f19c   0x0800f19c   0x00000014   Code   RO         3396    i.remote_control_init  vt13_control.o
    0x0800f1b0   0x0800f1b0   0x00000034   Code   RO         3057    i.sendfloatdata     vofa.o
    0x0800f1e4   0x0800f1e4   0x00000114   Code   RO         3098    i.shoot_Init        shoot.o
    0x0800f2f8   0x0800f2f8   0x000001b0   Code   RO         3099    i.shoot_control_loop  shoot.o
    0x0800f4a8   0x0800f4a8   0x00000020   Code   RO         3100    i.shoot_feedback_update  shoot.o
    0x0800f4c8   0x0800f4c8   0x00000044   Code   RO         3101    i.shoot_set_mode    shoot.o
    0x0800f50c   0x0800f50c   0x00000058   Code   RO         3102    i.shoot_speed_filter  shoot.o
    0x0800f564   0x0800f564   0x0000003e   Code   RO        11277    i.sqrtf             m_wm.l(sqrtf_full.o)
    0x0800f5a2   0x0800f5a2   0x0000000a   Code   RO         2953    i.test_task         test_task.o
    0x0800f5ac   0x0800f5ac   0x00000010   Code   RO         3167    i.usbd_cdc_receive_handle  self_aim.o
    0x0800f5bc   0x0800f5bc   0x00000026   Code   RO         9029    i.uxListRemove      list.o
    0x0800f5e2   0x0800f5e2   0x00000002   PAD
    0x0800f5e4   0x0800f5e4   0x00000014   Code   RO         9418    i.uxTaskGetStackHighWaterMark  tasks.o
    0x0800f5f8   0x0800f5f8   0x00000018   Code   RO          487    i.vApplicationGetIdleTaskMemory  freertos.o
    0x0800f610   0x0800f610   0x00000018   Code   RO          488    i.vApplicationGetTimerTaskMemory  freertos.o
    0x0800f628   0x0800f628   0x00000016   Code   RO         9030    i.vListInitialise   list.o
    0x0800f63e   0x0800f63e   0x00000006   Code   RO         9031    i.vListInitialiseItem  list.o
    0x0800f644   0x0800f644   0x00000036   Code   RO         9032    i.vListInsert       list.o
    0x0800f67a   0x0800f67a   0x00000018   Code   RO         9033    i.vListInsertEnd    list.o
    0x0800f692   0x0800f692   0x00000002   PAD
    0x0800f694   0x0800f694   0x00000040   Code   RO        10338    i.vPortEnterCritical  port.o
    0x0800f6d4   0x0800f6d4   0x0000002c   Code   RO        10339    i.vPortExitCritical  port.o
    0x0800f700   0x0800f700   0x0000005c   Code   RO        10288    i.vPortFree         heap_4.o
    0x0800f75c   0x0800f75c   0x00000024   Code   RO        10340    i.vPortSetupTimerInterrupt  port.o
    0x0800f780   0x0800f780   0x00000054   Code   RO        10341    i.vPortValidateInterruptPriority  port.o
    0x0800f7d4   0x0800f7d4   0x00000028   Code   RO         9080    i.vQueueAddToRegistry  queue.o
    0x0800f7fc   0x0800f7fc   0x0000004a   Code   RO         9083    i.vQueueWaitForMessageRestricted  queue.o
    0x0800f846   0x0800f846   0x00000002   PAD
    0x0800f848   0x0800f848   0x00000050   Code   RO         9422    i.vTaskDelay        tasks.o
    0x0800f898   0x0800f898   0x00000010   Code   RO         9426    i.vTaskInternalSetTimeOutState  tasks.o
    0x0800f8a8   0x0800f8a8   0x0000000c   Code   RO         9427    i.vTaskMissedYield  tasks.o
    0x0800f8b4   0x0800f8b4   0x00000034   Code   RO         9429    i.vTaskPlaceOnEventList  tasks.o
    0x0800f8e8   0x0800f8e8   0x0000003c   Code   RO         9430    i.vTaskPlaceOnEventListRestricted  tasks.o
    0x0800f924   0x0800f924   0x00000090   Code   RO         9437    i.vTaskStartScheduler  tasks.o
    0x0800f9b4   0x0800f9b4   0x00000010   Code   RO         9439    i.vTaskSuspendAll   tasks.o
    0x0800f9c4   0x0800f9c4   0x00000060   Code   RO         9440    i.vTaskSwitchContext  tasks.o
    0x0800fa24   0x0800fa24   0x00000040   Code   RO         4353    i.verify_CRC16_check_sum  crc8_crc16.o
    0x0800fa64   0x0800fa64   0x00000018   Code   RO         3058    i.vofa_task         vofa.o
    0x0800fa7c   0x0800fa7c   0x00000104   Code   RO        10342    i.xPortStartScheduler  port.o
    0x0800fb80   0x0800fb80   0x0000002c   Code   RO        10343    i.xPortSysTickHandler  port.o
    0x0800fbac   0x0800fbac   0x00000070   Code   RO         9087    i.xQueueGenericCreateStatic  queue.o
    0x0800fc1c   0x0800fc1c   0x00000090   Code   RO         9088    i.xQueueGenericReset  queue.o
    0x0800fcac   0x0800fcac   0x00000170   Code   RO         9089    i.xQueueGenericSend  queue.o
    0x0800fe1c   0x0800fe1c   0x000000bc   Code   RO         9090    i.xQueueGenericSendFromISR  queue.o
    0x0800fed8   0x0800fed8   0x00000148   Code   RO         9098    i.xQueueReceive     queue.o
    0x08010020   0x08010020   0x00000098   Code   RO         9442    i.xTaskCheckForTimeOut  tasks.o
    0x080100b8   0x080100b8   0x0000006c   Code   RO         9443    i.xTaskCreate       tasks.o
    0x08010124   0x08010124   0x00000060   Code   RO         9444    i.xTaskCreateStatic  tasks.o
    0x08010184   0x08010184   0x0000001c   Code   RO         9449    i.xTaskGetSchedulerState  tasks.o
    0x080101a0   0x080101a0   0x0000000c   Code   RO         9450    i.xTaskGetTickCount  tasks.o
    0x080101ac   0x080101ac   0x000000d0   Code   RO         9452    i.xTaskIncrementTick  tasks.o
    0x0801027c   0x0801027c   0x0000009c   Code   RO         9455    i.xTaskPriorityDisinherit  tasks.o
    0x08010318   0x08010318   0x00000078   Code   RO         9457    i.xTaskRemoveFromEventList  tasks.o
    0x08010390   0x08010390   0x000000cc   Code   RO         9458    i.xTaskResumeAll    tasks.o
    0x0801045c   0x0801045c   0x00000068   Code   RO         9767    i.xTimerCreateTimerTask  timers.o
    0x080104c4   0x080104c4   0x00000074   Code   RO         9768    i.xTimerGenericCommand  timers.o
    0x08010538   0x08010538   0x000002c4   Code   RO        11197    x$fpl$d2f           g_wm.l(d2f_clz.o)
    0x080107fc   0x080107fc   0x0000024c   Code   RO        11199    x$fpl$dadd          g_wm.l(daddsub_clz.o)
    0x08010a48   0x08010a48   0x0000037c   Code   RO        11206    x$fpl$ddiv          g_wm.l(ddiv_clz.o)
    0x08010dc4   0x08010dc4   0x0000002e   Code   RO        11210    x$fpl$dflt          g_wm.l(dflt_clz.o)
    0x08010df2   0x08010df2   0x0000001a   Code   RO        11211    x$fpl$dfltn         g_wm.l(dflt_clz.o)
    0x08010e0c   0x08010e0c   0x000001c0   Code   RO        11215    x$fpl$dmul          g_wm.l(dmul_clz.o)
    0x08010fcc   0x08010fcc   0x00000102   Code   RO        11376    x$fpl$dnaninf       g_wm.l(dnaninf.o)
    0x080110ce   0x080110ce   0x00000070   Code   RO        11378    x$fpl$drenorm       g_wm.l(drenorm_clz.o)
    0x0801113e   0x0801113e   0x0000000c   Code   RO        11380    x$fpl$dretinf       g_wm.l(dretinf.o)
    0x0801114a   0x0801114a   0x00000002   PAD
    0x0801114c   0x0801114c   0x0000029c   Code   RO        11201    x$fpl$dsub          g_wm.l(daddsub_clz.o)
    0x080113e8   0x080113e8   0x0000017a   Code   RO        11384    x$fpl$dunder        g_wm.l(dunder_clz.o)
    0x08011562   0x08011562   0x00000002   PAD
    0x08011564   0x08011564   0x000001ec   Code   RO        11386    x$fpl$exception     g_wm.l(except.o)
    0x08011750   0x08011750   0x0000007a   Code   RO        11217    x$fpl$f2d           g_wm.l(f2d.o)
    0x080117ca   0x080117ca   0x0000009e   Code   RO        11219    x$fpl$ffltll        g_wm.l(ffltll_clz.o)
    0x08011868   0x08011868   0x000000f2   Code   RO        11388    x$fpl$fnaninf       g_wm.l(fnaninf.o)
    0x0801195a   0x0801195a   0x0000000a   Code   RO        11464    x$fpl$fpinit        g_wm.l(fpinit.o)
    0x08011964   0x08011964   0x0000000a   Code   RO        11390    x$fpl$fretinf       g_wm.l(fretinf.o)
    0x0801196e   0x0801196e   0x0000013c   Code   RO        11392    x$fpl$funder        g_wm.l(funder_clz.o)
    0x08011aaa   0x08011aaa   0x000000b2   Code   RO        11466    x$fpl$retnan        g_wm.l(retnan.o)
    0x08011b5c   0x08011b5c   0x0000007e   Code   RO        11394    x$fpl$trapveneer    g_wm.l(trapv.o)
    0x08011bda   0x08011bda   0x00000000   Code   RO        11396    x$fpl$usenofp       g_wm.l(usenofp.o)
    0x08011bda   0x08011bda   0x00000002   PAD
    0x08011bdc   0x08011bdc   0x000000fc   Data   RO          490    .constdata          freertos.o
    0x08011cd8   0x08011cd8   0x00000018   Data   RO         1540    .constdata          system_stm32f4xx.o
    0x08011cf0   0x08011cf0   0x0000003c   Data   RO         2479    .constdata          gimbal_task.o
    0x08011d2c   0x08011d2c   0x00000054   Data   RO         2741    .constdata          detect_task.o
    0x08011d80   0x08011d80   0x00000030   Data   RO         2795    .constdata          ins_task.o
    0x08011db0   0x08011db0   0x00000060   Data   RO         3104    .constdata          shoot.o
    0x08011e10   0x08011e10   0x00000090   Data   RO         3831    .constdata          quaternionekf.o
    0x08011ea0   0x08011ea0   0x00000502   Data   RO         4355    .constdata          crc8_crc16.o
    0x080123a2   0x080123a2   0x00000008   Data   RO         5548    .constdata          stm32f4xx_hal_dma.o
    0x080123aa   0x080123aa   0x00000002   PAD
    0x080123ac   0x080123ac   0x00000804   Data   RO        11090    .constdata          arm_cortexM4lf_math.lib(arm_common_tables.o)
    0x08012bb0   0x08012bb0   0x00000051   Data   RO          491    .conststring        freertos.o
    0x08012c01   0x08012c01   0x00000003   PAD
    0x08012c04   0x08012c04   0x00000020   Data   RO        11555    Region$$Table       anon$$obj.o


    Execution Region RW_IRAM1 (Exec base: 0x20000000, Load base: 0x08012c24, Size: 0x0000dd38, Max: 0x00020000, ABSOLUTE, COMPRESSED[0x00000188])

    Exec Addr    Load Addr    Size         Type   Attr      Idx    E Section Name        Object

    0x20000000   COMPRESSED   0x00000024   Data   RW          492    .data               freertos.o
    0x20000024   COMPRESSED   0x00000004   Data   RW          574    .data               can.o
    0x20000028   COMPRESSED   0x00000008   Data   RW          621    .data               crc.o
    0x20000030   COMPRESSED   0x0000004e   Data   RW         1201    .data               usbd_desc.o
    0x2000007e   COMPRESSED   0x00000002   PAD
    0x20000080   COMPRESSED   0x00000010   Data   RW         1287    .data               usbd_cdc_if.o
    0x20000090   COMPRESSED   0x00000004   Data   RW         1541    .data               system_stm32f4xx.o
    0x20000094   COMPRESSED   0x00000008   Data   RW         1723    .data               bsp_delay.o
    0x2000009c   COMPRESSED   0x00000008   Data   RW         1847    .data               bsp_led.o
    0x200000a4   COMPRESSED   0x00000004   PAD
    0x200000a8   COMPRESSED   0x00000040   Data   RW         1992    .data               bsp_dwt.o
    0x200000e8   COMPRESSED   0x00000012   Data   RW         2252    .data               can_receive.o
    0x200000fa   COMPRESSED   0x00000002   PAD
    0x200000fc   COMPRESSED   0x00000028   Data   RW         2480    .data               gimbal_task.o
    0x20000124   COMPRESSED   0x00000009   Data   RW         2742    .data               detect_task.o
    0x2000012d   COMPRESSED   0x00000003   PAD
    0x20000130   COMPRESSED   0x00000048   Data   RW         2796    .data               ins_task.o
    0x20000178   COMPRESSED   0x0000001c   Data   RW         2916    .data               led_flow_task.o
    0x20000194   COMPRESSED   0x00000004   Data   RW         3105    .data               shoot.o
    0x20000198   COMPRESSED   0x0000000e   Data   RW         3169    .data               self_aim.o
    0x200001a6   COMPRESSED   0x00000002   PAD
    0x200001a8   COMPRESSED   0x00000009   Data   RW         3295    .data               sound_effects_task.o
    0x200001b1   COMPRESSED   0x00000001   PAD
    0x200001b2   COMPRESSED   0x00000002   Data   RW         3400    .data               vt13_control.o
    0x200001b4   COMPRESSED   0x00000048   Data   RW         3473    .data               bmi088driver.o
    0x200001fc   COMPRESSED   0x00000004   Data   RW         3550    .data               bmi088middleware.o
    0x20000200   COMPRESSED   0x00000004   Data   RW         3746    .data               kalman_filter.o
    0x20000204   COMPRESSED   0x000000d4   Data   RW         3832    .data               quaternionekf.o
    0x200002d8   COMPRESSED   0x00000270   Data   RW         3910    .data               controller.o
    0x20000548   COMPRESSED   0x00000018   Data   RW         4211    .data               user_lib.o
    0x20000560   COMPRESSED   0x00000002   Data   RW         4356    .data               crc8_crc16.o
    0x20000562   COMPRESSED   0x00000002   PAD
    0x20000564   COMPRESSED   0x0000000c   Data   RW         5970    .data               stm32f4xx_hal.o
    0x20000570   COMPRESSED   0x0000003c   Data   RW         9461    .data               tasks.o
    0x200005ac   COMPRESSED   0x00000014   Data   RW         9776    .data               timers.o
    0x200005c0   COMPRESSED   0x00000018   Data   RW        10293    .data               heap_4.o
    0x200005d8   COMPRESSED   0x0000000c   Data   RW        10344    .data               port.o
    0x200005e4   COMPRESSED   0x00000001   Data   RW        10566    .data               usbd_ctlreq.o
    0x200005e5   COMPRESSED   0x00000003   PAD
    0x200005e8   COMPRESSED   0x000000d7   Data   RW        10722    .data               usbd_cdc.o
    0x200006bf   COMPRESSED   0x00000001   PAD
    0x200006c0   COMPRESSED   0x00000038   Data   RW        10723    .data               usbd_cdc.o
    0x200006f8        -       0x000006a8   Zero   RW          489    .bss                freertos.o
    0x20000da0        -       0x00000050   Zero   RW          573    .bss                can.o
    0x20000df0        -       0x00000054   Zero   RW          690    .bss                i2c.o
    0x20000e44        -       0x00000020   Zero   RW          732    .bss                rtc.o
    0x20000e64        -       0x00000118   Zero   RW          774    .bss                spi.o
    0x20000f7c        -       0x00000180   Zero   RW          822    .bss                tim.o
    0x200010fc        -       0x000000e0   Zero   RW          895    .bss                usart.o
    0x200011dc        -       0x0000029c   Zero   RW          940    .bss                usb_device.o
    0x20001478        -       0x00000408   Zero   RW         1025    .bss                usbd_conf.o
    0x20001880        -       0x00000200   Zero   RW         1200    .bss                usbd_desc.o
    0x20001a80        -       0x00001000   Zero   RW         1286    .bss                usbd_cdc_if.o
    0x20002a80        -       0x000000bc   Zero   RW         2251    .bss                can_receive.o
    0x20002b3c        -       0x000004c8   Zero   RW         2478    .bss                gimbal_task.o
    0x20003004        -       0x0000021c   Zero   RW         2740    .bss                detect_task.o
    0x20003220        -       0x00000154   Zero   RW         2794    .bss                ins_task.o
    0x20003374        -       0x00000324   Zero   RW         3103    .bss                shoot.o
    0x20003698        -       0x000000a6   Zero   RW         3168    .bss                self_aim.o
    0x2000373e   COMPRESSED   0x00000002   PAD
    0x20003740        -       0x00000040   Zero   RW         3243    .bss                buzzer_tim_init.o
    0x20003780        -       0x00000069   Zero   RW         3399    .bss                vt13_control.o
    0x200037e9   COMPRESSED   0x00000003   PAD
    0x200037ec        -       0x00000040   Zero   RW         3472    .bss                bmi088driver.o
    0x2000382c   COMPRESSED   0x00000004   PAD
    0x20003830        -       0x00000268   Zero   RW         3830    .bss                quaternionekf.o
    0x20003a98        -       0x00000040   Zero   RW         9101    .bss                queue.o
    0x20003ad8        -       0x000000f0   Zero   RW         9460    .bss                tasks.o
    0x20003bc8        -       0x00000110   Zero   RW         9775    .bss                timers.o
    0x20003cd8        -       0x00006000   Zero   RW        10292    .bss                heap_4.o
    0x20009cd8        -       0x00000060   Zero   RW        11419    .bss                c_w.l(libspace.o)
    0x20009d38        -       0x00002000   Zero   RW            2    HEAP                startup_stm32f407xx.o
    0x2000bd38        -       0x00002000   Zero   RW            1    STACK               startup_stm32f407xx.o


==============================================================================

Image component sizes


      Code (inc. data)   RO Data    RW Data    ZI Data      Debug   Object Name

      2882        174          0         72         64      10645   bmi088driver.o
       116         30          0          4          0       3560   bmi088middleware.o
         0          0          0          0          0     592656   bsp_buzzer.o
        36         12          0          0          0     606077   bsp_buzzer_driver.o
        92          8          0          0          0        626   bsp_can.o
        48         16          0          8          0        741   bsp_delay.o
       580        112          0         64          0       4870   bsp_dwt.o
        32         10          0          0          0        983   bsp_laser.o
       104         22          0          8          0        628   bsp_led.o
        58          0          0          0          0        962   bsp_pwm.o
       156         14          0          0          0       1090   bsp_rc.o
       356         34          0          0         64       3465   buzzer_tim_init.o
       488         44          0          4         80       2582   can.o
      1192        122          0         18        188     583717   can_receive.o
        40          0          0          0          0       5143   can_task.o
       130          0          0          0          0      22395   cmsis_os.o
      2252         38          0        624          0      13240   controller.o
        84         18          0          8          0       1615   crc.o
       116         10       1282          2          0       2451   crc8_crc16.o
      1304         38         84          9        540       2995   detect_task.o
       120          6          0          0          0        878   dma.o
         0          0          0          0          0      16512   event_groups.o
       368         66        333         36       1704       8930   freertos.o
      2860        236         60         40       1224      26424   gimbal_task.o
       532         28          0          0          0     730783   gpio.o
       492         32          0         24      24576       5175   heap_4.o
       260         30          0          0         84       1845   i2c.o
      2576        204         48         72        340      12450   ins_task.o
      3160         26          0          4          0      23243   kalman_filter.o
       432         10          0         28          0       1777   led_flow_task.o
       144          0          0          0          0       3826   list.o
       342         18          0          0          0     682782   main.o
       592          8          0          0          0       2650   pid.o
       814         92          0         12          0      12477   port.o
      4164        232        144        212        616      10763   quaternionekf.o
      1584         24          0          0         64      15624   queue.o
        76         16          0          0         32       1563   rtc.o
       530         64          0         14        166       6091   self_aim.o
       972        116         96          4        804       7108   shoot.o
       872         28          0          9          0       3125   sound_effects_task.o
       416         38          0          0        280       2055   spi.o
        64         26        392          0      16384        884   startup_stm32f407xx.o
       188         30          0         12          0       4865   stm32f4xx_hal.o
      2054          6          0          0          0      16593   stm32f4xx_hal_can.o
       208         16          0          0          0      33871   stm32f4xx_hal_cortex.o
        40          0          0          0          0       1143   stm32f4xx_hal_crc.o
       450         14          8          0          0       3934   stm32f4xx_hal_dma.o
       580         28          0          0          0       3928   stm32f4xx_hal_gpio.o
       408         18          0          0          0       2167   stm32f4xx_hal_i2c.o
        84          6          0          0          0        914   stm32f4xx_hal_msp.o
      2534         18          0          0          0      14129   stm32f4xx_hal_pcd.o
        84          0          0          0          0       2721   stm32f4xx_hal_pcd_ex.o
      1638        100          0          0          0       6700   stm32f4xx_hal_rcc.o
       380         34          0          0          0       1604   stm32f4xx_hal_rcc_ex.o
       312          0          0          0          0       2868   stm32f4xx_hal_rtc.o
       900          8          0          0          0       4833   stm32f4xx_hal_spi.o
      1450         46          0          0          0      13863   stm32f4xx_hal_tim.o
       180          0          0          0          0       2364   stm32f4xx_hal_tim_ex.o
      1918         20          0          0          0      10679   stm32f4xx_hal_uart.o
       144         24          0          0          0      22729   stm32f4xx_it.o
      2762        110          0          0          0      24602   stm32f4xx_ll_usb.o
       100         18         24          4          0       1275   system_stm32f4xx.o
      2312        200          0         60        240      27512   tasks.o
        10          0          0          0          0        540   test_task.o
      1988        152          0          0        384       7039   tim.o
      1016         96          0         20        272      28055   timers.o
       540         56          0          0        224       2678   usart.o
        76         16          0          0        668       5404   usb_device.o
       836         16          0        271          0      14426   usbd_cdc.o
       212         28          0         16       4096       6913   usbd_cdc_if.o
       990         18          0          0       1032      16748   usbd_conf.o
       736          0          0          0          0      13725   usbd_core.o
      1648         30          0          1          0      12384   usbd_ctlreq.o
       386        122          0         78        512       7061   usbd_desc.o
       132          0          0          0          0       4804   usbd_ioreq.o
       950         30          0         24          0      10623   user_lib.o
        76         14          0          0          0       2388   vofa.o
       776         36          0          2        105       3308   vt13_control.o

    ----------------------------------------------------------------------
     60594       3312       2508       1784      54752    3776796   Object Totals
         0          0         32          0          0          0   (incl. Generated)
        60          0          5         20          9          0   (incl. Padding)

    ----------------------------------------------------------------------

      Code (inc. data)   RO Data    RW Data    ZI Data      Debug   Library Member Name

         0          0       2052          0          0       4636   arm_common_tables.o
       120         12          0          0          0      16970   arm_cos_f32.o
       264          0          0          0          0       1482   arm_mat_add_f32.o
         8          0          0          0          0        843   arm_mat_init_f32.o
      1328          4          0          0          0       2718   arm_mat_inverse_f32.o
       316          4          0          0          0       1627   arm_mat_mult_f32.o
       264          0          0          0          0       1482   arm_mat_sub_f32.o
       276          0          0          0          0       1516   arm_mat_trans_f32.o
       116         12          0          0          0        658   arm_sin_f32.o
        90          0          0          0          0          0   __dczerorl2.o
         8          0          0          0          0         68   __main.o
         0          0          0          0          0          0   __rtentry.o
        12          0          0          0          0          0   __rtentry2.o
         6          0          0          0          0          0   __rtentry4.o
        52          8          0          0          0          0   __scatter.o
        28          0          0          0          0          0   __scatter_zi.o
        48          4          0          0          0         84   _fptrap.o
        22          0          0          0          0        100   _rserrno.o
        16          0          0          0          0         68   aeabi_memset.o
        10          0          0          0          0         68   defsig_exit.o
       172        110          0          0          0         76   defsig_fpe_inner.o
        14          0          0          0          0         80   defsig_fpe_outer.o
        50          0          0          0          0         88   defsig_general.o
        80         58          0          0          0         76   defsig_rtmem_inner.o
        14          0          0          0          0         80   defsig_rtmem_outer.o
        18          0          0          0          0         80   exit.o
        94          0          0          0          0         80   h1_alloc.o
        52          0          0          0          0         68   h1_extend.o
        78          0          0          0          0         80   h1_free.o
        14          0          0          0          0         84   h1_init.o
         6          0          0          0          0        152   heapauxi.o
         4          0          0          0          0        136   hguard.o
         0          0          0          0          0          0   indicate_semi.o
       138          0          0          0          0        168   init_alloc.o
         2          0          0          0          0          0   libinit.o
        14          0          0          0          0          0   libinit2.o
         2          0          0          0          0          0   libshutdown.o
         2          0          0          0          0          0   libshutdown2.o
         8          4          0          0         96         68   libspace.o
       238          0          0          0          0        100   lludivv7m.o
         0          0          0          0          0          0   maybetermalloc1.o
         8          4          0          0          0         68   rt_errno_addr_intlibspace.o
         8          4          0          0          0         68   rt_heap_descriptor_intlibspace.o
        68          0          0          0          0         68   rt_memclr.o
        78          0          0          0          0         80   rt_memclr_w.o
       138          0          0          0          0         68   rt_memcpy_v6.o
       100          0          0          0          0         80   rt_memcpy_w.o
         2          0          0          0          0          0   rtexit.o
        10          0          0          0          0          0   rtexit2.o
        12          4          0          0          0         68   sys_exit.o
        74          0          0          0          0         80   sys_stackheap_outer.o
        14          0          0          0          0         76   sys_wrch.o
         2          0          0          0          0         68   use_no_semi.o
       708         16          0          0          0        140   d2f_clz.o
      1256         28          0          0          0        408   daddsub_clz.o
       892        152          0          0          0        292   ddiv_clz.o
        72          0          0          0          0        232   dflt_clz.o
       448         16          0          0          0        164   dmul_clz.o
       258          4          0          0          0        156   dnaninf.o
       112          0          0          0          0        160   drenorm_clz.o
        12          0          0          0          0        116   dretinf.o
       378          0          0          0          0        168   dunder_clz.o
       492         36          0          0          0        148   except.o
       122          8          0          0          0        132   f2d.o
       158          0          0          0          0        132   ffltll_clz.o
       242          4          0          0          0        144   fnaninf.o
        10          0          0          0          0        116   fpinit.o
        10          0          0          0          0        116   fretinf.o
       316          0          0          0          0        132   funder_clz.o
       178          0          0          0          0        116   retnan.o
       126          0          0          0          0        148   trapv.o
         0          0          0          0          0          0   usenofp.o
       280         46          0          0          0        176   acosf.o
       300         42          0          0          0        176   asinf.o
       592         90          0          0          0        184   atan2f.o
        38          0          0          0          0        116   fpclassifyf.o
        44         12          0          0          0        464   funder.o
       120          0          0          0          0        272   sqrtf_full.o

    ----------------------------------------------------------------------
     11682        682       2052          0         96      38868   Library Totals
        20          0          0          0          0          0   (incl. Padding)

    ----------------------------------------------------------------------

      Code (inc. data)   RO Data    RW Data    ZI Data      Debug   Library Name

      2692         32       2052          0          0      31932   arm_cortexM4lf_math.lib
      1806        196          0          0         96       2528   c_w.l
      5790        264          0          0          0       3020   g_wm.l
      1374        190          0          0          0       1388   m_wm.l

    ----------------------------------------------------------------------
     11682        682       2052          0         96      38868   Library Totals

    ----------------------------------------------------------------------

==============================================================================


      Code (inc. data)   RO Data    RW Data    ZI Data      Debug   

     72276       3994       4560       1784      54848    3764860   Grand Totals
     72276       3994       4560        392      54848    3764860   ELF Image Totals (compressed)
     72276       3994       4560        392          0          0   ROM Totals

==============================================================================

    Total RO  Size (Code + RO Data)                76836 (  75.04kB)
    Total RW  Size (RW Data + ZI Data)             56632 (  55.30kB)
    Total ROM Size (Code + RO Data + RW Data)      77228 (  75.42kB)

==============================================================================

