<html>
<body>
<pre>
<h1>µVision Build Log</h1>
<h2>Tool Versions:</h2>
IDE-Version: ¦ÌVision V5.24.2.0
Copyright (C) 2017 ARM Ltd and ARM Germany GmbH. All rights reserved.
License Information: 11 wwww, HP Inc., LIC=03C6R-KPAS0-BSQYX-HMX8R-YBSK6-AIEQG
 
Tool Versions:
Toolchain:       MDK-ARM Plus  Version: 5.24.1
Toolchain Path:  C:\KEIL C51\ARM\ARMCC\Bin
C Compiler:      Armcc.exe V5.06 update 5 (build 528)
Assembler:       Armasm.exe V5.06 update 5 (build 528)
Linker/Locator:  ArmLink.exe V5.06 update 5 (build 528)
Library Manager: ArmAr.exe V5.06 update 5 (build 528)
Hex Converter:   FromElf.exe V5.06 update 5 (build 528)
CPU DLL:         SARMCM3.DLL V5.24.1
Dialog DLL:      DCM.DLL V1.16.0.0
Target DLL:      CMSIS_AGDI.dll V1.28.3.0
Dialog DLL:      TCM.DLL V1.32.0.0
 
<h2>Project:</h2>
C:\Users\zhangfan\Desktop\hero\HERO\DT7\gimbal_task +newins\MDK-ARM\gimbal_task.uvprojx
Project File Date:  01/10/2026

<h2>Output:</h2>
*** Using Compiler 'V5.06 update 5 (build 528)', folder: 'C:\KEIL C51\ARM\ARMCC\Bin'
Rebuild target 'gimbal_task'
assembling startup_stm32f407xx.s...
compiling main.c...
../application/shoot.h(101): warning:  #1295-D: Deprecated declaration shoot_control_loop - give arg types
  const shoot_control_t *shoot_control_loop();
../application/shoot.h(104): warning:  #1-D: last line of file ends without a newline
  #endif
../application/INS_task.h(85): warning:  #1295-D: Deprecated declaration get_INS - give arg types
  extern INS_t *get_INS();
../application/gimbal_task.h(325): warning:  #1295-D: Deprecated declaration get_chassis_data_point - give arg types
  extern chassis_data_t *get_chassis_data_point();
../application/gimbal_task.h(326): warning:  #1295-D: Deprecated declaration get_gimbal_data - give arg types
  extern gimbal_control_t *get_gimbal_data();
../Src/main.c: 5 warnings, 0 errors
compiling gpio.c...
compiling freertos.c...
../application/shoot.h(101): warning:  #1295-D: Deprecated declaration shoot_control_loop - give arg types
  const shoot_control_t *shoot_control_loop();
../application/shoot.h(104): warning:  #1-D: last line of file ends without a newline
  #endif
../application/INS_task.h(85): warning:  #1295-D: Deprecated declaration get_INS - give arg types
  extern INS_t *get_INS();
../application/gimbal_task.h(325): warning:  #1295-D: Deprecated declaration get_chassis_data_point - give arg types
  extern chassis_data_t *get_chassis_data_point();
../application/gimbal_task.h(326): warning:  #1295-D: Deprecated declaration get_gimbal_data - give arg types
  extern gimbal_control_t *get_gimbal_data();
../application/CAN_task.h(2): warning:  #1295-D: Deprecated declaration can_task - give arg types
  void can_task();
../application/vofa.h(4): warning:  #1-D: last line of file ends without a newline
  void vofa_task();
../application/vofa.h(4): warning:  #1295-D: Deprecated declaration vofa_task - give arg types
  void vofa_task();
../application/Self_aim.h(60): warning:  #1295-D: Deprecated declaration get_selfaim_data - give arg types
  InputData *get_selfaim_data();
../application/sound_effects_task.h(109): warning:  #47-D: incompatible redefinition of macro "FALSE"  (declared at line 45 of "../components/algorithm/user_lib.h")
  #define FALSE 0x00U
../application/sound_effects_task.h(110): warning:  #47-D: incompatible redefinition of macro "TRUE"  (declared at line 41 of "../components/algorithm/user_lib.h")
  #define TRUE  0x01U
../application/sound_effects_task.h(137): warning:  #1-D: last line of file ends without a newline
  #endif /* __SOUND_EFFECTS_TASK_H */
../Src/freertos.c(201): warning:  #550-D: variable "s"  was set but never used
    float s[3] = {0};
../Src/freertos.c: 13 warnings, 0 errors
compiling can.c...
compiling crc.c...
compiling dma.c...
compiling i2c.c...
compiling rtc.c...
compiling spi.c...
compiling tim.c...
compiling usart.c...
compiling usb_device.c...
compiling usbd_conf.c...
compiling usbd_desc.c...
compiling usbd_cdc_if.c...
../application/shoot.h(101): warning:  #1295-D: Deprecated declaration shoot_control_loop - give arg types
  const shoot_control_t *shoot_control_loop();
../application/shoot.h(104): warning:  #1-D: last line of file ends without a newline
  #endif
../application/INS_task.h(85): warning:  #1295-D: Deprecated declaration get_INS - give arg types
  extern INS_t *get_INS();
../application/gimbal_task.h(325): warning:  #1295-D: Deprecated declaration get_chassis_data_point - give arg types
  extern chassis_data_t *get_chassis_data_point();
../application/gimbal_task.h(326): warning:  #1295-D: Deprecated declaration get_gimbal_data - give arg types
  extern gimbal_control_t *get_gimbal_data();
../application/Self_aim.h(60): warning:  #1295-D: Deprecated declaration get_selfaim_data - give arg types
  InputData *get_selfaim_data();
../Src/usbd_cdc_if.c: 6 warnings, 0 errors
compiling stm32f4xx_it.c...
../Src/stm32f4xx_it.c(170): warning:  #223-D: function "xPortSysTickHandler" declared implicitly
    xPortSysTickHandler();
../Src/stm32f4xx_it.c: 1 warning, 0 errors
compiling stm32f4xx_hal_msp.c...
compiling system_stm32f4xx.c...
compiling bsp_buzzer.c...
compiling bsp_can.c...
compiling bsp_delay.c...
compiling bsp_flash.c...
compiling bsp_imu_pwm.c...
compiling bsp_led.c...
compiling bsp_rc.c...
compiling bsp_spi.c...
compiling bsp_laser.c...
..\bsp\boards\bsp_laser.c(10): warning:  #1-D: last line of file ends without a newline
  }
..\bsp\boards\bsp_laser.c: 1 warning, 0 errors
compiling bsp_dwt.c...
compiling bsp_PWM.c...
compiling bsp_buzzer_driver.c...
compiling CAN_receive.c...
..\application\CAN_receive.c(394): warning:  #1-D: last line of file ends without a newline
  }
..\application\CAN_receive.c: 1 warning, 0 errors
compiling gimbal_task.c...
..\application\shoot.h(101): warning:  #1295-D: Deprecated declaration shoot_control_loop - give arg types
  const shoot_control_t *shoot_control_loop();
..\application\shoot.h(104): warning:  #1-D: last line of file ends without a newline
  #endif
..\application\INS_task.h(85): warning:  #1295-D: Deprecated declaration get_INS - give arg types
  extern INS_t *get_INS();
..\application\gimbal_task.h(325): warning:  #1295-D: Deprecated declaration get_chassis_data_point - give arg types
  extern chassis_data_t *get_chassis_data_point();
..\application\gimbal_task.h(326): warning:  #1295-D: Deprecated declaration get_gimbal_data - give arg types
  extern gimbal_control_t *get_gimbal_data();
..\application\Self_aim.h(60): warning:  #1295-D: Deprecated declaration get_selfaim_data - give arg types
  InputData *get_selfaim_data();
..\application\gimbal_task.c(485): warning:  #1035-D: single-precision operand implicitly converted to double-precision
        feedback_update->gimbal_pitch_motor.self_aim_pitch_angle=Self_aim_data->pitch/3.14*180;
..\application\gimbal_task.c(487): warning:  #1035-D: single-precision operand implicitly converted to double-precision
        feedback_update->gimbal_yaw_motor.self_aim_yaw_angle=Self_aim_data->yaw/3.14*180;
..\application\gimbal_task.c(540): warning:  #550-D: variable "a"  was set but never used
        static  int16_t a=0;
..\application\gimbal_task.c(868): warning:  #1035-D: single-precision operand implicitly converted to double-precision
                gimbal_control_set->gimbal_pitch_motor.absolute_angle_set-=pitch_channel*
ITCH_RC_SEN_INS+gimbal_control_set->gimbal_rc_ctrl->mouse.y*
ITCH_MOUSE_SEN*0.5;
..\application\gimbal_task.c(879): warning:  #1035-D: single-precision operand implicitly converted to double-precision
                        gimbal_control_set->gimbal_pitch_motor.absolute_angle_set-=pitch_channel*
ITCH_RC_SEN_INS+gimbal_control_set->gimbal_rc_ctrl->mouse.y*
ITCH_MOUSE_SEN*0.5;
..\application\gimbal_task.c(736): warning:  #177-D: variable "angleset"  was declared but never referenced
        fp32 angleset;
..\application\gimbal_task.c(928): warning:  #187-D: use of "=" where "==" may have been intended
        if((last_press==1)&&(press=3))
..\application\gimbal_task.c(723): warning:  #177-D: function "gimbal_PID_clear"  was declared but never referenced
  static void gimbal_PID_clear(gimbal_PID_t *gimbal_pid_clear)
..\application\gimbal_task.c(259): warning:  #177-D: variable "chassis_self_aim_yaw_filter"  was declared but never referenced
  const static fp32 chassis_self_aim_yaw_filter[1] = {CHASSIS_ACCEL_Y_NUM};
..\application\gimbal_task.c(265): warning:  #177-D: variable "yaw_can_set_current"  was declared but never referenced
  static int16_t yaw_can_set_current = 0, pitch_can_set_current = 0;
..\application\gimbal_task.c(265): warning:  #177-D: variable "pitch_can_set_current"  was declared but never referenced
  static int16_t yaw_can_set_current = 0, pitch_can_set_current = 0;
..\application\gimbal_task.c(651): warning:  #177-D: function "gimbal_motor_absolute_angle_control"  was declared but never referenced
  static void gimbal_motor_absolute_angle_control(gimbal_motor_t *gimbal_motor)
..\application\gimbal_task.c: 18 warnings, 0 errors
compiling detect_task.c...
compiling INS_task.c...
..\application\INS_task.h(85): warning:  #1295-D: Deprecated declaration get_INS - give arg types
  extern INS_t *get_INS();
..\application\INS_task.c: 1 warning, 0 errors
compiling led_flow_task.c...
compiling remote_control.c...
compiling test_task.c...
..\application\vofa.h(4): warning:  #1-D: last line of file ends without a newline
  void vofa_task();
..\application\vofa.h(4): warning:  #1295-D: Deprecated declaration vofa_task - give arg types
  void vofa_task();
..\application\shoot.h(101): warning:  #1295-D: Deprecated declaration shoot_control_loop - give arg types
  const shoot_control_t *shoot_control_loop();
..\application\shoot.h(104): warning:  #1-D: last line of file ends without a newline
  #endif
..\application\INS_task.h(85): warning:  #1295-D: Deprecated declaration get_INS - give arg types
  extern INS_t *get_INS();
..\application\gimbal_task.h(325): warning:  #1295-D: Deprecated declaration get_chassis_data_point - give arg types
  extern chassis_data_t *get_chassis_data_point();
..\application\gimbal_task.h(326): warning:  #1295-D: Deprecated declaration get_gimbal_data - give arg types
  extern gimbal_control_t *get_gimbal_data();
..\application\test_task.c(64): warning:  #177-D: function "buzzer_warn_error"  was declared but never referenced
  static void buzzer_warn_error(uint8_t num)
..\application\test_task.c: 8 warnings, 0 errors
compiling CAN_task.c...
..\application\CAN_task.h(2): warning:  #1295-D: Deprecated declaration can_task - give arg types
  void can_task();
..\application\shoot.h(101): warning:  #1295-D: Deprecated declaration shoot_control_loop - give arg types
  const shoot_control_t *shoot_control_loop();
..\application\shoot.h(104): warning:  #1-D: last line of file ends without a newline
  #endif
..\application\INS_task.h(85): warning:  #1295-D: Deprecated declaration get_INS - give arg types
  extern INS_t *get_INS();
..\application\gimbal_task.h(325): warning:  #1295-D: Deprecated declaration get_chassis_data_point - give arg types
  extern chassis_data_t *get_chassis_data_point();
..\application\gimbal_task.h(326): warning:  #1295-D: Deprecated declaration get_gimbal_data - give arg types
  extern gimbal_control_t *get_gimbal_data();
..\application\CAN_task.c: 6 warnings, 0 errors
compiling vofa.c...
..\application\vofa.h(4): warning:  #1-D: last line of file ends without a newline
  void vofa_task();
..\application\vofa.h(4): warning:  #1295-D: Deprecated declaration vofa_task - give arg types
  void vofa_task();
..\application\shoot.h(101): warning:  #1295-D: Deprecated declaration shoot_control_loop - give arg types
  const shoot_control_t *shoot_control_loop();
..\application\shoot.h(104): warning:  #1-D: last line of file ends without a newline
  #endif
..\application\INS_task.h(85): warning:  #1295-D: Deprecated declaration get_INS - give arg types
  extern INS_t *get_INS();
..\application\gimbal_task.h(325): warning:  #1295-D: Deprecated declaration get_chassis_data_point - give arg types
  extern chassis_data_t *get_chassis_data_point();
..\application\gimbal_task.h(326): warning:  #1295-D: Deprecated declaration get_gimbal_data - give arg types
  extern gimbal_control_t *get_gimbal_data();
..\application\vofa.c(23): warning:  #1-D: last line of file ends without a newline
  }
..\application\vofa.c: 8 warnings, 0 errors
compiling shoot.c...
..\application\shoot.h(101): warning:  #1295-D: Deprecated declaration shoot_control_loop - give arg types
  const shoot_control_t *shoot_control_loop();
..\application\shoot.h(104): warning:  #1-D: last line of file ends without a newline
  #endif
../bsp/boards/bsp_laser.h(5): warning:  #1-D: last line of file ends without a newline
  #endif
..\application\shoot.c(195): warning:  #1-D: last line of file ends without a newline
  }
..\application\shoot.c: 4 warnings, 0 errors
compiling Self_aim.c...
..\application\shoot.h(101): warning:  #1295-D: Deprecated declaration shoot_control_loop - give arg types
  const shoot_control_t *shoot_control_loop();
..\application\shoot.h(104): warning:  #1-D: last line of file ends without a newline
  #endif
..\application\INS_task.h(85): warning:  #1295-D: Deprecated declaration get_INS - give arg types
  extern INS_t *get_INS();
..\application\gimbal_task.h(325): warning:  #1295-D: Deprecated declaration get_chassis_data_point - give arg types
  extern chassis_data_t *get_chassis_data_point();
..\application\gimbal_task.h(326): warning:  #1295-D: Deprecated declaration get_gimbal_data - give arg types
  extern gimbal_control_t *get_gimbal_data();
..\application\Self_aim.h(60): warning:  #1295-D: Deprecated declaration get_selfaim_data - give arg types
  InputData *get_selfaim_data();
..\application\Self_aim.c(89): warning:  #1035-D: single-precision operand implicitly converted to double-precision
      Send_Data.output_data.yaw = gimbal_data->gimbal_yaw_motor.absolute_angle / 180 * 3.1415926;
..\application\Self_aim.c(121): warning:  #1-D: last line of file ends without a newline
  }
..\application\Self_aim.c: 8 warnings, 0 errors
compiling buzzer_TIM_init.c...
compiling sound_effects_task.c...
..\application\sound_effects_task.h(137): warning:  #1-D: last line of file ends without a newline
  #endif /* __SOUND_EFFECTS_TASK_H */
..\application\sound_effects_task.c: 1 warning, 0 errors
compiling BMI088driver.c...
compiling BMI088Middleware.c...
compiling ist8310driver.c...
compiling ist8310driver_middleware.c...
compiling kalman_filter.c...
compiling QuaternionEKF.c...
compiling controller.c...
compiling AHRS_middleware.c...
compiling user_lib.c...
compiling CRC8_CRC16.c...
compiling pid.c...
..\components\controller\pid.c(149): warning:  #1-D: last line of file ends without a newline
  }
..\components\controller\pid.c: 1 warning, 0 errors
compiling stm32f4xx_hal_pcd.c...
compiling stm32f4xx_hal_pcd_ex.c...
compiling stm32f4xx_ll_usb.c...
compiling stm32f4xx_hal_rcc.c...
compiling stm32f4xx_hal_rcc_ex.c...
compiling stm32f4xx_hal_flash.c...
compiling stm32f4xx_hal_flash_ex.c...
compiling stm32f4xx_hal_flash_ramfunc.c...
compiling stm32f4xx_hal_gpio.c...
compiling stm32f4xx_hal_dma_ex.c...
compiling stm32f4xx_hal_dma.c...
compiling stm32f4xx_hal_pwr.c...
compiling stm32f4xx_hal_pwr_ex.c...
compiling stm32f4xx_hal_cortex.c...
compiling stm32f4xx_hal.c...
compiling stm32f4xx_hal_exti.c...
compiling stm32f4xx_hal_can.c...
compiling stm32f4xx_hal_crc.c...
compiling stm32f4xx_hal_i2c.c...
compiling stm32f4xx_hal_i2c_ex.c...
compiling stm32f4xx_hal_rtc.c...
compiling stm32f4xx_hal_rtc_ex.c...
compiling stm32f4xx_hal_spi.c...
compiling stm32f4xx_hal_tim.c...
compiling stm32f4xx_hal_tim_ex.c...
compiling stm32f4xx_hal_uart.c...
compiling croutine.c...
compiling event_groups.c...
compiling list.c...
compiling queue.c...
compiling stream_buffer.c...
compiling tasks.c...
compiling timers.c...
compiling cmsis_os.c...
compiling heap_4.c...
compiling port.c...
compiling usbd_core.c...
compiling usbd_ctlreq.c...
compiling usbd_ioreq.c...
compiling usbd_cdc.c...
linking...
Program Size: Code=72012 RO-data=4560 RW-data=1788 ZI-data=54836  
FromELF: creating hex file...
"gimbal_task\gimbal_task.axf" - 0 Error(s), 82 Warning(s).

<h2>Software Packages used:</h2>

Package Vendor: ARM
                http://www.keil.com/pack/ARM.CMSIS.5.0.1.pack
                ARM.CMSIS.5.0.1
                CMSIS (Cortex Microcontroller Software Interface Standard)
   * Component: CORE Version: 5.0.1

Package Vendor: Keil
                https://www.keil.com/pack/Keil.STM32F4xx_DFP.2.17.1.pack
                Keil.STM32F4xx_DFP.2.17.1
                STMicroelectronics STM32F4 Series Device Support, Drivers and Examples

<h2>Collection of Component include folders:</h2>
  .\RTE\_gimbal_task
  C:\KEIL C51\ARM\PACK\ARM\CMSIS\5.0.1\CMSIS\Include
  C:\KEIL C51\ARM\PACK\Keil\STM32F4xx_DFP\2.17.1\Drivers\CMSIS\Device\ST\STM32F4xx\Include

<h2>Collection of Component Files used:</h2>

   * Component: ARM::CMSIS:CORE:5.0.1
Build Time Elapsed:  00:01:58
</pre>
</body>
</html>
