<html>
<body>
<pre>
<h1>µVision Build Log</h1>
<h2>Tool Versions:</h2>
IDE-Version: ¦ÌVision V5.24.2.0
Copyright (C) 2017 ARM Ltd and ARM Germany GmbH. All rights reserved.
License Information: 11 wwww, HP Inc., LIC=03C6R-KPAS0-BSQYX-HMX8R-YBSK6-AIEQG
 
Tool Versions:
Toolchain:       MDK-ARM Plus  Version: 5.24.1
Toolchain Path:  C:\KEIL C51\ARM\ARMCC\Bin
C Compiler:      Armcc.exe V5.06 update 5 (build 528)
Assembler:       Armasm.exe V5.06 update 5 (build 528)
Linker/Locator:  ArmLink.exe V5.06 update 5 (build 528)
Library Manager: ArmAr.exe V5.06 update 5 (build 528)
Hex Converter:   FromElf.exe V5.06 update 5 (build 528)
CPU DLL:         SARMCM3.DLL V5.24.1
Dialog DLL:      DCM.DLL V1.16.0.0
Target DLL:      CMSIS_AGDI.dll V1.28.3.0
Dialog DLL:      TCM.DLL V1.32.0.0
 
<h2>Project:</h2>
C:\Users\zhangfan\Downloads\HERO (2) (1)\HERO (2) (1)\HERO\HERO\gimbal_task +newins - keyboard\MDK-ARM\gimbal_task.uvprojx
Project File Date:  10/06/2025

<h2>Output:</h2>
*** Using Compiler 'V5.06 update 5 (build 528)', folder: 'C:\KEIL C51\ARM\ARMCC\Bin'
Build target 'gimbal_task'
assembling startup_stm32f407xx.s...
compiling main.c...
../application/shoot.h(42): warning:  #1295-D: Deprecated declaration shoot_control_loop - give arg types
  const shoot_control_t *shoot_control_loop();
../application/shoot.h(45): warning:  #1-D: last line of file ends without a newline
  #endif
../application/INS_task.h(85): warning:  #1295-D: Deprecated declaration get_INS - give arg types
  extern INS_t *get_INS();
../application/gimbal_task.h(319): warning:  #1295-D: Deprecated declaration get_chassis_data_point - give arg types
  extern chassis_data_t *get_chassis_data_point();
../application/gimbal_task.h(320): warning:  #1295-D: Deprecated declaration get_gimbal_data - give arg types
  extern gimbal_control_t *get_gimbal_data();
../Src/main.c: 5 warnings, 0 errors
compiling gpio.c...
compiling freertos.c...
../application/shoot.h(42): warning:  #1295-D: Deprecated declaration shoot_control_loop - give arg types
  const shoot_control_t *shoot_control_loop();
../application/shoot.h(45): warning:  #1-D: last line of file ends without a newline
  #endif
../application/INS_task.h(85): warning:  #1295-D: Deprecated declaration get_INS - give arg types
  extern INS_t *get_INS();
../application/gimbal_task.h(319): warning:  #1295-D: Deprecated declaration get_chassis_data_point - give arg types
  extern chassis_data_t *get_chassis_data_point();
../application/gimbal_task.h(320): warning:  #1295-D: Deprecated declaration get_gimbal_data - give arg types
  extern gimbal_control_t *get_gimbal_data();
../application/CAN_task.h(2): warning:  #1295-D: Deprecated declaration can_task - give arg types
  void can_task();
../Src/freertos.c(183): warning:  #550-D: variable "s"  was set but never used
    float s[3] = {0};
../Src/freertos.c: 7 warnings, 0 errors
compiling can.c...
compiling crc.c...
compiling dma.c...
compiling i2c.c...
compiling rtc.c...
compiling spi.c...
compiling tim.c...
compiling usart.c...
compiling stm32f4xx_it.c...
compiling stm32f4xx_hal_msp.c...
compiling system_stm32f4xx.c...
compiling bsp_buzzer.c...
compiling bsp_can.c...
compiling bsp_delay.c...
compiling bsp_flash.c...
compiling bsp_imu_pwm.c...
compiling bsp_led.c...
compiling bsp_rc.c...
compiling bsp_spi.c...
compiling bsp_laser.c...
..\bsp\boards\bsp_laser.c(10): warning:  #1-D: last line of file ends without a newline
  }
..\bsp\boards\bsp_laser.c: 1 warning, 0 errors
compiling bsp_dwt.c...
compiling bsp_PWM.c...
compiling CAN_receive.c...
..\application\CAN_receive.c(394): warning:  #1-D: last line of file ends without a newline
  }
..\application\CAN_receive.c: 1 warning, 0 errors
compiling gimbal_task.c...
..\application\shoot.h(42): warning:  #1295-D: Deprecated declaration shoot_control_loop - give arg types
  const shoot_control_t *shoot_control_loop();
..\application\shoot.h(45): warning:  #1-D: last line of file ends without a newline
  #endif
..\application\INS_task.h(85): warning:  #1295-D: Deprecated declaration get_INS - give arg types
  extern INS_t *get_INS();
..\application\gimbal_task.h(319): warning:  #1295-D: Deprecated declaration get_chassis_data_point - give arg types
  extern chassis_data_t *get_chassis_data_point();
..\application\gimbal_task.h(320): warning:  #1295-D: Deprecated declaration get_gimbal_data - give arg types
  extern gimbal_control_t *get_gimbal_data();
..\application\Self_aim.h(49): warning:  #1-D: last line of file ends without a newline
  InputData *get_selfaim_data();
..\application\Self_aim.h(49): warning:  #1295-D: Deprecated declaration get_selfaim_data - give arg types
  InputData *get_selfaim_data();
..\application\gimbal_task.c(472): warning:  #1035-D: single-precision operand implicitly converted to double-precision
        feedback_update->gimbal_pitch_motor.self_aim_pitch_angle=Self_aim_data->shoot_pitch/3.14*180;
..\application\gimbal_task.c(474): warning:  #1035-D: single-precision operand implicitly converted to double-precision
        feedback_update->gimbal_yaw_motor.self_aim_yaw_angle=sliding_average(Self_aim_data->shoot_yaw/3.14*180);
..\application\gimbal_task.c(523): warning:  #177-D: variable "pitch_mouse"  was declared but never referenced
        static  int16_t pitch_mouse = 0;
..\application\gimbal_task.c(526): warning:  #177-D: variable "a"  was declared but never referenced
        static  int16_t a=0;
..\application\gimbal_task.c(527): warning:  #177-D: variable "b"  was declared but never referenced
        static  int16_t b=0;
..\application\gimbal_task.c(714): warning:  #177-D: variable "angleset"  was declared but never referenced
        fp32 angleset;
..\application\gimbal_task.c(653): warning:  #177-D: function "gimbal_PID_init"  was declared but never referenced
  static void gimbal_PID_init(gimbal_PID_t *pid, fp32 maxout, fp32 max_iout, fp32 kp, fp32 ki, fp32 kd)
..\application\gimbal_task.c(701): warning:  #177-D: function "gimbal_PID_clear"  was declared but never referenced
  static void gimbal_PID_clear(gimbal_PID_t *gimbal_pid_clear)
..\application\gimbal_task.c(258): warning:  #177-D: variable "chassis_self_aim_yaw_filter"  was declared but never referenced
  const static fp32 chassis_self_aim_yaw_filter[1] = {CHASSIS_ACCEL_Y_NUM};
..\application\gimbal_task.c(264): warning:  #177-D: variable "yaw_can_set_current"  was declared but never referenced
  static int16_t yaw_can_set_current = 0, pitch_can_set_current = 0;
..\application\gimbal_task.c(264): warning:  #177-D: variable "pitch_can_set_current"  was declared but never referenced
  static int16_t yaw_can_set_current = 0, pitch_can_set_current = 0;
..\application\gimbal_task.c(630): warning:  #177-D: function "gimbal_motor_absolute_angle_control"  was declared but never referenced
  static void gimbal_motor_absolute_angle_control(gimbal_motor_t *gimbal_motor)
..\application\gimbal_task.c: 19 warnings, 0 errors
compiling detect_task.c...
compiling INS_task.c...
..\application\INS_task.h(85): warning:  #1295-D: Deprecated declaration get_INS - give arg types
  extern INS_t *get_INS();
..\application\INS_task.c: 1 warning, 0 errors
compiling led_flow_task.c...
compiling remote_control.c...
compiling test_task.c...
..\application\vofa.h(2): warning:  #1-D: last line of file ends without a newline
  void sendfloatdata(float data[],uint8_t number);
..\application\shoot.h(42): warning:  #1295-D: Deprecated declaration shoot_control_loop - give arg types
  const shoot_control_t *shoot_control_loop();
..\application\shoot.h(45): warning:  #1-D: last line of file ends without a newline
  #endif
..\application\INS_task.h(85): warning:  #1295-D: Deprecated declaration get_INS - give arg types
  extern INS_t *get_INS();
..\application\gimbal_task.h(319): warning:  #1295-D: Deprecated declaration get_chassis_data_point - give arg types
  extern chassis_data_t *get_chassis_data_point();
..\application\gimbal_task.h(320): warning:  #1295-D: Deprecated declaration get_gimbal_data - give arg types
  extern gimbal_control_t *get_gimbal_data();
..\application\test_task.c(64): warning:  #177-D: function "buzzer_warn_error"  was declared but never referenced
  static void buzzer_warn_error(uint8_t num)
..\application\test_task.c: 7 warnings, 0 errors
compiling CAN_task.c...
..\application\CAN_task.h(2): warning:  #1295-D: Deprecated declaration can_task - give arg types
  void can_task();
..\application\shoot.h(42): warning:  #1295-D: Deprecated declaration shoot_control_loop - give arg types
  const shoot_control_t *shoot_control_loop();
..\application\shoot.h(45): warning:  #1-D: last line of file ends without a newline
  #endif
..\application\INS_task.h(85): warning:  #1295-D: Deprecated declaration get_INS - give arg types
  extern INS_t *get_INS();
..\application\gimbal_task.h(319): warning:  #1295-D: Deprecated declaration get_chassis_data_point - give arg types
  extern chassis_data_t *get_chassis_data_point();
..\application\gimbal_task.h(320): warning:  #1295-D: Deprecated declaration get_gimbal_data - give arg types
  extern gimbal_control_t *get_gimbal_data();
..\application\CAN_task.c: 6 warnings, 0 errors
compiling vofa.c...
..\application\vofa.h(2): warning:  #1-D: last line of file ends without a newline
  void sendfloatdata(float data[],uint8_t number);
..\application\vofa.c(9): warning:  #1-D: last line of file ends without a newline
  }
..\application\vofa.c: 2 warnings, 0 errors
compiling shoot.c...
..\application\shoot.h(42): warning:  #1295-D: Deprecated declaration shoot_control_loop - give arg types
  const shoot_control_t *shoot_control_loop();
..\application\shoot.h(45): warning:  #1-D: last line of file ends without a newline
  #endif
../bsp/boards/bsp_laser.h(5): warning:  #1-D: last line of file ends without a newline
  #endif
..\application\shoot.c(169): warning:  #1-D: last line of file ends without a newline
  }
..\application\shoot.c: 4 warnings, 0 errors
compiling Self_aim.c...
..\application\Self_aim.h(49): warning:  #1-D: last line of file ends without a newline
  InputData *get_selfaim_data();
..\application\Self_aim.h(49): warning:  #1295-D: Deprecated declaration get_selfaim_data - give arg types
  InputData *get_selfaim_data();
..\application\shoot.h(42): warning:  #1295-D: Deprecated declaration shoot_control_loop - give arg types
  const shoot_control_t *shoot_control_loop();
..\application\shoot.h(45): warning:  #1-D: last line of file ends without a newline
  #endif
..\application\INS_task.h(85): warning:  #1295-D: Deprecated declaration get_INS - give arg types
  extern INS_t *get_INS();
..\application\gimbal_task.h(319): warning:  #1295-D: Deprecated declaration get_chassis_data_point - give arg types
  extern chassis_data_t *get_chassis_data_point();
..\application\gimbal_task.h(320): warning:  #1295-D: Deprecated declaration get_gimbal_data - give arg types
  extern gimbal_control_t *get_gimbal_data();
..\application\Self_aim.c(66): warning:  #177-D: variable "tail"  was declared but never referenced
                  FrameTailer *tail = (FrameTailer *)(buffer + sizeof(FrameHeader) + sizeof(InputData));
..\application\Self_aim.c(94): warning:  #1035-D: single-precision operand implicitly converted to double-precision
    Send_Data.output_data.curr_yaw = gimbal_data->gimbal_yaw_motor.absolute_angle/180*3.1415926;        
..\application\Self_aim.c(95): warning:  #1035-D: single-precision operand implicitly converted to double-precision
    Send_Data.output_data.curr_pitch =gimbal_data->gimbal_pitch_motor.absolute_angle/180*3.1415926;     
..\application\Self_aim.c(136): warning:  #1-D: last line of file ends without a newline
  }
..\application\Self_aim.c: 11 warnings, 0 errors
compiling BMI088driver.c...
compiling BMI088Middleware.c...
compiling ist8310driver.c...
compiling ist8310driver_middleware.c...
compiling kalman_filter.c...
compiling QuaternionEKF.c...
compiling controller.c...
compiling AHRS_middleware.c...
compiling user_lib.c...
compiling CRC8_CRC16.c...
compiling pid.c...
..\components\controller\pid.c(149): warning:  #1-D: last line of file ends without a newline
  }
..\components\controller\pid.c: 1 warning, 0 errors
compiling stm32f4xx_hal_can.c...
compiling stm32f4xx_hal_rcc.c...
compiling stm32f4xx_hal_rcc_ex.c...
compiling stm32f4xx_hal_flash.c...
compiling stm32f4xx_hal_flash_ex.c...
compiling stm32f4xx_hal_flash_ramfunc.c...
compiling stm32f4xx_hal_gpio.c...
compiling stm32f4xx_hal_dma_ex.c...
compiling stm32f4xx_hal_dma.c...
compiling stm32f4xx_hal_pwr.c...
compiling stm32f4xx_hal_pwr_ex.c...
compiling stm32f4xx_hal_cortex.c...
compiling stm32f4xx_hal.c...
compiling stm32f4xx_hal_exti.c...
compiling stm32f4xx_hal_crc.c...
compiling stm32f4xx_hal_i2c.c...
compiling stm32f4xx_hal_i2c_ex.c...
compiling stm32f4xx_hal_rtc.c...
compiling stm32f4xx_hal_rtc_ex.c...
compiling stm32f4xx_hal_spi.c...
compiling stm32f4xx_hal_tim.c...
compiling stm32f4xx_hal_tim_ex.c...
compiling stm32f4xx_hal_uart.c...
compiling croutine.c...
compiling event_groups.c...
compiling list.c...
compiling queue.c...
compiling stream_buffer.c...
compiling tasks.c...
compiling timers.c...
compiling cmsis_os.c...
compiling heap_4.c...
compiling port.c...
linking...
Program Size: Code=59012 RO-data=4372 RW-data=1408 ZI-data=47728  
FromELF: creating hex file...
"gimbal_task\gimbal_task.axf" - 0 Error(s), 65 Warning(s).

<h2>Software Packages used:</h2>

Package Vendor: ARM
                http://www.keil.com/pack/ARM.CMSIS.5.0.1.pack
                ARM.CMSIS.5.0.1
                CMSIS (Cortex Microcontroller Software Interface Standard)
   * Component: CORE Version: 5.0.1

Package Vendor: Keil
                https://www.keil.com/pack/Keil.STM32F4xx_DFP.2.17.1.pack
                Keil.STM32F4xx_DFP.2.17.1
                STMicroelectronics STM32F4 Series Device Support, Drivers and Examples

<h2>Collection of Component include folders:</h2>
  .\RTE\_gimbal_task
  C:\KEIL C51\ARM\PACK\ARM\CMSIS\5.0.1\CMSIS\Include
  C:\KEIL C51\ARM\PACK\Keil\STM32F4xx_DFP\2.17.1\Drivers\CMSIS\Device\ST\STM32F4xx\Include

<h2>Collection of Component Files used:</h2>

   * Component: ARM::CMSIS:CORE:5.0.1
Build Time Elapsed:  00:03:16
</pre>
</body>
</html>
