Component: ARM Compiler 5.06 update 5 (build 528) Tool: armlink [4d35e2]

==============================================================================

Section Cross References

    startup_stm32f407xx.o(STACK) refers (Special) to heapauxi.o(.text) for __use_two_region_memory
    startup_stm32f407xx.o(HEAP) refers (Special) to heapauxi.o(.text) for __use_two_region_memory
    startup_stm32f407xx.o(RESET) refers (Special) to heapauxi.o(.text) for __use_two_region_memory
    startup_stm32f407xx.o(RESET) refers to startup_stm32f407xx.o(STACK) for __initial_sp
    startup_stm32f407xx.o(RESET) refers to startup_stm32f407xx.o(.text) for Reset_Handler
    startup_stm32f407xx.o(RESET) refers to stm32f4xx_it.o(i.NMI_Handler) for NMI_Handler
    startup_stm32f407xx.o(RESET) refers to stm32f4xx_it.o(i.HardFault_Handler) for HardFault_Handler
    startup_stm32f407xx.o(RESET) refers to stm32f4xx_it.o(i.MemManage_Handler) for MemManage_Handler
    startup_stm32f407xx.o(RESET) refers to stm32f4xx_it.o(i.BusFault_Handler) for BusFault_Handler
    startup_stm32f407xx.o(RESET) refers to stm32f4xx_it.o(i.UsageFault_Handler) for UsageFault_Handler
    startup_stm32f407xx.o(RESET) refers to port.o(.emb_text) for SVC_Handler
    startup_stm32f407xx.o(RESET) refers to stm32f4xx_it.o(i.DebugMon_Handler) for DebugMon_Handler
    startup_stm32f407xx.o(RESET) refers to stm32f4xx_it.o(i.SysTick_Handler) for SysTick_Handler
    startup_stm32f407xx.o(RESET) refers to stm32f4xx_it.o(i.EXTI0_IRQHandler) for EXTI0_IRQHandler
    startup_stm32f407xx.o(RESET) refers to stm32f4xx_it.o(i.EXTI3_IRQHandler) for EXTI3_IRQHandler
    startup_stm32f407xx.o(RESET) refers to stm32f4xx_it.o(i.EXTI4_IRQHandler) for EXTI4_IRQHandler
    startup_stm32f407xx.o(RESET) refers to stm32f4xx_it.o(i.CAN1_RX0_IRQHandler) for CAN1_RX0_IRQHandler
    startup_stm32f407xx.o(RESET) refers to stm32f4xx_it.o(i.EXTI9_5_IRQHandler) for EXTI9_5_IRQHandler
    startup_stm32f407xx.o(RESET) refers to stm32f4xx_it.o(i.USART1_IRQHandler) for USART1_IRQHandler
    startup_stm32f407xx.o(RESET) refers to remote_control.o(i.USART3_IRQHandler) for USART3_IRQHandler
    startup_stm32f407xx.o(RESET) refers to stm32f4xx_it.o(i.CAN2_RX0_IRQHandler) for CAN2_RX0_IRQHandler
    startup_stm32f407xx.o(.text) refers (Special) to heapauxi.o(.text) for __use_two_region_memory
    startup_stm32f407xx.o(.text) refers to system_stm32f4xx.o(i.SystemInit) for SystemInit
    startup_stm32f407xx.o(.text) refers to __main.o(!!!main) for __main
    startup_stm32f407xx.o(.text) refers to startup_stm32f407xx.o(HEAP) for Heap_Mem
    startup_stm32f407xx.o(.text) refers to startup_stm32f407xx.o(STACK) for Stack_Mem
    main.o(i.SystemClock_Config) refers to rt_memclr_w.o(.text) for __aeabi_memclr4
    main.o(i.SystemClock_Config) refers to stm32f4xx_hal_rcc.o(i.HAL_RCC_OscConfig) for HAL_RCC_OscConfig
    main.o(i.SystemClock_Config) refers to main.o(i.Error_Handler) for Error_Handler
    main.o(i.SystemClock_Config) refers to stm32f4xx_hal_rcc.o(i.HAL_RCC_ClockConfig) for HAL_RCC_ClockConfig
    main.o(i.main) refers to stm32f4xx_hal.o(i.HAL_Init) for HAL_Init
    main.o(i.main) refers to main.o(i.SystemClock_Config) for SystemClock_Config
    main.o(i.main) refers to gpio.o(i.MX_GPIO_Init) for MX_GPIO_Init
    main.o(i.main) refers to dma.o(i.MX_DMA_Init) for MX_DMA_Init
    main.o(i.main) refers to can.o(i.MX_CAN1_Init) for MX_CAN1_Init
    main.o(i.main) refers to can.o(i.MX_CAN2_Init) for MX_CAN2_Init
    main.o(i.main) refers to spi.o(i.MX_SPI1_Init) for MX_SPI1_Init
    main.o(i.main) refers to tim.o(i.MX_TIM4_Init) for MX_TIM4_Init
    main.o(i.main) refers to tim.o(i.MX_TIM5_Init) for MX_TIM5_Init
    main.o(i.main) refers to usart.o(i.MX_USART3_UART_Init) for MX_USART3_UART_Init
    main.o(i.main) refers to tim.o(i.MX_TIM8_Init) for MX_TIM8_Init
    main.o(i.main) refers to i2c.o(i.MX_I2C3_Init) for MX_I2C3_Init
    main.o(i.main) refers to rtc.o(i.MX_RTC_Init) for MX_RTC_Init
    main.o(i.main) refers to tim.o(i.MX_TIM1_Init) for MX_TIM1_Init
    main.o(i.main) refers to tim.o(i.MX_TIM3_Init) for MX_TIM3_Init
    main.o(i.main) refers to tim.o(i.MX_TIM10_Init) for MX_TIM10_Init
    main.o(i.main) refers to usart.o(i.MX_USART1_UART_Init) for MX_USART1_UART_Init
    main.o(i.main) refers to crc.o(i.MX_CRC_Init) for MX_CRC_Init
    main.o(i.main) refers to bsp_can.o(i.can_filter_init) for can_filter_init
    main.o(i.main) refers to bsp_delay.o(i.delay_init) for delay_init
    main.o(i.main) refers to remote_control.o(i.remote_control_init) for remote_control_init
    main.o(i.main) refers to bsp_dwt.o(i.DWT_Init) for DWT_Init
    main.o(i.main) refers to bmi088driver.o(i.BMI088_init) for BMI088_init
    main.o(i.main) refers to ins_task.o(i.INS_Init) for INS_Init
    main.o(i.main) refers to freertos.o(i.MX_FREERTOS_Init) for MX_FREERTOS_Init
    main.o(i.main) refers to cmsis_os.o(i.osKernelStart) for osKernelStart
    main.o(i.main) refers to spi.o(.bss) for hspi1
[...]
    RTC_EnterInitMode                        0x080085a9   Thumb Code    66  stm32f4xx_hal_rtc.o(i.RTC_EnterInitMode)
    SysTick_Handler                          0x080086f7   Thumb Code    20  stm32f4xx_it.o(i.SysTick_Handler)
    SystemClock_Config                       0x0800870d   Thumb Code   170  main.o(i.SystemClock_Config)
    SystemInit                               0x080087c1   Thumb Code    82  system_stm32f4xx.o(i.SystemInit)
    TIM_Base_SetConfig                       0x08008825   Thumb Code   182  stm32f4xx_hal_tim.o(i.TIM_Base_SetConfig)
    TIM_CCxChannelCmd                        0x080088f1   Thumb Code    30  stm32f4xx_hal_tim.o(i.TIM_CCxChannelCmd)
    TIM_ETR_SetConfig                        0x0800890f   Thumb Code    22  stm32f4xx_hal_tim.o(i.TIM_ETR_SetConfig)
    TIM_OC2_SetConfig                        0x080089a5   Thumb Code   112  stm32f4xx_hal_tim.o(i.TIM_OC2_SetConfig)
    TIM_Set_PWM                              0x08008aed   Thumb Code    58  bsp_pwm.o(i.TIM_Set_PWM)
    USART1_IRQHandler                        0x08008ffd   Thumb Code    10  stm32f4xx_it.o(i.USART1_IRQHandler)
    USART3_IRQHandler                        0x0800900d   Thumb Code   276  remote_control.o(i.USART3_IRQHandler)
    UsageFault_Handler                       0x0800913d   Thumb Code     4  stm32f4xx_it.o(i.UsageFault_Handler)
    __ARM_fpclassifyf                        0x08009141   Thumb Code    38  fpclassifyf.o(i.__ARM_fpclassifyf)
    __hardfp_acosf                           0x08009169   Thumb Code   234  acosf.o(i.__hardfp_acosf)
    __hardfp_asinf                           0x08009281   Thumb Code   258  asinf.o(i.__hardfp_asinf)
    __hardfp_atan2f                          0x080093ad   Thumb Code   502  atan2f.o(i.__hardfp_atan2f)
    __hardfp_sqrtf                           0x080095fd   Thumb Code    58  sqrtf_full.o(i.__hardfp_sqrtf)
    __mathlib_flt_infnan                     0x08009637   Thumb Code     6  funder.o(i.__mathlib_flt_infnan)
    __mathlib_flt_infnan2                    0x0800963d   Thumb Code     6  funder.o(i.__mathlib_flt_infnan2)
    __mathlib_flt_invalid                    0x08009645   Thumb Code    10  funder.o(i.__mathlib_flt_invalid)
    __mathlib_flt_underflow                  0x08009655   Thumb Code    10  funder.o(i.__mathlib_flt_underflow)
    aRGB_led_show                            0x08009665   Thumb Code    82  bsp_led.o(i.aRGB_led_show)
    bmi088_accel_init                        0x080096cd   Thumb Code   348  bmi088driver.o(i.bmi088_accel_init)
    bmi088_gyro_init                         0x08009839   Thumb Code   284  bmi088driver.o(i.bmi088_gyro_init)
    can_filter_init                          0x08009969   Thumb Code    84  bsp_can.o(i.can_filter_init)
    can_gimbal_chassis_data1                 0x080099c5   Thumb Code   112  can_receive.o(i.can_gimbal_chassis_data1)
    can_gimbal_chassis_data2                 0x08009a41   Thumb Code   112  can_receive.o(i.can_gimbal_chassis_data2)
    can_gimbal_chassis_data3                 0x08009abd   Thumb Code   104  can_receive.o(i.can_gimbal_chassis_data3)
    can_gimbal_chassis_data4                 0x08009b31   Thumb Code    98  can_receive.o(i.can_gimbal_chassis_data4)
    can_task                                 0x08009ba1   Thumb Code    40  can_task.o(i.can_task)
    chassis_rc_to_control_vector             0x08009bc9   Thumb Code   928  gimbal_task.o(i.chassis_rc_to_control_vector)
    delay_init                               0x08009fa9   Thumb Code    32  bsp_delay.o(i.delay_init)
    detect_hook                              0x08009fd9   Thumb Code   288  detect_task.o(i.detect_hook)
    detect_task                              0x0800a269   Thumb Code   628  detect_task.o(i.detect_task)
    first_order_filter_cali                  0x0800aa33   Thumb Code    84  user_lib.o(i.first_order_filter_cali)
    first_order_filter_init                  0x0800aa89   Thumb Code    32  user_lib.o(i.first_order_filter_init)
    float_constrain                          0x0800aaad   Thumb Code    42  user_lib.o(i.float_constrain)
    float_rounding                           0x0800aad9   Thumb Code    62  user_lib.o(i.float_rounding)
    friction_control_set                     0x0800ab21   Thumb Code    42  shoot.o(i.friction_control_set)
    get_CRC16_check_sum                      0x0800ab59   Thumb Code    46  crc8_crc16.o(i.get_CRC16_check_sum)
    get_INS                                  0x0800ab8d   Thumb Code     4  ins_task.o(i.get_INS)
    get_INS_angle_point                      0x0800ab95   Thumb Code     4  ins_task.o(i.get_INS_angle_point)
    get_chassis_data_point                   0x0800ab9d   Thumb Code     4  gimbal_task.o(i.get_chassis_data_point)
    get_chassis_motor_measure_point          0x0800aba5   Thumb Code    18  can_receive.o(i.get_chassis_motor_measure_point)
    get_gyro_data_point                      0x0800abbd   Thumb Code     4  ins_task.o(i.get_gyro_data_point)
    get_pitch_gimbal_motor_measure_point     0x0800abc5   Thumb Code     4  can_receive.o(i.get_pitch_gimbal_motor_measure_point)
    get_remote_control_point                 0x0800abcd   Thumb Code     4  remote_control.o(i.get_remote_control_point)
    get_selfaim_data                         0x0800abd5   Thumb Code     4  self_aim.o(i.get_selfaim_data)
    get_video_motor_measure_point            0x0800abdd   Thumb Code     4  can_receive.o(i.get_video_motor_measure_point)
    gimbal_task                              0x0800b0a5   Thumb Code   144  gimbal_task.o(i.gimbal_task)
    ins_task                                 0x0800b13d   Thumb Code    50  freertos.o(i.ins_task)
    laser_off                                0x0800b1b1   Thumb Code    10  bsp_laser.o(i.laser_off)
    laser_on                                 0x0800b1c1   Thumb Code    12  bsp_laser.o(i.laser_on)
    led_RGB_flow_task                        0x0800b1d1   Thumb Code   422  led_flow_task.o(i.led_RGB_flow_task)
    main                                     0x0800b381   Thumb Code   120  main.o(i.main)
    osDelay                                  0x0800b43d   Thumb Code    16  cmsis_os.o(i.osDelay)
    osKernelStart                            0x0800b44d   Thumb Code    10  cmsis_os.o(i.osKernelStart)
    osThreadCreate                           0x0800b457   Thumb Code    92  cmsis_os.o(i.osThreadCreate)
    pvPortMalloc                             0x0800bcd5   Thumb Code   218  heap_4.o(i.pvPortMalloc)
    pxPortInitialiseStack                    0x0800bdb9   Thumb Code    38  port.o(i.pxPortInitialiseStack)
    remote_control_init                      0x0800bde5   Thumb Code    16  remote_control.o(i.remote_control_init)
    servo_control                            0x0800bed5   Thumb Code    88  gimbal_task.o(i.servo_control)
    shoot_Init                               0x0800bf3d   Thumb Code   108  shoot.o(i.shoot_Init)
    shoot_control_loop                       0x0800bfbd   Thumb Code   362  shoot.o(i.shoot_control_loop)
    shoot_feedback_update                    0x0800c131   Thumb Code    44  shoot.o(i.shoot_feedback_update)
    shoot_set_mode                           0x0800c161   Thumb Code    60  shoot.o(i.shoot_set_mode)
    shoot_speed_filter                       0x0800c1a5   Thumb Code    84  shoot.o(i.shoot_speed_filter)
    sliding_average                          0x0800c1fd   Thumb Code    84  gimbal_task.o(i.sliding_average)
    sqrtf                                    0x0800c25d   Thumb Code    62  sqrtf_full.o(i.sqrtf)
    test_task                                0x0800c29b   Thumb Code    10  test_task.o(i.test_task)
    uxListRemove                             0x0800c2a5   Thumb Code    38  list.o(i.uxListRemove)
    uxTaskGetStackHighWaterMark              0x0800c2cd   Thumb Code    14  tasks.o(i.uxTaskGetStackHighWaterMark)
    vApplicationGetIdleTaskMemory            0x0800c2e1   Thumb Code    14  freertos.o(i.vApplicationGetIdleTaskMemory)
    vApplicationGetTimerTaskMemory           0x0800c2f9   Thumb Code    16  freertos.o(i.vApplicationGetTimerTaskMemory)
    vListInitialise                          0x0800c311   Thumb Code    22  list.o(i.vListInitialise)
    vListInitialiseItem                      0x0800c327   Thumb Code     6  list.o(i.vListInitialiseItem)
    vListInsert                              0x0800c32d   Thumb Code    54  list.o(i.vListInsert)
    vListInsertEnd                           0x0800c363   Thumb Code    24  list.o(i.vListInsertEnd)
    vPortEnterCritical                       0x0800c37d   Thumb Code    54  port.o(i.vPortEnterCritical)
    vPortExitCritical                        0x0800c3bd   Thumb Code    38  port.o(i.vPortExitCritical)
    vPortFree                                0x0800c3e9   Thumb Code    88  heap_4.o(i.vPortFree)
    vPortSetupTimerInterrupt                 0x0800c445   Thumb Code    32  port.o(i.vPortSetupTimerInterrupt)
    vPortValidateInterruptPriority           0x0800c469   Thumb Code    74  port.o(i.vPortValidateInterruptPriority)
    vQueueAddToRegistry                      0x0800c4bd   Thumb Code    34  queue.o(i.vQueueAddToRegistry)
    vQueueWaitForMessageRestricted           0x0800c4e5   Thumb Code    74  queue.o(i.vQueueWaitForMessageRestricted)
    vTaskDelay                               0x0800c531   Thumb Code    70  tasks.o(i.vTaskDelay)
    vTaskInternalSetTimeOutState             0x0800c581   Thumb Code    12  tasks.o(i.vTaskInternalSetTimeOutState)
    vTaskMissedYield                         0x0800c591   Thumb Code     8  tasks.o(i.vTaskMissedYield)
    vTaskPlaceOnEventList                    0x0800c59d   Thumb Code    48  tasks.o(i.vTaskPlaceOnEventList)
    vTaskPlaceOnEventListRestricted          0x0800c5d1   Thumb Code    54  tasks.o(i.vTaskPlaceOnEventListRestricted)
    vTaskStartScheduler                      0x0800c60d   Thumb Code   128  tasks.o(i.vTaskStartScheduler)
    vTaskSuspendAll                          0x0800c69d   Thumb Code    10  tasks.o(i.vTaskSuspendAll)
    vTaskSwitchContext                       0x0800c6ad   Thumb Code    86  tasks.o(i.vTaskSwitchContext)
    verify_CRC16_check_sum                   0x0800c70d   Thumb Code    60  crc8_crc16.o(i.verify_CRC16_check_sum)
    xPortStartScheduler                      0x0800c74d   Thumb Code   232  port.o(i.xPortStartScheduler)
    xPortSysTickHandler                      0x0800c851   Thumb Code    38  port.o(i.xPortSysTickHandler)
    xQueueGenericCreateStatic                0x0800c87d   Thumb Code   112  queue.o(i.xQueueGenericCreateStatic)
    xQueueGenericReset                       0x0800c8ed   Thumb Code   138  queue.o(i.xQueueGenericReset)
    xQueueGenericSend                        0x0800c97d   Thumb Code   362  queue.o(i.xQueueGenericSend)
    xQueueGenericSendFromISR                 0x0800caed   Thumb Code   188  queue.o(i.xQueueGenericSendFromISR)
    xQueueReceive                            0x0800cba9   Thumb Code   322  queue.o(i.xQueueReceive)
    xTaskCheckForTimeOut                     0x0800ccf1   Thumb Code   148  tasks.o(i.xTaskCheckForTimeOut)
    xTaskCreate                              0x0800cd89   Thumb Code   108  tasks.o(i.xTaskCreate)
    xTaskCreateStatic                        0x0800cdf5   Thumb Code    96  tasks.o(i.xTaskCreateStatic)
    xTaskGetSchedulerState                   0x0800ce55   Thumb Code    24  tasks.o(i.xTaskGetSchedulerState)
    xTaskGetTickCount                        0x0800ce71   Thumb Code     6  tasks.o(i.xTaskGetTickCount)
    xTaskIncrementTick                       0x0800ce7d   Thumb Code   200  tasks.o(i.xTaskIncrementTick)
    xTaskPriorityDisinherit                  0x0800cf4d   Thumb Code   146  tasks.o(i.xTaskPriorityDisinherit)
    xTaskRemoveFromEventList                 0x0800cfe9   Thumb Code   108  tasks.o(i.xTaskRemoveFromEventList)
    xTaskResumeAll                           0x0800d061   Thumb Code   190  tasks.o(i.xTaskResumeAll)
    xTimerCreateTimerTask                    0x0800d12d   Thumb Code    86  timers.o(i.xTimerCreateTimerTask)
    xTimerGenericCommand                     0x0800d195   Thumb Code   112  timers.o(i.xTimerGenericCommand)
    __aeabi_d2f                              0x0800d209   Thumb Code     0  d2f_clz.o(x$fpl$d2f)
    _d2f                                     0x0800d209   Thumb Code   700  d2f_clz.o(x$fpl$d2f)
    __aeabi_dadd                             0x0800d4cd   Thumb Code     0  daddsub_clz.o(x$fpl$dadd)
    _dadd                                    0x0800d4cd   Thumb Code   580  daddsub_clz.o(x$fpl$dadd)
    __aeabi_ddiv                             0x0800d719   Thumb Code     0  ddiv_clz.o(x$fpl$ddiv)
    _ddiv                                    0x0800d719   Thumb Code   748  ddiv_clz.o(x$fpl$ddiv)
    __aeabi_i2d                              0x0800da95   Thumb Code     0  dflt_clz.o(x$fpl$dflt)
    _dflt                                    0x0800da95   Thumb Code    46  dflt_clz.o(x$fpl$dflt)
    __dflt_normalise                         0x0800dac3   Thumb Code    26  dflt_clz.o(x$fpl$dfltn)
    __aeabi_dmul                             0x0800dadd   Thumb Code     0  dmul_clz.o(x$fpl$dmul)
    _dmul                                    0x0800dadd   Thumb Code   440  dmul_clz.o(x$fpl$dmul)
    __fpl_dnaninf                            0x0800dc9d   Thumb Code   258  dnaninf.o(x$fpl$dnaninf)
    __fpl_drenorm2                           0x0800dd9f   Thumb Code   106  drenorm_clz.o(x$fpl$drenorm)
    __fpl_drenorm1                           0x0800de09   Thumb Code     6  drenorm_clz.o(x$fpl$drenorm)
    __fpl_dretinf                            0x0800de0f   Thumb Code    12  dretinf.o(x$fpl$dretinf)
    __aeabi_dsub                             0x0800de1d   Thumb Code     0  daddsub_clz.o(x$fpl$dsub)
    _dsub                                    0x0800de1d   Thumb Code   664  daddsub_clz.o(x$fpl$dsub)
    __dunder                                 0x0800e0b9   Thumb Code   314  dunder_clz.o(x$fpl$dunder)
    __dunder_d                               0x0800e1f3   Thumb Code    64  dunder_clz.o(x$fpl$dunder)
    __fpl_exception                          0x0800e235   Thumb Code   454  except.o(x$fpl$exception)
    __aeabi_f2d                              0x0800e421   Thumb Code     0  f2d.o(x$fpl$f2d)
    _f2d                                     0x0800e421   Thumb Code   122  f2d.o(x$fpl$f2d)
    __fpl_fnaninf                            0x0800e49b   Thumb Code   242  fnaninf.o(x$fpl$fnaninf)
    _fp_init                                 0x0800e58d   Thumb Code    10  fpinit.o(x$fpl$fpinit)
    __fplib_config_fpu_vfp                   0x0800e595   Thumb Code     0  fpinit.o(x$fpl$fpinit)
    __fplib_config_pureend_doubles           0x0800e595   Thumb Code     0  fpinit.o(x$fpl$fpinit)
    __fpl_fretinf                            0x0800e597   Thumb Code    10  fretinf.o(x$fpl$fretinf)
    __funder                                 0x0800e5a1   Thumb Code   254  funder_clz.o(x$fpl$funder)
    __funder_d                               0x0800e69f   Thumb Code    62  funder_clz.o(x$fpl$funder)
    __fpl_return_NaN                         0x0800e6dd   Thumb Code   178  retnan.o(x$fpl$retnan)
    _fp_trapveneer                           0x0800e78f   Thumb Code    36  trapv.o(x$fpl$trapveneer)
    __fpl_cmpreturn                          0x0800e7b3   Thumb Code    90  trapv.o(x$fpl$trapveneer)
    __I$use$fp                               0x0800e80c   Number         0  usenofp.o(x$fpl$usenofp)
    AHBPrescTable                            0x0800e8b4   Data          16  system_stm32f4xx.o(.constdata)
    APBPrescTable                            0x0800e8c4   Data           8  system_stm32f4xx.o(.constdata)
    xb                                       0x0800e95c   Data          12  ins_task.o(.constdata)
    yb                                       0x0800e968   Data          12  ins_task.o(.constdata)
    zb                                       0x0800e974   Data          12  ins_task.o(.constdata)
    IMU_QuaternionEKF_F                      0x0800e9a4   Data         144  quaternionekf.o(.constdata)
    CRC8_INIT                                0x0800ea34   Data           1  crc8_crc16.o(.constdata)
    CRC8_table                               0x0800ea35   Data         256  crc8_crc16.o(.constdata)
    wCRC_Table                               0x0800eb36   Data         512  crc8_crc16.o(.constdata)
    wCRC_table                               0x0800ed36   Data         512  crc8_crc16.o(.constdata)
    sinTable_f32                             0x0800ef40   Data        2052  arm_common_tables.o(.constdata)
    Region$$Table$$Base                      0x0800f778   Number         0  anon$$obj.o(Region$$Table)
    Region$$Table$$Limit                     0x0800f798   Number         0  anon$$obj.o(Region$$Table)
    detect_handle                            0x20000000   Data           4  freertos.o(.data)
    gimbalTaskHandle                         0x20000004   Data           4  freertos.o(.data)
    imuTaskHandle                            0x20000008   Data           4  freertos.o(.data)
    led_RGB_flow_handle                      0x2000000c   Data           4  freertos.o(.data)
    can_task_handle                          0x20000010   Data           4  freertos.o(.data)
    testHandle                               0x20000014   Data           4  freertos.o(.data)
    hcrc                                     0x2000001c   Data           8  crc.o(.data)
    SystemCoreClock                          0x20000024   Data           4  system_stm32f4xx.o(.data)
    SysTime                                  0x20000038   Data           8  bsp_dwt.o(.data)
    CYCCNT64                                 0x20000058   Data           8  bsp_dwt.o(.data)
    gimbal_high_water                        0x2000008c   Data           4  gimbal_task.o(.data)
    data_index                               0x20000090   Data           4  gimbal_task.o(.data)
    chassis_flag                             0x20000094   Data           1  gimbal_task.o(.data)
    aimflag                                  0x20000095   Data           1  gimbal_task.o(.data)
    turnflag                                 0x20000096   Data           1  gimbal_task.o(.data)
    videoflag                                0x20000097   Data           1  gimbal_task.o(.data)
    tuidanflag                               0x20000098   Data           1  gimbal_task.o(.data)
    Self_aim_data                            0x2000009c   Data           4  gimbal_task.o(.data)
    a                                        0x200000a0   Data           4  gimbal_task.o(.data)
    servoflag                                0x200000a8   Data           2  gimbal_task.o(.data)
    last_press                               0x200000aa   Data           2  gimbal_task.o(.data)
    press                                    0x200000ac   Data           2  gimbal_task.o(.data)
    detect_task_stack                        0x200000c0   Data           4  detect_task.o(.data)
    INS_DWT_Count                            0x200000cc   Data           4  ins_task.o(.data)
    ins_debug_mode                           0x200000d8   Data           1  ins_task.o(.data)
    RefTemp                                  0x200000dc   Data           4  ins_task.o(.data)
    RGB_flow_color                           0x20000114   Data          28  led_flow_task.o(.data)
    data1                                    0x20000134   Data           8  shoot.o(.data)
    shoot_flag                               0x2000013c   Data           4  shoot.o(.data)
    Usart_Receive                            0x20000140   Data           1  self_aim.o(.data)
    received                                 0x20000142   Data           2  self_aim.o(.data)
    Count                                    0x20000144   Data           1  self_aim.o(.data)
    sendTick                                 0x20000148   Data           4  self_aim.o(.data)
    gimbal_data                              0x2000014c   Data           4  self_aim.o(.data)
    BMI088_ACCEL_SEN                         0x20000150   Data           4  bmi088driver.o(.data)
    BMI088_GYRO_SEN                          0x20000154   Data           4  bmi088driver.o(.data)
    gNormDiff                                0x2000015c   Data           4  bmi088driver.o(.data)
    caliOffset                               0x20000160   Data           1  bmi088driver.o(.data)
    caliCount                                0x20000162   Data           2  bmi088driver.o(.data)
    BMI088_SPI                               0x20000198   Data           4  bmi088middleware.o(.data)
    sizeof_float                             0x2000019c   Data           2  kalman_filter.o(.data)
    sizeof_double                            0x2000019e   Data           2  kalman_filter.o(.data)
    IMU_QuaternionEKF_P                      0x200001a0   Data         144  quaternionekf.o(.data)
    GlobalDebugMode                          0x200004e4   Data           1  user_lib.o(.data)
    CRC16_INIT                               0x200004fc   Data           2  crc8_crc16.o(.data)
    uwTickFreq                               0x20000500   Data           1  stm32f4xx_hal.o(.data)
    uwTickPrio                               0x20000504   Data           4  stm32f4xx_hal.o(.data)
    uwTick                                   0x20000508   Data           4  stm32f4xx_hal.o(.data)
    pxCurrentTCB                             0x2000050c   Data           4  tasks.o(.data)
    hcan1                                    0x20000c28   Data          40  can.o(.bss)
    hcan2                                    0x20000c50   Data          40  can.o(.bss)
    hi2c3                                    0x20000c78   Data          84  i2c.o(.bss)
    hrtc                                     0x20000ccc   Data          32  rtc.o(.bss)
    hspi1                                    0x20000cec   Data          88  spi.o(.bss)
    hdma_spi1_rx                             0x20000d44   Data          96  spi.o(.bss)
    hdma_spi1_tx                             0x20000da4   Data          96  spi.o(.bss)
    htim1                                    0x20000e04   Data          64  tim.o(.bss)
    htim3                                    0x20000e44   Data          64  tim.o(.bss)
    htim4                                    0x20000e84   Data          64  tim.o(.bss)
    htim5                                    0x20000ec4   Data          64  tim.o(.bss)
    htim8                                    0x20000f04   Data          64  tim.o(.bss)
    htim10                                   0x20000f44   Data          64  tim.o(.bss)
    huart1                                   0x20000f84   Data          64  usart.o(.bss)
    huart3                                   0x20000fc4   Data          64  usart.o(.bss)
    hdma_usart3_rx                           0x20001004   Data          96  usart.o(.bss)
    yaw_buffer                               0x20001120   Data          40  gimbal_task.o(.bss)
    gimbal_control                           0x20001148   Data        1100  gimbal_task.o(.bss)
    chassis_data                             0x20001594   Data          64  gimbal_task.o(.bss)
    chassis_self_aim_yaw                     0x200015d4   Data          16  gimbal_task.o(.bss)
    error_list                               0x200015e4   Data         540  detect_task.o(.bss)
    INS                                      0x20001800   Data         128  ins_task.o(.bss)
    IMU_Param                                0x20001880   Data          28  ins_task.o(.bss)
    TempCtrl                                 0x2000189c   Data         170  ins_task.o(.bss)
    INS_angle                                0x20001948   Data          12  ins_task.o(.bss)
    rc_ctrl                                  0x20001954   Data          22  remote_control.o(.bss)
    shoot_control                            0x200019b4   Data         200  shoot.o(.bss)
    buffer                                   0x20001a7c   Data          14  self_aim.o(.bss)
    inputdata                                0x20001a8a   Data          10  self_aim.o(.bss)
    Send_Data                                0x20001a94   Data          19  self_aim.o(.bss)
    gyroDiff                                 0x20001aa8   Data          12  bmi088driver.o(.bss)
    BMI088                                   0x20001ab4   Data          52  bmi088driver.o(.bss)
    QEKF_INS                                 0x20001ae8   Data         472  quaternionekf.o(.bss)
    IMU_QuaternionEKF_K                      0x20001cc0   Data          72  quaternionekf.o(.bss)
    IMU_QuaternionEKF_H                      0x20001d08   Data          72  quaternionekf.o(.bss)
    xQueueRegistry                           0x20001d50   Data          64  queue.o(.bss)
    __libspace_start                         0x20007f90   Data          96  libspace.o(.bss)
    __temporary_stack_top$libspace           0x20007ff0   Data           0  libspace.o(.bss)



==============================================================================

Memory Map of the image

  Image Entry point : 0x08000189

  Load Region LR_IROM1 (Base: 0x08000000, Size: 0x0000fd18, Max: 0x00100000, ABSOLUTE, COMPRESSED[0x0000f868])

    Execution Region ER_IROM1 (Exec base: 0x08000000, Load base: 0x08000000, Size: 0x0000f798, Max: 0x00100000, ABSOLUTE)

    Exec Addr    Load Addr    Size         Type   Attr      Idx    E Section Name        Object

    0x08000000   0x08000000   0x00000188   Data   RO            3    RESET               startup_stm32f407xx.o
    0x08000188   0x08000188   0x00000008   Code   RO         9072  * !!!main             c_w.l(__main.o)
    0x08000190   0x08000190   0x00000034   Code   RO         9440    !!!scatter          c_w.l(__scatter.o)
    0x080001c4   0x080001c4   0x0000005a   Code   RO         9438    !!dczerorl2         c_w.l(__dczerorl2.o)
    0x0800021e   0x0800021e   0x00000002   PAD
    0x08000220   0x08000220   0x0000001c   Code   RO         9442    !!handler_zi        c_w.l(__scatter_zi.o)
    0x0800023c   0x0800023c   0x00000002   Code   RO         9377    .ARM.Collect$$libinit$$00000000  c_w.l(libinit.o)
    0x0800023e   0x0800023e   0x00000004   Code   RO         9210    .ARM.Collect$$libinit$$00000001  c_w.l(libinit2.o)
    0x08000242   0x08000242   0x00000000   Code   RO         9213    .ARM.Collect$$libinit$$00000004  c_w.l(libinit2.o)
    0x08000242   0x08000242   0x00000008   Code   RO         9214    .ARM.Collect$$libinit$$00000005  c_w.l(libinit2.o)
    0x0800024a   0x0800024a   0x00000000   Code   RO         9216    .ARM.Collect$$libinit$$0000000A  c_w.l(libinit2.o)
    0x0800024a   0x0800024a   0x00000000   Code   RO         9218    .ARM.Collect$$libinit$$0000000C  c_w.l(libinit2.o)
    0x0800024a   0x0800024a   0x00000000   Code   RO         9220    .ARM.Collect$$libinit$$0000000E  c_w.l(libinit2.o)
    0x0800024a   0x0800024a   0x00000000   Code   RO         9223    .ARM.Collect$$libinit$$00000011  c_w.l(libinit2.o)
    0x0800024a   0x0800024a   0x00000000   Code   RO         9225    .ARM.Collect$$libinit$$00000013  c_w.l(libinit2.o)
    0x0800024a   0x0800024a   0x00000000   Code   RO         9227    .ARM.Collect$$libinit$$00000015  c_w.l(libinit2.o)
    0x0800024a   0x0800024a   0x00000000   Code   RO         9229    .ARM.Collect$$libinit$$00000017  c_w.l(libinit2.o)
    0x0800024a   0x0800024a   0x00000000   Code   RO         9231    .ARM.Collect$$libinit$$00000019  c_w.l(libinit2.o)
    0x0800024a   0x0800024a   0x00000000   Code   RO         9233    .ARM.Collect$$libinit$$0000001B  c_w.l(libinit2.o)
    0x0800024a   0x0800024a   0x00000000   Code   RO         9235    .ARM.Collect$$libinit$$0000001D  c_w.l(libinit2.o)
    0x0800024a   0x0800024a   0x00000000   Code   RO         9237    .ARM.Collect$$libinit$$0000001F  c_w.l(libinit2.o)
    0x0800024a   0x0800024a   0x00000000   Code   RO         9239    .ARM.Collect$$libinit$$00000021  c_w.l(libinit2.o)
    0x0800024a   0x0800024a   0x00000000   Code   RO         9241    .ARM.Collect$$libinit$$00000023  c_w.l(libinit2.o)
    0x0800024a   0x0800024a   0x00000000   Code   RO         9243    .ARM.Collect$$libinit$$00000025  c_w.l(libinit2.o)
    0x0800024a   0x0800024a   0x00000000   Code   RO         9247    .ARM.Collect$$libinit$$0000002C  c_w.l(libinit2.o)
    0x0800024a   0x0800024a   0x00000000   Code   RO         9249    .ARM.Collect$$libinit$$0000002E  c_w.l(libinit2.o)
    0x0800024a   0x0800024a   0x00000000   Code   RO         9251    .ARM.Collect$$libinit$$00000030  c_w.l(libinit2.o)
    0x0800024a   0x0800024a   0x00000000   Code   RO         9253    .ARM.Collect$$libinit$$00000032  c_w.l(libinit2.o)
    0x0800024a   0x0800024a   0x00000002   Code   RO         9254    .ARM.Collect$$libinit$$00000033  c_w.l(libinit2.o)
    0x0800024c   0x0800024c   0x00000002   Code   RO         9435    .ARM.Collect$$libshutdown$$00000000  c_w.l(libshutdown.o)
    0x0800024e   0x0800024e   0x00000000   Code   RO         9393    .ARM.Collect$$libshutdown$$00000002  c_w.l(libshutdown2.o)
    0x0800024e   0x0800024e   0x00000000   Code   RO         9395    .ARM.Collect$$libshutdown$$00000004  c_w.l(libshutdown2.o)
    0x0800024e   0x0800024e   0x00000000   Code   RO         9398    .ARM.Collect$$libshutdown$$00000007  c_w.l(libshutdown2.o)
    0x0800024e   0x0800024e   0x00000000   Code   RO         9401    .ARM.Collect$$libshutdown$$0000000A  c_w.l(libshutdown2.o)
    0x0800024e   0x0800024e   0x00000000   Code   RO         9403    .ARM.Collect$$libshutdown$$0000000C  c_w.l(libshutdown2.o)
    0x0800024e   0x0800024e   0x00000000   Code   RO         9406    .ARM.Collect$$libshutdown$$0000000F  c_w.l(libshutdown2.o)
    0x0800024e   0x0800024e   0x00000002   Code   RO         9407    .ARM.Collect$$libshutdown$$00000010  c_w.l(libshutdown2.o)
    0x08000250   0x08000250   0x00000000   Code   RO         9170    .ARM.Collect$$rtentry$$00000000  c_w.l(__rtentry.o)
    0x08000250   0x08000250   0x00000000   Code   RO         9303    .ARM.Collect$$rtentry$$00000002  c_w.l(__rtentry2.o)
    0x08000250   0x08000250   0x00000006   Code   RO         9315    .ARM.Collect$$rtentry$$00000004  c_w.l(__rtentry4.o)
    0x08000256   0x08000256   0x00000000   Code   RO         9305    .ARM.Collect$$rtentry$$00000009  c_w.l(__rtentry2.o)
    0x08000256   0x08000256   0x00000004   Code   RO         9306    .ARM.Collect$$rtentry$$0000000A  c_w.l(__rtentry2.o)
    0x0800025a   0x0800025a   0x00000000   Code   RO         9308    .ARM.Collect$$rtentry$$0000000C  c_w.l(__rtentry2.o)
    0x0800025a   0x0800025a   0x00000008   Code   RO         9309    .ARM.Collect$$rtentry$$0000000D  c_w.l(__rtentry2.o)
    0x08000262   0x08000262   0x00000002   Code   RO         9380    .ARM.Collect$$rtexit$$00000000  c_w.l(rtexit.o)
    0x08000264   0x08000264   0x00000000   Code   RO         9411    .ARM.Collect$$rtexit$$00000002  c_w.l(rtexit2.o)
    0x08000264   0x08000264   0x00000004   Code   RO         9412    .ARM.Collect$$rtexit$$00000003  c_w.l(rtexit2.o)
    0x08000268   0x08000268   0x00000006   Code   RO         9413    .ARM.Collect$$rtexit$$00000004  c_w.l(rtexit2.o)
    0x0800026e   0x0800026e   0x00000002   PAD
    0x08000270   0x08000270   0x000000be   Code   RO         8616    .emb_text           port.o
    0x0800032e   0x0800032e   0x00000002   PAD
    0x08000330   0x08000330   0x00000000   Code   RO         9326    .emb_text           c_w.l(maybetermalloc1.o)
    0x08000330   0x08000330   0x00000040   Code   RO            4    .text               startup_stm32f407xx.o
    0x08000370   0x08000370   0x00000078   Code   RO         8696    .text               arm_cortexM4lf_math.lib(arm_cos_f32.o)
    0x080003e8   0x080003e8   0x00000074   Code   RO         8749    .text               arm_cortexM4lf_math.lib(arm_sin_f32.o)
    0x0800045c   0x0800045c   0x00000108   Code   RO         8773    .text               arm_cortexM4lf_math.lib(arm_mat_add_f32.o)
    0x08000564   0x08000564   0x00000008   Code   RO         8797    .text               arm_cortexM4lf_math.lib(arm_mat_init_f32.o)
    0x0800056c   0x0800056c   0x00000530   Code   RO         8821    .text               arm_cortexM4lf_math.lib(arm_mat_inverse_f32.o)
    0x08000a9c   0x08000a9c   0x0000013c   Code   RO         8845    .text               arm_cortexM4lf_math.lib(arm_mat_mult_f32.o)
    0x08000bd8   0x08000bd8   0x00000108   Code   RO         8869    .text               arm_cortexM4lf_math.lib(arm_mat_sub_f32.o)
    0x08000ce0   0x08000ce0   0x00000114   Code   RO         8893    .text               arm_cortexM4lf_math.lib(arm_mat_trans_f32.o)
    0x08000df4   0x08000df4   0x0000005e   Code   RO         9000    .text               c_w.l(h1_alloc.o)
    0x08000e52   0x08000e52   0x000000ee   Code   RO         9054    .text               c_w.l(lludivv7m.o)
    0x08000f40   0x08000f40   0x0000008a   Code   RO         9058    .text               c_w.l(rt_memcpy_v6.o)
    0x08000fca   0x08000fca   0x00000064   Code   RO         9060    .text               c_w.l(rt_memcpy_w.o)
    0x0800102e   0x0800102e   0x00000010   Code   RO         9064    .text               c_w.l(aeabi_memset.o)
    0x0800103e   0x0800103e   0x00000044   Code   RO         9066    .text               c_w.l(rt_memclr.o)
    0x08001082   0x08001082   0x0000004e   Code   RO         9068    .text               c_w.l(rt_memclr_w.o)
    0x080010d0   0x080010d0   0x00000006   Code   RO         9070    .text               c_w.l(heapauxi.o)
    0x080010d6   0x080010d6   0x00000002   PAD
    0x080010d8   0x080010d8   0x00000008   Code   RO         9178    .text               c_w.l(rt_heap_descriptor_intlibspace.o)
    0x080010e0   0x080010e0   0x00000004   Code   RO         9180    .text               c_w.l(hguard.o)
    0x080010e4   0x080010e4   0x0000008a   Code   RO         9182    .text               c_w.l(init_alloc.o)
    0x0800116e   0x0800116e   0x0000000e   Code   RO         9188    .text               c_w.l(h1_init.o)
    0x0800117c   0x0800117c   0x0000004e   Code   RO         9190    .text               c_w.l(h1_free.o)
    0x080011ca   0x080011ca   0x00000016   Code   RO         9206    .text               c_w.l(_rserrno.o)
    0x080011e0   0x080011e0   0x00000008   Code   RO         9299    .text               c_w.l(libspace.o)
    0x080011e8   0x080011e8   0x00000008   Code   RO         9322    .text               c_w.l(rt_errno_addr_intlibspace.o)
    0x080011f0   0x080011f0   0x00000034   Code   RO         9328    .text               c_w.l(h1_extend.o)
    0x08001224   0x08001224   0x00000030   Code   RO         9332    .text               c_w.l(_fptrap.o)
    0x08001254   0x08001254   0x0000000e   Code   RO         9334    .text               c_w.l(defsig_rtmem_outer.o)
    0x08001262   0x08001262   0x00000002   Code   RO         9349    .text               c_w.l(use_no_semi.o)
    0x08001264   0x08001264   0x00000000   Code   RO         9351    .text               c_w.l(indicate_semi.o)
    0x08001264   0x08001264   0x0000004a   Code   RO         9352    .text               c_w.l(sys_stackheap_outer.o)
    0x080012ae   0x080012ae   0x00000012   Code   RO         9358    .text               c_w.l(exit.o)
    0x080012c0   0x080012c0   0x0000000a   Code   RO         9360    .text               c_w.l(defsig_exit.o)
    0x080012ca   0x080012ca   0x0000000e   Code   RO         9362    .text               c_w.l(defsig_fpe_outer.o)
    0x080012d8   0x080012d8   0x00000050   Code   RO         9366    .text               c_w.l(defsig_rtmem_inner.o)
    0x08001328   0x08001328   0x0000000c   Code   RO         9378    .text               c_w.l(sys_exit.o)
    0x08001334   0x08001334   0x00000032   Code   RO         9388    .text               c_w.l(defsig_general.o)
    0x08001366   0x08001366   0x00000002   PAD
    0x08001368   0x08001368   0x000000ac   Code   RO         9390    .text               c_w.l(defsig_fpe_inner.o)
    0x08001414   0x08001414   0x0000000e   Code   RO         9408    .text               c_w.l(sys_wrch.o)
    0x08001422   0x08001422   0x00000002   PAD
    0x08001424   0x08001424   0x00000014   Code   RO         2423    i.BMI088_ACCEL_NS_H  bmi088middleware.o
    0x08001438   0x08001438   0x00000014   Code   RO         2424    i.BMI088_ACCEL_NS_L  bmi088middleware.o
    0x0800144c   0x0800144c   0x00000014   Code   RO         2425    i.BMI088_GYRO_NS_H  bmi088middleware.o
    0x08001460   0x08001460   0x00000014   Code   RO         2426    i.BMI088_GYRO_NS_L  bmi088middleware.o
    0x08001474   0x08001474   0x0000027c   Code   RO         2342    i.BMI088_Read       bmi088driver.o
    0x080016f0   0x080016f0   0x00000098   Code   RO         2343    i.BMI088_init       bmi088driver.o
    0x08001788   0x08001788   0x00000026   Code   RO         2344    i.BMI088_read_muli_reg  bmi088driver.o
    0x080017ae   0x080017ae   0x00000018   Code   RO         2345    i.BMI088_read_single_reg  bmi088driver.o
    0x080017c6   0x080017c6   0x00000002   PAD
    0x080017c8   0x080017c8   0x00000024   Code   RO         2427    i.BMI088_read_write_byte  bmi088middleware.o
    0x080017ec   0x080017ec   0x00000014   Code   RO         2346    i.BMI088_write_single_reg  bmi088driver.o
    0x08001800   0x08001800   0x0000015a   Code   RO         1853    i.BodyFrameToEarthFrame  ins_task.o
    0x0800195a   0x0800195a   0x00000004   Code   RO          763    i.BusFault_Handler  stm32f4xx_it.o
    0x0800195e   0x0800195e   0x00000002   PAD
    0x08001960   0x08001960   0x00000010   Code   RO          764    i.CAN1_RX0_IRQHandler  stm32f4xx_it.o
    0x08001970   0x08001970   0x00000010   Code   RO          765    i.CAN2_RX0_IRQHandler  stm32f4xx_it.o
    0x08001980   0x08001980   0x00000050   Code   RO         1429    i.CAN_cmd_chassis   can_receive.o
    0x080019d0   0x080019d0   0x00000050   Code   RO         1431    i.CAN_cmd_gimbal    can_receive.o
    0x08001a20   0x08001a20   0x0000000c   Code   RO         1432    i.CAN_receive_referee_data  can_receive.o
    0x08001a2c   0x08001a2c   0x00000540   Code   RO         2347    i.Calibrate_MPU_Offset  bmi088driver.o
    0x08001f6c   0x08001f6c   0x00000034   Code   RO         4053    i.DMA_CalcBaseAndBitshift  stm32f4xx_hal_dma.o
    0x08001fa0   0x08001fa0   0x0000007e   Code   RO         4054    i.DMA_CheckFifoParam  stm32f4xx_hal_dma.o
    0x0800201e   0x0800201e   0x00000002   PAD
    0x08002020   0x08002020   0x00000030   Code   RO         1325    i.DWT_CNT_Update    bsp_dwt.o
    0x08002050   0x08002050   0x0000003c   Code   RO         1326    i.DWT_Delay         bsp_dwt.o
    0x0800208c   0x0800208c   0x0000004c   Code   RO         1327    i.DWT_GetDeltaT     bsp_dwt.o
    0x080020d8   0x080020d8   0x00000054   Code   RO         1330    i.DWT_GetTimeline_s  bsp_dwt.o
    0x0800212c   0x0800212c   0x00000068   Code   RO         1332    i.DWT_Init          bsp_dwt.o
    0x08002194   0x08002194   0x000000d0   Code   RO         1333    i.DWT_SysTimeUpdate  bsp_dwt.o
    0x08002264   0x08002264   0x00000002   Code   RO          766    i.DebugMon_Handler  stm32f4xx_it.o
    0x08002266   0x08002266   0x0000000a   Code   RO          767    i.EXTI0_IRQHandler  stm32f4xx_it.o
    0x08002270   0x08002270   0x0000000a   Code   RO          768    i.EXTI3_IRQHandler  stm32f4xx_it.o
    0x0800227a   0x0800227a   0x0000000a   Code   RO          769    i.EXTI4_IRQHandler  stm32f4xx_it.o
    0x08002284   0x08002284   0x0000000a   Code   RO          770    i.EXTI9_5_IRQHandler  stm32f4xx_it.o
    0x0800228e   0x0800228e   0x0000015a   Code   RO         1854    i.EarthFrameToBodyFrame  ins_task.o
    0x080023e8   0x080023e8   0x00000002   Code   RO           13    i.Error_Handler     main.o
    0x080023ea   0x080023ea   0x00000024   Code   RO         3316    i.HAL_CAN_ActivateNotification  stm32f4xx_hal_can.o
    0x0800240e   0x0800240e   0x00000104   Code   RO         3317    i.HAL_CAN_AddTxMessage  stm32f4xx_hal_can.o
    0x08002512   0x08002512   0x00000002   PAD
    0x08002514   0x08002514   0x00000128   Code   RO         3318    i.HAL_CAN_ConfigFilter  stm32f4xx_hal_can.o
    0x0800263c   0x0800263c   0x00000002   Code   RO         3321    i.HAL_CAN_ErrorCallback  stm32f4xx_hal_can.o
    0x0800263e   0x0800263e   0x0000016c   Code   RO         3324    i.HAL_CAN_GetRxMessage  stm32f4xx_hal_can.o
    0x080027aa   0x080027aa   0x00000032   Code   RO         3326    i.HAL_CAN_GetTxMailboxesFreeLevel  stm32f4xx_hal_can.o
    0x080027dc   0x080027dc   0x00000234   Code   RO         3328    i.HAL_CAN_IRQHandler  stm32f4xx_hal_can.o
    0x08002a10   0x08002a10   0x00000168   Code   RO         3329    i.HAL_CAN_Init      stm32f4xx_hal_can.o
    0x08002b78   0x08002b78   0x00000160   Code   RO          397    i.HAL_CAN_MspInit   can.o
    0x08002cd8   0x08002cd8   0x00000002   Code   RO         3336    i.HAL_CAN_RxFifo0FullCallback  stm32f4xx_hal_can.o
    0x08002cda   0x08002cda   0x00000002   PAD
    0x08002cdc   0x08002cdc   0x000001ec   Code   RO         1433    i.HAL_CAN_RxFifo0MsgPendingCallback  can_receive.o
    0x08002ec8   0x08002ec8   0x00000002   Code   RO         3338    i.HAL_CAN_RxFifo1FullCallback  stm32f4xx_hal_can.o
    0x08002eca   0x08002eca   0x00000002   Code   RO         3339    i.HAL_CAN_RxFifo1MsgPendingCallback  stm32f4xx_hal_can.o
    0x08002ecc   0x08002ecc   0x00000002   Code   RO         3340    i.HAL_CAN_SleepCallback  stm32f4xx_hal_can.o
    0x08002ece   0x08002ece   0x00000064   Code   RO         3341    i.HAL_CAN_Start     stm32f4xx_hal_can.o
    0x08002f32   0x08002f32   0x00000002   Code   RO         3343    i.HAL_CAN_TxMailbox0AbortCallback  stm32f4xx_hal_can.o
    0x08002f34   0x08002f34   0x00000002   Code   RO         3344    i.HAL_CAN_TxMailbox0CompleteCallback  stm32f4xx_hal_can.o
    0x08002f36   0x08002f36   0x00000002   Code   RO         3345    i.HAL_CAN_TxMailbox1AbortCallback  stm32f4xx_hal_can.o
    0x08002f38   0x08002f38   0x00000002   Code   RO         3346    i.HAL_CAN_TxMailbox1CompleteCallback  stm32f4xx_hal_can.o
    0x08002f3a   0x08002f3a   0x00000002   Code   RO         3347    i.HAL_CAN_TxMailbox2AbortCallback  stm32f4xx_hal_can.o
    0x08002f3c   0x08002f3c   0x00000002   Code   RO         3348    i.HAL_CAN_TxMailbox2CompleteCallback  stm32f4xx_hal_can.o
    0x08002f3e   0x08002f3e   0x00000002   Code   RO         3350    i.HAL_CAN_WakeUpFromRxMsgCallback  stm32f4xx_hal_can.o
    0x08002f40   0x08002f40   0x00000028   Code   RO         4722    i.HAL_CRC_Init      stm32f4xx_hal_crc.o
    0x08002f68   0x08002f68   0x00000034   Code   RO          446    i.HAL_CRC_MspInit   crc.o
    0x08002f9c   0x08002f9c   0x00000024   Code   RO         4057    i.HAL_DMA_Abort_IT  stm32f4xx_hal_dma.o
    0x08002fc0   0x08002fc0   0x000000ec   Code   RO         4062    i.HAL_DMA_Init      stm32f4xx_hal_dma.o
    0x080030ac   0x080030ac   0x00000028   Code   RO         4470    i.HAL_Delay         stm32f4xx_hal.o
    0x080030d4   0x080030d4   0x00000002   Code   RO         3947    i.HAL_GPIO_EXTI_Callback  stm32f4xx_hal_gpio.o
    0x080030d6   0x080030d6   0x00000002   PAD
    0x080030d8   0x080030d8   0x00000018   Code   RO         3948    i.HAL_GPIO_EXTI_IRQHandler  stm32f4xx_hal_gpio.o
    0x080030f0   0x080030f0   0x0000021c   Code   RO         3949    i.HAL_GPIO_Init     stm32f4xx_hal_gpio.o
    0x0800330c   0x0800330c   0x0000000e   Code   RO         3953    i.HAL_GPIO_WritePin  stm32f4xx_hal_gpio.o
    0x0800331a   0x0800331a   0x00000002   PAD
    0x0800331c   0x0800331c   0x0000000c   Code   RO         4476    i.HAL_GetTick       stm32f4xx_hal.o
    0x08003328   0x08003328   0x00000198   Code   RO         4789    i.HAL_I2C_Init      stm32f4xx_hal_i2c.o
    0x080034c0   0x080034c0   0x000000c8   Code   RO          512    i.HAL_I2C_MspInit   i2c.o
    0x08003588   0x08003588   0x00000010   Code   RO         4482    i.HAL_IncTick       stm32f4xx_hal.o
    0x08003598   0x08003598   0x00000034   Code   RO         4483    i.HAL_Init          stm32f4xx_hal.o
    0x080035cc   0x080035cc   0x00000044   Code   RO         4484    i.HAL_InitTick      stm32f4xx_hal.o
    0x08003610   0x08003610   0x00000054   Code   RO          869    i.HAL_MspInit       stm32f4xx_hal_msp.o
    0x08003664   0x08003664   0x0000001c   Code   RO         4338    i.HAL_NVIC_EnableIRQ  stm32f4xx_hal_cortex.o
    0x08003680   0x08003680   0x00000068   Code   RO         4344    i.HAL_NVIC_SetPriority  stm32f4xx_hal_cortex.o
    0x080036e8   0x080036e8   0x00000024   Code   RO         4345    i.HAL_NVIC_SetPriorityGrouping  stm32f4xx_hal_cortex.o
    0x0800370c   0x0800370c   0x0000017c   Code   RO         3655    i.HAL_RCCEx_PeriphCLKConfig  stm32f4xx_hal_rcc_ex.o
    0x08003888   0x08003888   0x00000174   Code   RO         3550    i.HAL_RCC_ClockConfig  stm32f4xx_hal_rcc.o
    0x080039fc   0x080039fc   0x0000000c   Code   RO         3555    i.HAL_RCC_GetHCLKFreq  stm32f4xx_hal_rcc.o
    0x08003a08   0x08003a08   0x00000020   Code   RO         3557    i.HAL_RCC_GetPCLK1Freq  stm32f4xx_hal_rcc.o
    0x08003a28   0x08003a28   0x00000020   Code   RO         3558    i.HAL_RCC_GetPCLK2Freq  stm32f4xx_hal_rcc.o
    0x08003a48   0x08003a48   0x00000070   Code   RO         3559    i.HAL_RCC_GetSysClockFreq  stm32f4xx_hal_rcc.o
    0x08003ab8   0x08003ab8   0x00000436   Code   RO         3562    i.HAL_RCC_OscConfig  stm32f4xx_hal_rcc.o
    0x08003eee   0x08003eee   0x000000ba   Code   RO         5266    i.HAL_RTC_Init      stm32f4xx_hal_rtc.o
    0x08003fa8   0x08003fa8   0x00000040   Code   RO          554    i.HAL_RTC_MspInit   rtc.o
    0x08003fe8   0x08003fe8   0x0000003c   Code   RO         5274    i.HAL_RTC_WaitForSynchro  stm32f4xx_hal_rtc.o
    0x08004024   0x08004024   0x00000082   Code   RO         5635    i.HAL_SPI_Init      stm32f4xx_hal_spi.o
    0x080040a6   0x080040a6   0x00000002   PAD
    0x080040a8   0x080040a8   0x00000158   Code   RO          596    i.HAL_SPI_MspInit   spi.o
    0x08004200   0x08004200   0x000001f8   Code   RO         5644    i.HAL_SPI_TransmitReceive  stm32f4xx_hal_spi.o
    0x080043f8   0x080043f8   0x00000028   Code   RO         4349    i.HAL_SYSTICK_Config  stm32f4xx_hal_cortex.o
    0x08004420   0x08004420   0x00000066   Code   RO         6637    i.HAL_TIMEx_ConfigBreakDeadTime  stm32f4xx_hal_tim_ex.o
    0x08004486   0x08004486   0x0000004e   Code   RO         6652    i.HAL_TIMEx_MasterConfigSynchronization  stm32f4xx_hal_tim_ex.o
    0x080044d4   0x080044d4   0x00000038   Code   RO         5948    i.HAL_TIM_Base_Init  stm32f4xx_hal_tim.o
    0x0800450c   0x0800450c   0x0000011c   Code   RO          638    i.HAL_TIM_Base_MspInit  tim.o
    0x08004628   0x08004628   0x00000024   Code   RO         5951    i.HAL_TIM_Base_Start  stm32f4xx_hal_tim.o
    0x0800464c   0x0800464c   0x000000e4   Code   RO         5957    i.HAL_TIM_ConfigClockSource  stm32f4xx_hal_tim.o
    0x08004730   0x08004730   0x00000270   Code   RO          639    i.HAL_TIM_MspPostInit  tim.o
    0x080049a0   0x080049a0   0x000000dc   Code   RO         6015    i.HAL_TIM_PWM_ConfigChannel  stm32f4xx_hal_tim.o
    0x08004a7c   0x08004a7c   0x00000038   Code   RO         6018    i.HAL_TIM_PWM_Init  stm32f4xx_hal_tim.o
    0x08004ab4   0x08004ab4   0x00000002   Code   RO         6020    i.HAL_TIM_PWM_MspInit  stm32f4xx_hal_tim.o
    0x08004ab6   0x08004ab6   0x00000042   Code   RO         6023    i.HAL_TIM_PWM_Start  stm32f4xx_hal_tim.o
    0x08004af8   0x08004af8   0x00000002   Code   RO         6906    i.HAL_UART_ErrorCallback  stm32f4xx_hal_uart.o
    0x08004afa   0x08004afa   0x00000002   PAD
    0x08004afc   0x08004afc   0x00000138   Code   RO         6909    i.HAL_UART_IRQHandler  stm32f4xx_hal_uart.o
    0x08004c34   0x08004c34   0x00000064   Code   RO         6910    i.HAL_UART_Init     stm32f4xx_hal_uart.o
    0x08004c98   0x08004c98   0x000001a8   Code   RO          716    i.HAL_UART_MspInit  usart.o
    0x08004e40   0x08004e40   0x00000056   Code   RO         6915    i.HAL_UART_Receive_IT  stm32f4xx_hal_uart.o
    0x08004e96   0x08004e96   0x00000002   PAD
    0x08004e98   0x08004e98   0x000000f0   Code   RO         2285    i.HAL_UART_RxCpltCallback  self_aim.o
    0x08004f88   0x08004f88   0x00000002   Code   RO         6921    i.HAL_UART_TxCpltCallback  stm32f4xx_hal_uart.o
    0x08004f8a   0x08004f8a   0x00000002   PAD
    0x08004f8c   0x08004f8c   0x00000130   Code   RO         2612    i.H_K_R_Adjustment  kalman_filter.o
    0x080050bc   0x080050bc   0x00000004   Code   RO          771    i.HardFault_Handler  stm32f4xx_it.o
    0x080050c0   0x080050c0   0x00000374   Code   RO         1856    i.IMU_Param_Correction  ins_task.o
    0x08005434   0x08005434   0x00000238   Code   RO         2698    i.IMU_QuaternionEKF_F_Linearization_P_Fading  quaternionekf.o
    0x0800566c   0x0800566c   0x00000120   Code   RO         2699    i.IMU_QuaternionEKF_Init  quaternionekf.o
    0x0800578c   0x0800578c   0x00000034   Code   RO         2700    i.IMU_QuaternionEKF_Observe  quaternionekf.o
    0x080057c0   0x080057c0   0x00000128   Code   RO         2701    i.IMU_QuaternionEKF_SetH  quaternionekf.o
    0x080058e8   0x080058e8   0x00000634   Code   RO         2702    i.IMU_QuaternionEKF_Update  quaternionekf.o
    0x08005f1c   0x08005f1c   0x00000520   Code   RO         2703    i.IMU_QuaternionEKF_xhatUpdate  quaternionekf.o
    0x0800643c   0x0800643c   0x00000074   Code   RO         1857    i.IMU_Temperature_Ctrl  ins_task.o
    0x080064b0   0x080064b0   0x000000c4   Code   RO         1858    i.INS_Init          ins_task.o
    0x08006574   0x08006574   0x00000298   Code   RO         1859    i.INS_Task          ins_task.o
    0x0800680c   0x0800680c   0x0000070c   Code   RO         2613    i.Kalman_Filter_Init  kalman_filter.o
    0x08006f18   0x08006f18   0x00000050   Code   RO         2614    i.Kalman_Filter_Measure  kalman_filter.o
    0x08006f68   0x08006f68   0x00000068   Code   RO         2615    i.Kalman_Filter_P_Update  kalman_filter.o
    0x08006fd0   0x08006fd0   0x00000068   Code   RO         2616    i.Kalman_Filter_PminusUpdate  kalman_filter.o
    0x08007038   0x08007038   0x000000d2   Code   RO         2617    i.Kalman_Filter_SetK  kalman_filter.o
    0x0800710a   0x0800710a   0x00000002   PAD
    0x0800710c   0x0800710c   0x00000128   Code   RO         2618    i.Kalman_Filter_Update  kalman_filter.o
    0x08007234   0x08007234   0x0000007c   Code   RO         2619    i.Kalman_Filter_xhatMinusUpdate  kalman_filter.o
    0x080072b0   0x080072b0   0x00000086   Code   RO         2620    i.Kalman_Filter_xhatUpdate  kalman_filter.o
    0x08007336   0x08007336   0x00000002   PAD
    0x08007338   0x08007338   0x00000044   Code   RO          398    i.MX_CAN1_Init      can.o
    0x0800737c   0x0800737c   0x00000044   Code   RO          399    i.MX_CAN2_Init      can.o
    0x080073c0   0x080073c0   0x00000020   Code   RO          447    i.MX_CRC_Init       crc.o
    0x080073e0   0x080073e0   0x00000078   Code   RO          487    i.MX_DMA_Init       dma.o
    0x08007458   0x08007458   0x000000b4   Code   RO          331    i.MX_FREERTOS_Init  freertos.o
    0x0800750c   0x0800750c   0x00000214   Code   RO          307    i.MX_GPIO_Init      gpio.o
    0x08007720   0x08007720   0x0000003c   Code   RO          513    i.MX_I2C3_Init      i2c.o
    0x0800775c   0x0800775c   0x00000034   Code   RO          555    i.MX_RTC_Init       rtc.o
    0x08007790   0x08007790   0x00000048   Code   RO          597    i.MX_SPI1_Init      spi.o
    0x080077d8   0x080077d8   0x0000006c   Code   RO          640    i.MX_TIM10_Init     tim.o
    0x08007844   0x08007844   0x0000010c   Code   RO          641    i.MX_TIM1_Init      tim.o
    0x08007950   0x08007950   0x000000a4   Code   RO          642    i.MX_TIM3_Init      tim.o
    0x080079f4   0x080079f4   0x0000006c   Code   RO          643    i.MX_TIM4_Init      tim.o
    0x08007a60   0x08007a60   0x000000c4   Code   RO          644    i.MX_TIM5_Init      tim.o
    0x08007b24   0x08007b24   0x000000ec   Code   RO          645    i.MX_TIM8_Init      tim.o
    0x08007c10   0x08007c10   0x00000038   Code   RO          717    i.MX_USART1_UART_Init  usart.o
    0x08007c48   0x08007c48   0x0000003c   Code   RO          718    i.MX_USART3_UART_Init  usart.o
    0x08007c84   0x08007c84   0x00000004   Code   RO          772    i.MemManage_Handler  stm32f4xx_it.o
    0x08007c88   0x08007c88   0x00000002   Code   RO          773    i.NMI_Handler       stm32f4xx_it.o
    0x08007c8a   0x08007c8a   0x00000002   PAD
    0x08007c8c   0x08007c8c   0x0000024c   Code   RO         3051    i.OLS_Derivative    user_lib.o
    0x08007ed8   0x08007ed8   0x00000058   Code   RO         3052    i.OLS_Init          user_lib.o
    0x08007f30   0x08007f30   0x000002d0   Code   RO         2772    i.PID_Calculate     controller.o
    0x08008200   0x08008200   0x000000bc   Code   RO         2773    i.PID_Init          controller.o
    0x080082bc   0x080082bc   0x000001f0   Code   RO         3269    i.PID_calc          pid.o
    0x080084ac   0x080084ac   0x00000060   Code   RO         3271    i.PID_init          pid.o
    0x0800850c   0x0800850c   0x0000009c   Code   RO         1221    i.RC_Init           bsp_rc.o
    0x080085a8   0x080085a8   0x00000042   Code   RO         5277    i.RTC_EnterInitMode  stm32f4xx_hal_rtc.o
    0x080085ea   0x080085ea   0x00000002   PAD
    0x080085ec   0x080085ec   0x00000064   Code   RO         5673    i.SPI_EndRxTxTransaction  stm32f4xx_hal_spi.o
    0x08008650   0x08008650   0x000000a6   Code   RO         5678    i.SPI_WaitFlagStateUntilTimeout  stm32f4xx_hal_spi.o
    0x080086f6   0x080086f6   0x00000014   Code   RO          774    i.SysTick_Handler   stm32f4xx_it.o
    0x0800870a   0x0800870a   0x00000002   PAD
    0x0800870c   0x0800870c   0x000000b4   Code   RO           14    i.SystemClock_Config  main.o
    0x080087c0   0x080087c0   0x00000064   Code   RO          894    i.SystemInit        system_stm32f4xx.o
    0x08008824   0x08008824   0x000000cc   Code   RO         6036    i.TIM_Base_SetConfig  stm32f4xx_hal_tim.o
    0x080088f0   0x080088f0   0x0000001e   Code   RO         6037    i.TIM_CCxChannelCmd  stm32f4xx_hal_tim.o
    0x0800890e   0x0800890e   0x00000016   Code   RO         6047    i.TIM_ETR_SetConfig  stm32f4xx_hal_tim.o
    0x08008924   0x08008924   0x00000010   Code   RO         6048    i.TIM_ITRx_SetConfig  stm32f4xx_hal_tim.o
    0x08008934   0x08008934   0x00000070   Code   RO         6049    i.TIM_OC1_SetConfig  stm32f4xx_hal_tim.o
    0x080089a4   0x080089a4   0x00000078   Code   RO         6050    i.TIM_OC2_SetConfig  stm32f4xx_hal_tim.o
    0x08008a1c   0x08008a1c   0x00000078   Code   RO         6051    i.TIM_OC3_SetConfig  stm32f4xx_hal_tim.o
    0x08008a94   0x08008a94   0x00000058   Code   RO         6052    i.TIM_OC4_SetConfig  stm32f4xx_hal_tim.o
    0x08008aec   0x08008aec   0x0000003a   Code   RO         1402    i.TIM_Set_PWM       bsp_pwm.o
    0x08008b26   0x08008b26   0x00000026   Code   RO         6054    i.TIM_TI1_ConfigInputStage  stm32f4xx_hal_tim.o
    0x08008b4c   0x08008b4c   0x00000024   Code   RO         6056    i.TIM_TI2_ConfigInputStage  stm32f4xx_hal_tim.o
    0x08008b70   0x08008b70   0x00000010   Code   RO         6923    i.UART_DMAAbortOnError  stm32f4xx_hal_uart.o
    0x08008b80   0x08008b80   0x0000001c   Code   RO         6933    i.UART_EndRxTransfer  stm32f4xx_hal_uart.o
    0x08008b9c   0x08008b9c   0x0000001a   Code   RO         6934    i.UART_EndTransmit_IT  stm32f4xx_hal_uart.o
    0x08008bb6   0x08008bb6   0x0000009c   Code   RO         6936    i.UART_Receive_IT   stm32f4xx_hal_uart.o
    0x08008c52   0x08008c52   0x00000002   PAD
    0x08008c54   0x08008c54   0x00000340   Code   RO         6937    i.UART_SetConfig    stm32f4xx_hal_uart.o
    0x08008f94   0x08008f94   0x00000066   Code   RO         6938    i.UART_Transmit_IT  stm32f4xx_hal_uart.o
    0x08008ffa   0x08008ffa   0x00000002   PAD
    0x08008ffc   0x08008ffc   0x00000010   Code   RO          775    i.USART1_IRQHandler  stm32f4xx_it.o
    0x0800900c   0x0800900c   0x00000130   Code   RO         2017    i.USART3_IRQHandler  remote_control.o
    0x0800913c   0x0800913c   0x00000004   Code   RO          776    i.UsageFault_Handler  stm32f4xx_it.o
    0x08009140   0x08009140   0x00000026   Code   RO         9278    i.__ARM_fpclassifyf  m_wm.l(fpclassifyf.o)
    0x08009166   0x08009166   0x00000002   PAD
    0x08009168   0x08009168   0x00000118   Code   RO         9096    i.__hardfp_acosf    m_wm.l(acosf.o)
    0x08009280   0x08009280   0x0000012c   Code   RO         9108    i.__hardfp_asinf    m_wm.l(asinf.o)
    0x080093ac   0x080093ac   0x00000250   Code   RO         9120    i.__hardfp_atan2f   m_wm.l(atan2f.o)
    0x080095fc   0x080095fc   0x0000003a   Code   RO         9150    i.__hardfp_sqrtf    m_wm.l(sqrtf_full.o)
    0x08009636   0x08009636   0x00000006   Code   RO         9281    i.__mathlib_flt_infnan  m_wm.l(funder.o)
    0x0800963c   0x0800963c   0x00000006   Code   RO         9282    i.__mathlib_flt_infnan2  m_wm.l(funder.o)
    0x08009642   0x08009642   0x00000002   PAD
    0x08009644   0x08009644   0x00000010   Code   RO         9283    i.__mathlib_flt_invalid  m_wm.l(funder.o)
    0x08009654   0x08009654   0x00000010   Code   RO         9286    i.__mathlib_flt_underflow  m_wm.l(funder.o)
    0x08009664   0x08009664   0x00000068   Code   RO         1192    i.aRGB_led_show     bsp_led.o
    0x080096cc   0x080096cc   0x0000016c   Code   RO         2348    i.bmi088_accel_init  bmi088driver.o
    0x08009838   0x08009838   0x00000130   Code   RO         2349    i.bmi088_gyro_init  bmi088driver.o
    0x08009968   0x08009968   0x0000005c   Code   RO         1038    i.can_filter_init   bsp_can.o
    0x080099c4   0x080099c4   0x0000007c   Code   RO         1434    i.can_gimbal_chassis_data1  can_receive.o
    0x08009a40   0x08009a40   0x0000007c   Code   RO         1435    i.can_gimbal_chassis_data2  can_receive.o
    0x08009abc   0x08009abc   0x00000074   Code   RO         1436    i.can_gimbal_chassis_data3  can_receive.o
    0x08009b30   0x08009b30   0x00000070   Code   RO         1437    i.can_gimbal_chassis_data4  can_receive.o
    0x08009ba0   0x08009ba0   0x00000028   Code   RO         2139    i.can_task          can_task.o
    0x08009bc8   0x08009bc8   0x000003e0   Code   RO         1643    i.chassis_rc_to_control_vector  gimbal_task.o
    0x08009fa8   0x08009fa8   0x00000030   Code   RO         1066    i.delay_init        bsp_delay.o
    0x08009fd8   0x08009fd8   0x00000124   Code   RO         1806    i.detect_hook       detect_task.o
    0x0800a0fc   0x0800a0fc   0x0000016c   Code   RO         1807    i.detect_init       detect_task.o
    0x0800a268   0x0800a268   0x00000288   Code   RO         1808    i.detect_task       detect_task.o
    0x0800a4f0   0x0800a4f0   0x000000f0   Code   RO         2776    i.f_Changing_Integration_Rate  controller.o
    0x0800a5e0   0x0800a5e0   0x00000056   Code   RO         2777    i.f_Derivative_Filter  controller.o
    0x0800a636   0x0800a636   0x000000f4   Code   RO         2778    i.f_Derivative_On_Measurement  controller.o
    0x0800a72a   0x0800a72a   0x00000002   PAD
    0x0800a72c   0x0800a72c   0x000000f0   Code   RO         2779    i.f_Integral_Limit  controller.o
    0x0800a81c   0x0800a81c   0x00000056   Code   RO         2780    i.f_Output_Filter   controller.o
    0x0800a872   0x0800a872   0x00000046   Code   RO         2781    i.f_Output_Limit    controller.o
    0x0800a8b8   0x0800a8b8   0x000000b4   Code   RO         2782    i.f_PID_ErrorHandle  controller.o
    0x0800a96c   0x0800a96c   0x00000046   Code   RO         2783    i.f_Proportion_Limit  controller.o
    0x0800a9b2   0x0800a9b2   0x00000080   Code   RO         2784    i.f_Trapezoid_Intergral  controller.o
    0x0800aa32   0x0800aa32   0x00000054   Code   RO         3057    i.first_order_filter_cali  user_lib.o
    0x0800aa86   0x0800aa86   0x00000002   PAD
    0x0800aa88   0x0800aa88   0x00000024   Code   RO         3058    i.first_order_filter_init  user_lib.o
    0x0800aaac   0x0800aaac   0x0000002a   Code   RO         3059    i.float_constrain   user_lib.o
    0x0800aad6   0x0800aad6   0x00000002   PAD
    0x0800aad8   0x0800aad8   0x00000048   Code   RO         3061    i.float_rounding    user_lib.o
    0x0800ab20   0x0800ab20   0x00000038   Code   RO         2213    i.friction_control_set  shoot.o
    0x0800ab58   0x0800ab58   0x00000034   Code   RO         3210    i.get_CRC16_check_sum  crc8_crc16.o
    0x0800ab8c   0x0800ab8c   0x00000008   Code   RO         1862    i.get_INS           ins_task.o
    0x0800ab94   0x0800ab94   0x00000008   Code   RO         1863    i.get_INS_angle_point  ins_task.o
    0x0800ab9c   0x0800ab9c   0x00000008   Code   RO         1644    i.get_chassis_data_point  gimbal_task.o
    0x0800aba4   0x0800aba4   0x00000018   Code   RO         1438    i.get_chassis_motor_measure_point  can_receive.o
    0x0800abbc   0x0800abbc   0x00000008   Code   RO         1864    i.get_gyro_data_point  ins_task.o
    0x0800abc4   0x0800abc4   0x00000008   Code   RO         1440    i.get_pitch_gimbal_motor_measure_point  can_receive.o
    0x0800abcc   0x0800abcc   0x00000008   Code   RO         2018    i.get_remote_control_point  remote_control.o
    0x0800abd4   0x0800abd4   0x00000008   Code   RO         2289    i.get_selfaim_data  self_aim.o
    0x0800abdc   0x0800abdc   0x00000008   Code   RO         1441    i.get_video_motor_measure_point  can_receive.o
    0x0800abe4   0x0800abe4   0x000000ae   Code   RO         1651    i.gimbal_control_loop  gimbal_task.o
    0x0800ac92   0x0800ac92   0x00000002   PAD
    0x0800ac94   0x0800ac94   0x000001a8   Code   RO         1652    i.gimbal_feedback_update  gimbal_task.o
    0x0800ae3c   0x0800ae3c   0x000000f4   Code   RO         1653    i.gimbal_init       gimbal_task.o
    0x0800af30   0x0800af30   0x00000148   Code   RO         1655    i.gimbal_set_control  gimbal_task.o
    0x0800b078   0x0800b078   0x0000002c   Code   RO         1656    i.gimbal_set_mode   gimbal_task.o
    0x0800b0a4   0x0800b0a4   0x00000098   Code   RO         1657    i.gimbal_task       gimbal_task.o
    0x0800b13c   0x0800b13c   0x00000038   Code   RO          332    i.ins_task          freertos.o
    0x0800b174   0x0800b174   0x0000003c   Code   RO         2704    i.invSqrt           quaternionekf.o
    0x0800b1b0   0x0800b1b0   0x00000010   Code   RO         1295    i.laser_off         bsp_laser.o
    0x0800b1c0   0x0800b1c0   0x00000010   Code   RO         1296    i.laser_on          bsp_laser.o
    0x0800b1d0   0x0800b1d0   0x000001b0   Code   RO         1978    i.led_RGB_flow_task  led_flow_task.o
    0x0800b380   0x0800b380   0x0000007c   Code   RO           15    i.main              main.o
    0x0800b3fc   0x0800b3fc   0x0000000c   Code   RO         8188    i.makeFreeRtosPriority  cmsis_os.o
    0x0800b408   0x0800b408   0x00000034   Code   RO         1658    i.motor_ecd_to_angle_change  gimbal_task.o
    0x0800b43c   0x0800b43c   0x00000010   Code   RO         8190    i.osDelay           cmsis_os.o
    0x0800b44c   0x0800b44c   0x0000000a   Code   RO         8193    i.osKernelStart     cmsis_os.o
    0x0800b456   0x0800b456   0x0000005c   Code   RO         8227    i.osThreadCreate    cmsis_os.o
    0x0800b4b2   0x0800b4b2   0x00000002   PAD
    0x0800b4b4   0x0800b4b4   0x00000080   Code   RO         7686    i.prvAddCurrentTaskToDelayedList  tasks.o
    0x0800b534   0x0800b534   0x00000088   Code   RO         7687    i.prvAddNewTaskToReadyList  tasks.o
    0x0800b5bc   0x0800b5bc   0x0000005c   Code   RO         8035    i.prvCheckForValidListAndQueue  timers.o
    0x0800b618   0x0800b618   0x00000040   Code   RO         7688    i.prvCheckTasksWaitingTermination  tasks.o
    0x0800b658   0x0800b658   0x00000024   Code   RO         7351    i.prvCopyDataFromQueue  queue.o
    0x0800b67c   0x0800b67c   0x0000006e   Code   RO         7352    i.prvCopyDataToQueue  queue.o
    0x0800b6ea   0x0800b6ea   0x00000040   Code   RO         7689    i.prvDeleteTCB      tasks.o
    0x0800b72a   0x0800b72a   0x00000002   PAD
    0x0800b72c   0x0800b72c   0x00000024   Code   RO         8036    i.prvGetNextExpireTime  timers.o
    0x0800b750   0x0800b750   0x00000050   Code   RO         8567    i.prvHeapInit       heap_4.o
    0x0800b7a0   0x0800b7a0   0x00000028   Code   RO         7690    i.prvIdleTask       tasks.o
    0x0800b7c8   0x0800b7c8   0x00000018   Code   RO         7355    i.prvInitialiseNewQueue  queue.o
    0x0800b7e0   0x0800b7e0   0x00000090   Code   RO         7691    i.prvInitialiseNewTask  tasks.o
    0x0800b870   0x0800b870   0x00000060   Code   RO         7692    i.prvInitialiseTaskLists  tasks.o
    0x0800b8d0   0x0800b8d0   0x0000005c   Code   RO         8568    i.prvInsertBlockIntoFreeList  heap_4.o
    0x0800b92c   0x0800b92c   0x00000048   Code   RO         8038    i.prvInsertTimerInActiveList  timers.o
    0x0800b974   0x0800b974   0x0000001a   Code   RO         7356    i.prvIsQueueEmpty   queue.o
    0x0800b98e   0x0800b98e   0x0000001e   Code   RO         7357    i.prvIsQueueFull    queue.o
    0x0800b9ac   0x0800b9ac   0x0000005c   Code   RO         8039    i.prvProcessExpiredTimer  timers.o
    0x0800ba08   0x0800ba08   0x000000d8   Code   RO         8040    i.prvProcessReceivedCommands  timers.o
    0x0800bae0   0x0800bae0   0x0000006c   Code   RO         8041    i.prvProcessTimerOrBlockTask  timers.o
    0x0800bb4c   0x0800bb4c   0x00000024   Code   RO         7693    i.prvResetNextTaskUnblockTime  tasks.o
    0x0800bb70   0x0800bb70   0x0000002c   Code   RO         8042    i.prvSampleTimeNow  timers.o
    0x0800bb9c   0x0800bb9c   0x00000074   Code   RO         8043    i.prvSwitchTimerLists  timers.o
    0x0800bc10   0x0800bc10   0x00000018   Code   RO         7695    i.prvTaskCheckFreeStackSpace  tasks.o
    0x0800bc28   0x0800bc28   0x00000030   Code   RO         8617    i.prvTaskExitError  port.o
    0x0800bc58   0x0800bc58   0x00000014   Code   RO         8044    i.prvTimerTask      timers.o
    0x0800bc6c   0x0800bc6c   0x00000068   Code   RO         7358    i.prvUnlockQueue    queue.o
    0x0800bcd4   0x0800bcd4   0x000000e4   Code   RO         8569    i.pvPortMalloc      heap_4.o
    0x0800bdb8   0x0800bdb8   0x0000002c   Code   RO         8618    i.pxPortInitialiseStack  port.o
    0x0800bde4   0x0800bde4   0x00000014   Code   RO         2019    i.remote_control_init  remote_control.o
    0x0800bdf8   0x0800bdf8   0x000000da   Code   RO         2020    i.sbus_to_rc        remote_control.o
    0x0800bed2   0x0800bed2   0x00000002   PAD
    0x0800bed4   0x0800bed4   0x00000068   Code   RO         1659    i.servo_control     gimbal_task.o
    0x0800bf3c   0x0800bf3c   0x00000080   Code   RO         2214    i.shoot_Init        shoot.o
    0x0800bfbc   0x0800bfbc   0x00000174   Code   RO         2215    i.shoot_control_loop  shoot.o
    0x0800c130   0x0800c130   0x00000030   Code   RO         2216    i.shoot_feedback_update  shoot.o
    0x0800c160   0x0800c160   0x00000044   Code   RO         2217    i.shoot_set_mode    shoot.o
    0x0800c1a4   0x0800c1a4   0x00000058   Code   RO         2218    i.shoot_speed_filter  shoot.o
    0x0800c1fc   0x0800c1fc   0x00000060   Code   RO         1660    i.sliding_average   gimbal_task.o
    0x0800c25c   0x0800c25c   0x0000003e   Code   RO         9152    i.sqrtf             m_wm.l(sqrtf_full.o)
    0x0800c29a   0x0800c29a   0x0000000a   Code   RO         2085    i.test_task         test_task.o
    0x0800c2a4   0x0800c2a4   0x00000026   Code   RO         7311    i.uxListRemove      list.o
    0x0800c2ca   0x0800c2ca   0x00000002   PAD
    0x0800c2cc   0x0800c2cc   0x00000014   Code   RO         7700    i.uxTaskGetStackHighWaterMark  tasks.o
    0x0800c2e0   0x0800c2e0   0x00000018   Code   RO          334    i.vApplicationGetIdleTaskMemory  freertos.o
    0x0800c2f8   0x0800c2f8   0x00000018   Code   RO          335    i.vApplicationGetTimerTaskMemory  freertos.o
    0x0800c310   0x0800c310   0x00000016   Code   RO         7312    i.vListInitialise   list.o
    0x0800c326   0x0800c326   0x00000006   Code   RO         7313    i.vListInitialiseItem  list.o
    0x0800c32c   0x0800c32c   0x00000036   Code   RO         7314    i.vListInsert       list.o
    0x0800c362   0x0800c362   0x00000018   Code   RO         7315    i.vListInsertEnd    list.o
    0x0800c37a   0x0800c37a   0x00000002   PAD
    0x0800c37c   0x0800c37c   0x00000040   Code   RO         8620    i.vPortEnterCritical  port.o
    0x0800c3bc   0x0800c3bc   0x0000002c   Code   RO         8621    i.vPortExitCritical  port.o
    0x0800c3e8   0x0800c3e8   0x0000005c   Code   RO         8570    i.vPortFree         heap_4.o
    0x0800c444   0x0800c444   0x00000024   Code   RO         8622    i.vPortSetupTimerInterrupt  port.o
    0x0800c468   0x0800c468   0x00000054   Code   RO         8623    i.vPortValidateInterruptPriority  port.o
    0x0800c4bc   0x0800c4bc   0x00000028   Code   RO         7362    i.vQueueAddToRegistry  queue.o
    0x0800c4e4   0x0800c4e4   0x0000004a   Code   RO         7365    i.vQueueWaitForMessageRestricted  queue.o
    0x0800c52e   0x0800c52e   0x00000002   PAD
    0x0800c530   0x0800c530   0x00000050   Code   RO         7704    i.vTaskDelay        tasks.o
    0x0800c580   0x0800c580   0x00000010   Code   RO         7708    i.vTaskInternalSetTimeOutState  tasks.o
    0x0800c590   0x0800c590   0x0000000c   Code   RO         7709    i.vTaskMissedYield  tasks.o
    0x0800c59c   0x0800c59c   0x00000034   Code   RO         7711    i.vTaskPlaceOnEventList  tasks.o
    0x0800c5d0   0x0800c5d0   0x0000003c   Code   RO         7712    i.vTaskPlaceOnEventListRestricted  tasks.o
    0x0800c60c   0x0800c60c   0x00000090   Code   RO         7719    i.vTaskStartScheduler  tasks.o
    0x0800c69c   0x0800c69c   0x00000010   Code   RO         7721    i.vTaskSuspendAll   tasks.o
    0x0800c6ac   0x0800c6ac   0x00000060   Code   RO         7722    i.vTaskSwitchContext  tasks.o
    0x0800c70c   0x0800c70c   0x00000040   Code   RO         3212    i.verify_CRC16_check_sum  crc8_crc16.o
    0x0800c74c   0x0800c74c   0x00000104   Code   RO         8624    i.xPortStartScheduler  port.o
    0x0800c850   0x0800c850   0x0000002c   Code   RO         8625    i.xPortSysTickHandler  port.o
    0x0800c87c   0x0800c87c   0x00000070   Code   RO         7369    i.xQueueGenericCreateStatic  queue.o
    0x0800c8ec   0x0800c8ec   0x00000090   Code   RO         7370    i.xQueueGenericReset  queue.o
    0x0800c97c   0x0800c97c   0x00000170   Code   RO         7371    i.xQueueGenericSend  queue.o
    0x0800caec   0x0800caec   0x000000bc   Code   RO         7372    i.xQueueGenericSendFromISR  queue.o
    0x0800cba8   0x0800cba8   0x00000148   Code   RO         7380    i.xQueueReceive     queue.o
    0x0800ccf0   0x0800ccf0   0x00000098   Code   RO         7724    i.xTaskCheckForTimeOut  tasks.o
    0x0800cd88   0x0800cd88   0x0000006c   Code   RO         7725    i.xTaskCreate       tasks.o
    0x0800cdf4   0x0800cdf4   0x00000060   Code   RO         7726    i.xTaskCreateStatic  tasks.o
    0x0800ce54   0x0800ce54   0x0000001c   Code   RO         7731    i.xTaskGetSchedulerState  tasks.o
    0x0800ce70   0x0800ce70   0x0000000c   Code   RO         7732    i.xTaskGetTickCount  tasks.o
    0x0800ce7c   0x0800ce7c   0x000000d0   Code   RO         7734    i.xTaskIncrementTick  tasks.o
    0x0800cf4c   0x0800cf4c   0x0000009c   Code   RO         7737    i.xTaskPriorityDisinherit  tasks.o
    0x0800cfe8   0x0800cfe8   0x00000078   Code   RO         7739    i.xTaskRemoveFromEventList  tasks.o
    0x0800d060   0x0800d060   0x000000cc   Code   RO         7740    i.xTaskResumeAll    tasks.o
    0x0800d12c   0x0800d12c   0x00000068   Code   RO         8049    i.xTimerCreateTimerTask  timers.o
    0x0800d194   0x0800d194   0x00000074   Code   RO         8050    i.xTimerGenericCommand  timers.o
    0x0800d208   0x0800d208   0x000002c4   Code   RO         9074    x$fpl$d2f           g_wm.l(d2f_clz.o)
    0x0800d4cc   0x0800d4cc   0x0000024c   Code   RO         9076    x$fpl$dadd          g_wm.l(daddsub_clz.o)
    0x0800d718   0x0800d718   0x0000037c   Code   RO         9083    x$fpl$ddiv          g_wm.l(ddiv_clz.o)
    0x0800da94   0x0800da94   0x0000002e   Code   RO         9087    x$fpl$dflt          g_wm.l(dflt_clz.o)
    0x0800dac2   0x0800dac2   0x0000001a   Code   RO         9088    x$fpl$dfltn         g_wm.l(dflt_clz.o)
    0x0800dadc   0x0800dadc   0x000001c0   Code   RO         9092    x$fpl$dmul          g_wm.l(dmul_clz.o)
    0x0800dc9c   0x0800dc9c   0x00000102   Code   RO         9257    x$fpl$dnaninf       g_wm.l(dnaninf.o)
    0x0800dd9e   0x0800dd9e   0x00000070   Code   RO         9259    x$fpl$drenorm       g_wm.l(drenorm_clz.o)
    0x0800de0e   0x0800de0e   0x0000000c   Code   RO         9261    x$fpl$dretinf       g_wm.l(dretinf.o)
    0x0800de1a   0x0800de1a   0x00000002   PAD
    0x0800de1c   0x0800de1c   0x0000029c   Code   RO         9078    x$fpl$dsub          g_wm.l(daddsub_clz.o)
    0x0800e0b8   0x0800e0b8   0x0000017a   Code   RO         9265    x$fpl$dunder        g_wm.l(dunder_clz.o)
    0x0800e232   0x0800e232   0x00000002   PAD
    0x0800e234   0x0800e234   0x000001ec   Code   RO         9267    x$fpl$exception     g_wm.l(except.o)
    0x0800e420   0x0800e420   0x0000007a   Code   RO         9094    x$fpl$f2d           g_wm.l(f2d.o)
    0x0800e49a   0x0800e49a   0x000000f2   Code   RO         9269    x$fpl$fnaninf       g_wm.l(fnaninf.o)
    0x0800e58c   0x0800e58c   0x0000000a   Code   RO         9345    x$fpl$fpinit        g_wm.l(fpinit.o)
    0x0800e596   0x0800e596   0x0000000a   Code   RO         9271    x$fpl$fretinf       g_wm.l(fretinf.o)
    0x0800e5a0   0x0800e5a0   0x0000013c   Code   RO         9273    x$fpl$funder        g_wm.l(funder_clz.o)
    0x0800e6dc   0x0800e6dc   0x000000b2   Code   RO         9347    x$fpl$retnan        g_wm.l(retnan.o)
    0x0800e78e   0x0800e78e   0x0000007e   Code   RO         9275    x$fpl$trapveneer    g_wm.l(trapv.o)
    0x0800e80c   0x0800e80c   0x00000000   Code   RO         9277    x$fpl$usenofp       g_wm.l(usenofp.o)
    0x0800e80c   0x0800e80c   0x000000a8   Data   RO          337    .constdata          freertos.o
    0x0800e8b4   0x0800e8b4   0x00000018   Data   RO          895    .constdata          system_stm32f4xx.o
    0x0800e8cc   0x0800e8cc   0x0000003c   Data   RO         1663    .constdata          gimbal_task.o
    0x0800e908   0x0800e908   0x00000054   Data   RO         1812    .constdata          detect_task.o
    0x0800e95c   0x0800e95c   0x00000030   Data   RO         1866    .constdata          ins_task.o
    0x0800e98c   0x0800e98c   0x00000018   Data   RO         2220    .constdata          shoot.o
    0x0800e9a4   0x0800e9a4   0x00000090   Data   RO         2706    .constdata          quaternionekf.o
    0x0800ea34   0x0800ea34   0x00000502   Data   RO         3214    .constdata          crc8_crc16.o
    0x0800ef36   0x0800ef36   0x00000008   Data   RO         4068    .constdata          stm32f4xx_hal_dma.o
    0x0800ef3e   0x0800ef3e   0x00000002   PAD
    0x0800ef40   0x0800ef40   0x00000804   Data   RO         8973    .constdata          arm_cortexM4lf_math.lib(arm_common_tables.o)
    0x0800f744   0x0800f744   0x00000031   Data   RO          338    .conststring        freertos.o
    0x0800f775   0x0800f775   0x00000003   PAD
    0x0800f778   0x0800f778   0x00000020   Data   RO         9436    Region$$Table       anon$$obj.o


    Execution Region RW_IRAM1 (Exec base: 0x20000000, Load base: 0x0800f798, Size: 0x0000bff0, Max: 0x00020000, ABSOLUTE, COMPRESSED[0x000000d0])

    Exec Addr    Load Addr    Size         Type   Attr      Idx    E Section Name        Object

    0x20000000   COMPRESSED   0x00000018   Data   RW          339    .data               freertos.o
    0x20000018   COMPRESSED   0x00000004   Data   RW          401    .data               can.o
    0x2000001c   COMPRESSED   0x00000008   Data   RW          448    .data               crc.o
    0x20000024   COMPRESSED   0x00000004   Data   RW          896    .data               system_stm32f4xx.o
    0x20000028   COMPRESSED   0x00000008   Data   RW         1069    .data               bsp_delay.o
    0x20000030   COMPRESSED   0x00000008   Data   RW         1193    .data               bsp_led.o
    0x20000038   COMPRESSED   0x00000040   Data   RW         1334    .data               bsp_dwt.o
    0x20000078   COMPRESSED   0x00000012   Data   RW         1444    .data               can_receive.o
    0x2000008a   COMPRESSED   0x00000002   PAD
    0x2000008c   COMPRESSED   0x00000032   Data   RW         1664    .data               gimbal_task.o
    0x200000be   COMPRESSED   0x00000002   PAD
    0x200000c0   COMPRESSED   0x00000009   Data   RW         1813    .data               detect_task.o
    0x200000c9   COMPRESSED   0x00000003   PAD
    0x200000cc   COMPRESSED   0x00000048   Data   RW         1867    .data               ins_task.o
    0x20000114   COMPRESSED   0x0000001c   Data   RW         1979    .data               led_flow_task.o
    0x20000130   COMPRESSED   0x00000002   Data   RW         2024    .data               remote_control.o
    0x20000132   COMPRESSED   0x00000002   PAD
    0x20000134   COMPRESSED   0x0000000c   Data   RW         2221    .data               shoot.o
    0x20000140   COMPRESSED   0x00000010   Data   RW         2291    .data               self_aim.o
    0x20000150   COMPRESSED   0x00000048   Data   RW         2351    .data               bmi088driver.o
    0x20000198   COMPRESSED   0x00000004   Data   RW         2428    .data               bmi088middleware.o
    0x2000019c   COMPRESSED   0x00000004   Data   RW         2621    .data               kalman_filter.o
    0x200001a0   COMPRESSED   0x000000d4   Data   RW         2707    .data               quaternionekf.o
    0x20000274   COMPRESSED   0x00000270   Data   RW         2785    .data               controller.o
    0x200004e4   COMPRESSED   0x00000018   Data   RW         3070    .data               user_lib.o
    0x200004fc   COMPRESSED   0x00000002   Data   RW         3215    .data               crc8_crc16.o
    0x200004fe   COMPRESSED   0x00000002   PAD
    0x20000500   COMPRESSED   0x0000000c   Data   RW         4490    .data               stm32f4xx_hal.o
    0x2000050c   COMPRESSED   0x0000003c   Data   RW         7743    .data               tasks.o
    0x20000548   COMPRESSED   0x00000014   Data   RW         8058    .data               timers.o
    0x2000055c   COMPRESSED   0x00000018   Data   RW         8575    .data               heap_4.o
    0x20000574   COMPRESSED   0x0000000c   Data   RW         8626    .data               port.o
    0x20000580        -       0x000006a8   Zero   RW          336    .bss                freertos.o
    0x20000c28        -       0x00000050   Zero   RW          400    .bss                can.o
    0x20000c78        -       0x00000054   Zero   RW          514    .bss                i2c.o
    0x20000ccc        -       0x00000020   Zero   RW          556    .bss                rtc.o
    0x20000cec        -       0x00000118   Zero   RW          598    .bss                spi.o
    0x20000e04        -       0x00000180   Zero   RW          646    .bss                tim.o
    0x20000f84        -       0x000000e0   Zero   RW          719    .bss                usart.o
    0x20001064        -       0x000000bc   Zero   RW         1443    .bss                can_receive.o
    0x20001120        -       0x000004c4   Zero   RW         1662    .bss                gimbal_task.o
    0x200015e4        -       0x0000021c   Zero   RW         1811    .bss                detect_task.o
    0x20001800        -       0x00000154   Zero   RW         1865    .bss                ins_task.o
    0x20001954        -       0x0000005e   Zero   RW         2023    .bss                remote_control.o
    0x200019b2   COMPRESSED   0x00000002   PAD
    0x200019b4        -       0x000000c8   Zero   RW         2219    .bss                shoot.o
    0x20001a7c        -       0x0000002b   Zero   RW         2290    .bss                self_aim.o
    0x20001aa7   COMPRESSED   0x00000001   PAD
    0x20001aa8        -       0x00000040   Zero   RW         2350    .bss                bmi088driver.o
    0x20001ae8        -       0x00000268   Zero   RW         2705    .bss                quaternionekf.o
    0x20001d50        -       0x00000040   Zero   RW         7383    .bss                queue.o
    0x20001d90        -       0x000000f0   Zero   RW         7742    .bss                tasks.o
    0x20001e80        -       0x00000110   Zero   RW         8057    .bss                timers.o
    0x20001f90        -       0x00006000   Zero   RW         8574    .bss                heap_4.o
    0x20007f90        -       0x00000060   Zero   RW         9300    .bss                c_w.l(libspace.o)
    0x20007ff0        -       0x00002000   Zero   RW            2    HEAP                startup_stm32f407xx.o
    0x20009ff0        -       0x00002000   Zero   RW            1    STACK               startup_stm32f407xx.o


==============================================================================

Image component sizes


      Code (inc. data)   RO Data    RW Data    ZI Data      Debug   Object Name

      2882        174          0         72         64      10825   bmi088driver.o
       116         30          0          4          0       3684   bmi088middleware.o
         0          0          0          0          0     592772   bsp_buzzer.o
        92          8          0          0          0        646   bsp_can.o
        48         16          0          8          0        773   bsp_delay.o
       580        112          0         64          0       5026   bsp_dwt.o
        32         10          0          0          0       1019   bsp_laser.o
       104         22          0          8          0        644   bsp_led.o
        58          0          0          0          0        994   bsp_pwm.o
       156         14          0          0          0       1126   bsp_rc.o
       488         44          0          4         80       2670   can.o
      1180        118          0         18        188     605867   can_receive.o
        40          0          0          0          0       5303   can_task.o
       130          0          0          0          0      22571   cmsis_os.o
      2252         38          0        624          0      12014   controller.o
        84         18          0          8          0       1687   crc.o
       116         10       1282          2          0       2515   crc8_crc16.o
      1304         38         84          9        540       3083   detect_task.o
       120          6          0          0          0        914   dma.o
         0          0          0          0          0      16580   event_groups.o
       284         54        217         24       1704       4129   freertos.o
      2618        228         60         50       1220      21229   gimbal_task.o
       532         28          0          0          0       1379   gpio.o
       492         32          0         24      24576       5279   heap_4.o
       260         30          0          0         84       1913   i2c.o
      2576        204         48         72        340      12690   ins_task.o
      3160         26          0          4          0      23499   kalman_filter.o
       432         10          0         28          0       1833   led_flow_task.o
       144          0          0          0          0       3938   list.o
       306         14          0          0          0     761698   main.o
       592          8          0          0          0       2722   pid.o
       814         92          0         12          0      12693   port.o
      4164        232        144        212        616      10943   quaternionekf.o
      1584         24          0          0         64      15876   queue.o
       550         36          0          2         94       3487   remote_control.o
       116         22          0          0         32       1731   rtc.o
       248         32          0         16         43       2681   self_aim.o
       760         60         24         12        200       8342   shoot.o
       416         38          0          0        280       2123   spi.o
        64         26        392          0      16384        900   startup_stm32f407xx.o
       188         30          0         12          0       4977   stm32f4xx_hal.o
      2054          6          0          0          0      16945   stm32f4xx_hal_can.o
       208         16          0          0          0      33495   stm32f4xx_hal_cortex.o
        40          0          0          0          0       1175   stm32f4xx_hal_crc.o
       450         14          8          0          0       4022   stm32f4xx_hal_dma.o
       580         28          0          0          0       4012   stm32f4xx_hal_gpio.o
       408         18          0          0          0       2199   stm32f4xx_hal_i2c.o
        84          6          0          0          0        950   stm32f4xx_hal_msp.o
      1638        100          0          0          0       6812   stm32f4xx_hal_rcc.o
       380         34          0          0          0       1636   stm32f4xx_hal_rcc_ex.o
       312          0          0          0          0       2936   stm32f4xx_hal_rtc.o
       900          8          0          0          0       4917   stm32f4xx_hal_spi.o
      1450         46          0          0          0      14159   stm32f4xx_hal_tim.o
       180          0          0          0          0       2416   stm32f4xx_hal_tim_ex.o
      1662         20          0          0          0       8947   stm32f4xx_hal_uart.o
       128         18          0          0          0       7449   stm32f4xx_it.o
       100         18         24          4          0       1323   system_stm32f4xx.o
      2312        200          0         60        240      28004   tasks.o
        10          0          0          0          0       9192   test_task.o
      1988        152          0          0        384       7219   tim.o
      1016         96          0         20        272      28339   timers.o
       540         56          0          0        224       2782   usart.o
       910         30          0         24          0      10167   user_lib.o

    ----------------------------------------------------------------------
     47490       2750       2320       1408      47632    2393871   Object Totals
         0          0         32          0          0          0   (incl. Generated)
        58          0          5         11          3          0   (incl. Padding)

    ----------------------------------------------------------------------

      Code (inc. data)   RO Data    RW Data    ZI Data      Debug   Library Member Name

         0          0       2052          0          0       4636   arm_common_tables.o
       120         12          0          0          0      16970   arm_cos_f32.o
       264          0          0          0          0       1482   arm_mat_add_f32.o
         8          0          0          0          0        843   arm_mat_init_f32.o
      1328          4          0          0          0       2718   arm_mat_inverse_f32.o
       316          4          0          0          0       1627   arm_mat_mult_f32.o
       264          0          0          0          0       1482   arm_mat_sub_f32.o
       276          0          0          0          0       1516   arm_mat_trans_f32.o
       116         12          0          0          0        658   arm_sin_f32.o
        90          0          0          0          0          0   __dczerorl2.o
         8          0          0          0          0         68   __main.o
         0          0          0          0          0          0   __rtentry.o
        12          0          0          0          0          0   __rtentry2.o
         6          0          0          0          0          0   __rtentry4.o
        52          8          0          0          0          0   __scatter.o
        28          0          0          0          0          0   __scatter_zi.o
        48          4          0          0          0         84   _fptrap.o
        22          0          0          0          0        100   _rserrno.o
        16          0          0          0          0         68   aeabi_memset.o
        10          0          0          0          0         68   defsig_exit.o
       172        110          0          0          0         76   defsig_fpe_inner.o
        14          0          0          0          0         80   defsig_fpe_outer.o
        50          0          0          0          0         88   defsig_general.o
        80         58          0          0          0         76   defsig_rtmem_inner.o
        14          0          0          0          0         80   defsig_rtmem_outer.o
        18          0          0          0          0         80   exit.o
        94          0          0          0          0         80   h1_alloc.o
        52          0          0          0          0         68   h1_extend.o
        78          0          0          0          0         80   h1_free.o
        14          0          0          0          0         84   h1_init.o
         6          0          0          0          0        152   heapauxi.o
         4          0          0          0          0        136   hguard.o
         0          0          0          0          0          0   indicate_semi.o
       138          0          0          0          0        168   init_alloc.o
         2          0          0          0          0          0   libinit.o
        14          0          0          0          0          0   libinit2.o
         2          0          0          0          0          0   libshutdown.o
         2          0          0          0          0          0   libshutdown2.o
         8          4          0          0         96         68   libspace.o
       238          0          0          0          0        100   lludivv7m.o
         0          0          0          0          0          0   maybetermalloc1.o
         8          4          0          0          0         68   rt_errno_addr_intlibspace.o
         8          4          0          0          0         68   rt_heap_descriptor_intlibspace.o
        68          0          0          0          0         68   rt_memclr.o
        78          0          0          0          0         80   rt_memclr_w.o
       138          0          0          0          0         68   rt_memcpy_v6.o
       100          0          0          0          0         80   rt_memcpy_w.o
         2          0          0          0          0          0   rtexit.o
        10          0          0          0          0          0   rtexit2.o
        12          4          0          0          0         68   sys_exit.o
        74          0          0          0          0         80   sys_stackheap_outer.o
        14          0          0          0          0         76   sys_wrch.o
         2          0          0          0          0         68   use_no_semi.o
       708         16          0          0          0        140   d2f_clz.o
      1256         28          0          0          0        408   daddsub_clz.o
       892        152          0          0          0        292   ddiv_clz.o
        72          0          0          0          0        232   dflt_clz.o
       448         16          0          0          0        164   dmul_clz.o
       258          4          0          0          0        156   dnaninf.o
       112          0          0          0          0        160   drenorm_clz.o
        12          0          0          0          0        116   dretinf.o
       378          0          0          0          0        168   dunder_clz.o
       492         36          0          0          0        148   except.o
       122          8          0          0          0        132   f2d.o
       242          4          0          0          0        144   fnaninf.o
        10          0          0          0          0        116   fpinit.o
        10          0          0          0          0        116   fretinf.o
       316          0          0          0          0        132   funder_clz.o
       178          0          0          0          0        116   retnan.o
       126          0          0          0          0        148   trapv.o
         0          0          0          0          0          0   usenofp.o
       280         46          0          0          0        176   acosf.o
       300         42          0          0          0        176   asinf.o
       592         90          0          0          0        184   atan2f.o
        38          0          0          0          0        116   fpclassifyf.o
        44         12          0          0          0        464   funder.o
       120          0          0          0          0        272   sqrtf_full.o

    ----------------------------------------------------------------------
     11522        682       2052          0         96      38736   Library Totals
        18          0          0          0          0          0   (incl. Padding)

    ----------------------------------------------------------------------

      Code (inc. data)   RO Data    RW Data    ZI Data      Debug   Library Name

      2692         32       2052          0          0      31932   arm_cortexM4lf_math.lib
      1806        196          0          0         96       2528   c_w.l
      5632        264          0          0          0       2888   g_wm.l
      1374        190          0          0          0       1388   m_wm.l

    ----------------------------------------------------------------------
     11522        682       2052          0         96      38736   Library Totals

    ----------------------------------------------------------------------

==============================================================================


      Code (inc. data)   RO Data    RW Data    ZI Data      Debug   

     59012       3432       4372       1408      47728    2397903   Grand Totals
     59012       3432       4372        208      47728    2397903   ELF Image Totals (compressed)
     59012       3432       4372        208          0          0   ROM Totals

==============================================================================

    Total RO  Size (Code + RO Data)                63384 (  61.90kB)
    Total RW  Size (RW Data + ZI Data)             49136 (  47.98kB)
    Total ROM Size (Code + RO Data + RW Data)      63592 (  62.10kB)

==============================================================================

