<html>
<body>
<pre>
<h1>µVision Build Log</h1>
<h2>Tool Versions:</h2>
IDE-Version: ¦ÌVision V5.24.2.0
Copyright (C) 2017 ARM Ltd and ARM Germany GmbH. All rights reserved.
License Information: 11 wwww, HP Inc., LIC=03C6R-KPAS0-BSQYX-HMX8R-YBSK6-AIEQG
 
Tool Versions:
Toolchain:       MDK-ARM Plus  Version: 5.24.1
Toolchain Path:  C:\KEIL C51\ARM\ARMCC\Bin
C Compiler:      Armcc.exe V5.06 update 5 (build 528)
Assembler:       Armasm.exe V5.06 update 5 (build 528)
Linker/Locator:  ArmLink.exe V5.06 update 5 (build 528)
Library Manager: ArmAr.exe V5.06 update 5 (build 528)
Hex Converter:   FromElf.exe V5.06 update 5 (build 528)
CPU DLL:         SARMCM3.DLL V5.24.1
Dialog DLL:      DCM.DLL V1.16.0.0
Target DLL:      CMSIS_AGDI.dll V1.28.3.0
Dialog DLL:      TCM.DLL V1.32.0.0
 
<h2>Project:</h2>
C:\Users\zhangfan\Desktop\hero\HERO\VT\gimbal_task +gryo -2\MDK-ARM\gimbal_task.uvprojx
Project File Date:  04/11/2026

<h2>Output:</h2>
*** Using Compiler 'V5.06 update 5 (build 528)', folder: 'C:\KEIL C51\ARM\ARMCC\Bin'
Build target 'gimbal_task'
compiling CAN_receive.c...
..\application\shoot.h(101): warning:  #1295-D: Deprecated declaration shoot_control_loop - give arg types
  const shoot_control_t *shoot_control_loop();
..\application\shoot.h(105): warning:  #1-D: last line of file ends without a newline
  #endif
..\application\INS_task.h(85): warning:  #1295-D: Deprecated declaration get_INS - give arg types
  extern INS_t *get_INS();
..\application\gryo.h(30): warning:  #1-D: last line of file ends without a newline
  #endif
..\application\gimbal_task.h(333): warning:  #1295-D: Deprecated declaration get_chassis_data_point - give arg types
  extern chassis_data_t *get_chassis_data_point();
..\application\gimbal_task.h(334): warning:  #1295-D: Deprecated declaration get_gimbal_data - give arg types
  extern gimbal_control_t *get_gimbal_data();
..\application\CAN_receive.c: 6 warnings, 0 errors
linking...
Program Size: Code=70880 RO-data=4804 RW-data=976 ZI-data=56064  
FromELF: creating hex file...
"gimbal_task\gimbal_task.axf" - 0 Error(s), 6 Warning(s).

<h2>Software Packages used:</h2>

Package Vendor: ARM
                http://www.keil.com/pack/ARM.CMSIS.5.0.1.pack
                ARM.CMSIS.5.0.1
                CMSIS (Cortex Microcontroller Software Interface Standard)
   * Component: CORE Version: 5.0.1

Package Vendor: Keil
                https://www.keil.com/pack/Keil.STM32F4xx_DFP.2.17.1.pack
                Keil.STM32F4xx_DFP.2.17.1
                STMicroelectronics STM32F4 Series Device Support, Drivers and Examples

<h2>Collection of Component include folders:</h2>
  .\RTE\_gimbal_task
  C:\KEIL C51\ARM\PACK\ARM\CMSIS\5.0.1\CMSIS\Include
  C:\KEIL C51\ARM\PACK\Keil\STM32F4xx_DFP\2.17.1\Drivers\CMSIS\Device\ST\STM32F4xx\Include

<h2>Collection of Component Files used:</h2>

   * Component: ARM::CMSIS:CORE:5.0.1
Build Time Elapsed:  00:00:05
</pre>
</body>
</html>
