Component: ARM Compiler 5.06 update 5 (build 528) Tool: armlink [4d35e2]

==============================================================================

Section Cross References

    startup_stm32f407xx.o(STACK) refers (Special) to heapauxi.o(.text) for __use_two_region_memory
    startup_stm32f407xx.o(HEAP) refers (Special) to heapauxi.o(.text) for __use_two_region_memory
    startup_stm32f407xx.o(RESET) refers (Special) to heapauxi.o(.text) for __use_two_region_memory
    startup_stm32f407xx.o(RESET) refers to startup_stm32f407xx.o(STACK) for __initial_sp
    startup_stm32f407xx.o(RESET) refers to startup_stm32f407xx.o(.text) for Reset_Handler
    startup_stm32f407xx.o(RESET) refers to stm32f4xx_it.o(i.NMI_Handler) for NMI_Handler
    startup_stm32f407xx.o(RESET) refers to stm32f4xx_it.o(i.HardFault_Handler) for HardFault_Handler
    startup_stm32f407xx.o(RESET) refers to stm32f4xx_it.o(i.MemManage_Handler) for MemManage_Handler
    startup_stm32f407xx.o(RESET) refers to stm32f4xx_it.o(i.BusFault_Handler) for BusFault_Handler
    startup_stm32f407xx.o(RESET) refers to stm32f4xx_it.o(i.UsageFault_Handler) for UsageFault_Handler
    startup_stm32f407xx.o(RESET) refers to port.o(.emb_text) for SVC_Handler
    startup_stm32f407xx.o(RESET) refers to stm32f4xx_it.o(i.DebugMon_Handler) for DebugMon_Handler
    startup_stm32f407xx.o(RESET) refers to stm32f4xx_it.o(i.SysTick_Handler) for SysTick_Handler
    startup_stm32f407xx.o(RESET) refers to stm32f4xx_it.o(i.EXTI0_IRQHandler) for EXTI0_IRQHandler
    startup_stm32f407xx.o(RESET) refers to stm32f4xx_it.o(i.EXTI3_IRQHandler) for EXTI3_IRQHandler
    startup_stm32f407xx.o(RESET) refers to stm32f4xx_it.o(i.EXTI4_IRQHandler) for EXTI4_IRQHandler
    startup_stm32f407xx.o(RESET) refers to stm32f4xx_it.o(i.CAN1_RX0_IRQHandler) for CAN1_RX0_IRQHandler
    startup_stm32f407xx.o(RESET) refers to stm32f4xx_it.o(i.EXTI9_5_IRQHandler) for EXTI9_5_IRQHandler
    startup_stm32f407xx.o(RESET) refers to stm32f4xx_it.o(i.USART1_IRQHandler) for USART1_IRQHandler
    startup_stm32f407xx.o(RESET) refers to stm32f4xx_it.o(i.DMA2_Stream1_IRQHandler) for DMA2_Stream1_IRQHandler
    startup_stm32f407xx.o(RESET) refers to stm32f4xx_it.o(i.CAN2_RX0_IRQHandler) for CAN2_RX0_IRQHandler
    startup_stm32f407xx.o(RESET) refers to stm32f4xx_it.o(i.OTG_FS_IRQHandler) for OTG_FS_IRQHandler
    startup_stm32f407xx.o(RESET) refers to stm32f4xx_it.o(i.DMA2_Stream6_IRQHandler) for DMA2_Stream6_IRQHandler
    startup_stm32f407xx.o(RESET) refers to vt13_control.o(i.USART6_IRQHandler) for USART6_IRQHandler
    startup_stm32f407xx.o(.text) refers (Special) to heapauxi.o(.text) for __use_two_region_memory
    startup_stm32f407xx.o(.text) refers to system_stm32f4xx.o(i.SystemInit) for SystemInit
    startup_stm32f407xx.o(.text) refers to __main.o(!!!main) for __main
    startup_stm32f407xx.o(.text) refers to startup_stm32f407xx.o(HEAP) for Heap_Mem
    startup_stm32f407xx.o(.text) refers to startup_stm32f407xx.o(STACK) for Stack_Mem
    main.o(i.SystemClock_Config) refers to rt_memclr_w.o(.text) for __aeabi_memclr4
    main.o(i.SystemClock_Config) refers to stm32f4xx_hal_rcc.o(i.HAL_RCC_OscConfig) for HAL_RCC_OscConfig
    main.o(i.SystemClock_Config) refers to main.o(i.Error_Handler) for Error_Handler
    main.o(i.SystemClock_Config) refers to stm32f4xx_hal_rcc.o(i.HAL_RCC_ClockConfig) for HAL_RCC_ClockConfig
    main.o(i.main) refers to stm32f4xx_hal.o(i.HAL_Init) for HAL_Init
    main.o(i.main) refers to main.o(i.SystemClock_Config) for SystemClock_Config
    main.o(i.main) refers to gpio.o(i.MX_GPIO_Init) for MX_GPIO_Init
    main.o(i.main) refers to dma.o(i.MX_DMA_Init) for MX_DMA_Init
    main.o(i.main) refers to can.o(i.MX_CAN1_Init) for MX_CAN1_Init
    main.o(i.main) refers to can.o(i.MX_CAN2_Init) for MX_CAN2_Init
    main.o(i.main) refers to spi.o(i.MX_SPI1_Init) for MX_SPI1_Init
    main.o(i.main) refers to tim.o(i.MX_TIM4_Init) for MX_TIM4_Init
    main.o(i.main) refers to tim.o(i.MX_TIM5_Init) for MX_TIM5_Init
    main.o(i.main) refers to usart.o(i.MX_USART3_UART_Init) for MX_USART3_UART_Init
    main.o(i.main) refers to tim.o(i.MX_TIM8_Init) for MX_TIM8_Init
    main.o(i.main) refers to i2c.o(i.MX_I2C3_Init) for MX_I2C3_Init
    main.o(i.main) refers to rtc.o(i.MX_RTC_Init) for MX_RTC_Init
    main.o(i.main) refers to tim.o(i.MX_TIM1_Init) for MX_TIM1_Init
    main.o(i.main) refers to tim.o(i.MX_TIM3_Init) for MX_TIM3_Init
    main.o(i.main) refers to tim.o(i.MX_TIM10_Init) for MX_TIM10_Init
    main.o(i.main) refers to usart.o(i.MX_USART1_UART_Init) for MX_USART1_UART_Init
    main.o(i.main) refers to crc.o(i.MX_CRC_Init) for MX_CRC_Init
    main.o(i.main) refers to usart.o(i.MX_USART6_UART_Init) for MX_USART6_UART_Init
    main.o(i.main) refers to usb_device.o(i.MX_USB_DEVICE_Init) for MX_USB_DEVICE_Init
    main.o(i.main) refers to bsp_can.o(i.can_filter_init) for can_filter_init
    main.o(i.main) refers to bsp_delay.o(i.delay_init) for delay_init
[...]
    huart1                                   0x20000e04   Data          72  usart.o(.bss)
    huart3                                   0x20000e4c   Data          72  usart.o(.bss)
    huart6                                   0x20000e94   Data          72  usart.o(.bss)
    hdma_usart3_rx                           0x20000edc   Data          96  usart.o(.bss)
    hdma_usart6_rx                           0x20000f3c   Data          96  usart.o(.bss)
    hdma_usart6_tx                           0x20000f9c   Data          96  usart.o(.bss)
    hUsbDeviceFS                             0x20000ffc   Data         732  usb_device.o(.bss)
    hpcd_USB_OTG_FS                          0x200012d8   Data        1252  usbd_conf.o(.bss)
    USBD_StrDesc                             0x200019dc   Data         512  usbd_desc.o(.bss)
    UserRxBufferFS                           0x20001bdc   Data        2048  usbd_cdc_if.o(.bss)
    UserTxBufferFS                           0x200023dc   Data        2048  usbd_cdc_if.o(.bss)
    gryo_data                                0x20002c98   Data          14  can_receive.o(.bss)
    yaw_buffer                               0x20002ca8   Data          40  gimbal_task.o(.bss)
    gimbal_control                           0x20002cd0   Data        1108  gimbal_task.o(.bss)
    chassis_data                             0x20003124   Data          68  gimbal_task.o(.bss)
    chassis_self_aim_yaw                     0x20003168   Data          16  gimbal_task.o(.bss)
    error_list                               0x20003178   Data         540  detect_task.o(.bss)
    INS                                      0x20003394   Data         128  ins_task.o(.bss)
    IMU_Param                                0x20003414   Data          28  ins_task.o(.bss)
    TempCtrl                                 0x20003430   Data         170  ins_task.o(.bss)
    INS_angle                                0x200034dc   Data          12  ins_task.o(.bss)
    data1                                    0x200034e8   Data          24  shoot.o(.bss)
    shoot_control                            0x20003500   Data         780  shoot.o(.bss)
    buffer                                   0x2000380c   Data          29  self_aim.o(.bss)
    Usart_Receive                            0x20003829   Data          40  self_aim.o(.bss)
    inputdata                                0x20003851   Data          25  self_aim.o(.bss)
    Send_Data                                0x2000386a   Data          43  self_aim.o(.bss)
    re_htim4                                 0x200038b4   Data          72  buzzer_tim_init.o(.bss)
    rc_ctrl                                  0x200038fc   Data          21  vt13_control.o(.bss)
    sbus_rx_buf                              0x20003911   Data          84  vt13_control.o(.bss)
    gryo_control                             0x20003968   Data          12  gryo.o(.bss)
    q                                        0x20003974   Data          16  gryo.o(.bss)
    gyroDiff                                 0x20003984   Data          12  bmi088driver.o(.bss)
    BMI088                                   0x20003990   Data          52  bmi088driver.o(.bss)
    QEKF_INS                                 0x200039c8   Data         472  quaternionekf.o(.bss)
    IMU_QuaternionEKF_K                      0x20003ba0   Data          72  quaternionekf.o(.bss)
    IMU_QuaternionEKF_H                      0x20003be8   Data          72  quaternionekf.o(.bss)
    xQueueRegistry                           0x20003c30   Data          64  queue.o(.bss)
    __libspace_start                         0x20009e70   Data          96  libspace.o(.bss)
    __temporary_stack_top$libspace           0x20009ed0   Data           0  libspace.o(.bss)



==============================================================================

Memory Map of the image

  Image Entry point : 0x08000189

  Load Region LR_IROM1 (Base: 0x08000000, Size: 0x00012b74, Max: 0x00100000, ABSOLUTE, COMPRESSED[0x000128c4])

    Execution Region ER_IROM1 (Exec base: 0x08000000, Load base: 0x08000000, Size: 0x000127a4, Max: 0x00100000, ABSOLUTE)

    Exec Addr    Load Addr    Size         Type   Attr      Idx    E Section Name        Object

    0x08000000   0x08000000   0x00000188   Data   RO            3    RESET               startup_stm32f407xx.o
    0x08000188   0x08000188   0x00000008   Code   RO        11626  * !!!main             c_w.l(__main.o)
    0x08000190   0x08000190   0x00000034   Code   RO        12064    !!!scatter          c_w.l(__scatter.o)
    0x080001c4   0x080001c4   0x0000005a   Code   RO        12062    !!dczerorl2         c_w.l(__dczerorl2.o)
    0x0800021e   0x0800021e   0x00000002   PAD
    0x08000220   0x08000220   0x0000001c   Code   RO        12066    !!handler_zi        c_w.l(__scatter_zi.o)
    0x0800023c   0x0800023c   0x00000002   Code   RO        12001    .ARM.Collect$$libinit$$00000000  c_w.l(libinit.o)
    0x0800023e   0x0800023e   0x00000004   Code   RO        11790    .ARM.Collect$$libinit$$00000001  c_w.l(libinit2.o)
    0x08000242   0x08000242   0x00000000   Code   RO        11793    .ARM.Collect$$libinit$$00000004  c_w.l(libinit2.o)
    0x08000242   0x08000242   0x00000008   Code   RO        11794    .ARM.Collect$$libinit$$00000005  c_w.l(libinit2.o)
    0x0800024a   0x0800024a   0x00000000   Code   RO        11796    .ARM.Collect$$libinit$$0000000A  c_w.l(libinit2.o)
    0x0800024a   0x0800024a   0x00000000   Code   RO        11798    .ARM.Collect$$libinit$$0000000C  c_w.l(libinit2.o)
    0x0800024a   0x0800024a   0x00000000   Code   RO        11800    .ARM.Collect$$libinit$$0000000E  c_w.l(libinit2.o)
    0x0800024a   0x0800024a   0x00000000   Code   RO        11803    .ARM.Collect$$libinit$$00000011  c_w.l(libinit2.o)
    0x0800024a   0x0800024a   0x00000000   Code   RO        11805    .ARM.Collect$$libinit$$00000013  c_w.l(libinit2.o)
    0x0800024a   0x0800024a   0x00000000   Code   RO        11807    .ARM.Collect$$libinit$$00000015  c_w.l(libinit2.o)
    0x0800024a   0x0800024a   0x00000000   Code   RO        11809    .ARM.Collect$$libinit$$00000017  c_w.l(libinit2.o)
    0x0800024a   0x0800024a   0x00000000   Code   RO        11811    .ARM.Collect$$libinit$$00000019  c_w.l(libinit2.o)
    0x0800024a   0x0800024a   0x00000000   Code   RO        11813    .ARM.Collect$$libinit$$0000001B  c_w.l(libinit2.o)
    0x0800024a   0x0800024a   0x00000000   Code   RO        11815    .ARM.Collect$$libinit$$0000001D  c_w.l(libinit2.o)
    0x0800024a   0x0800024a   0x00000000   Code   RO        11817    .ARM.Collect$$libinit$$0000001F  c_w.l(libinit2.o)
    0x0800024a   0x0800024a   0x00000000   Code   RO        11819    .ARM.Collect$$libinit$$00000021  c_w.l(libinit2.o)
    0x0800024a   0x0800024a   0x00000000   Code   RO        11821    .ARM.Collect$$libinit$$00000023  c_w.l(libinit2.o)
    0x0800024a   0x0800024a   0x00000000   Code   RO        11823    .ARM.Collect$$libinit$$00000025  c_w.l(libinit2.o)
    0x0800024a   0x0800024a   0x00000000   Code   RO        11827    .ARM.Collect$$libinit$$0000002C  c_w.l(libinit2.o)
    0x0800024a   0x0800024a   0x00000000   Code   RO        11829    .ARM.Collect$$libinit$$0000002E  c_w.l(libinit2.o)
    0x0800024a   0x0800024a   0x00000000   Code   RO        11831    .ARM.Collect$$libinit$$00000030  c_w.l(libinit2.o)
    0x0800024a   0x0800024a   0x00000000   Code   RO        11833    .ARM.Collect$$libinit$$00000032  c_w.l(libinit2.o)
    0x0800024a   0x0800024a   0x00000002   Code   RO        11834    .ARM.Collect$$libinit$$00000033  c_w.l(libinit2.o)
    0x0800024c   0x0800024c   0x00000002   Code   RO        12059    .ARM.Collect$$libshutdown$$00000000  c_w.l(libshutdown.o)
    0x0800024e   0x0800024e   0x00000000   Code   RO        12017    .ARM.Collect$$libshutdown$$00000002  c_w.l(libshutdown2.o)
    0x0800024e   0x0800024e   0x00000000   Code   RO        12019    .ARM.Collect$$libshutdown$$00000004  c_w.l(libshutdown2.o)
    0x0800024e   0x0800024e   0x00000000   Code   RO        12022    .ARM.Collect$$libshutdown$$00000007  c_w.l(libshutdown2.o)
    0x0800024e   0x0800024e   0x00000000   Code   RO        12025    .ARM.Collect$$libshutdown$$0000000A  c_w.l(libshutdown2.o)
    0x0800024e   0x0800024e   0x00000000   Code   RO        12027    .ARM.Collect$$libshutdown$$0000000C  c_w.l(libshutdown2.o)
    0x0800024e   0x0800024e   0x00000000   Code   RO        12030    .ARM.Collect$$libshutdown$$0000000F  c_w.l(libshutdown2.o)
    0x0800024e   0x0800024e   0x00000002   Code   RO        12031    .ARM.Collect$$libshutdown$$00000010  c_w.l(libshutdown2.o)
    0x08000250   0x08000250   0x00000000   Code   RO        11750    .ARM.Collect$$rtentry$$00000000  c_w.l(__rtentry.o)
    0x08000250   0x08000250   0x00000000   Code   RO        11913    .ARM.Collect$$rtentry$$00000002  c_w.l(__rtentry2.o)
    0x08000250   0x08000250   0x00000006   Code   RO        11925    .ARM.Collect$$rtentry$$00000004  c_w.l(__rtentry4.o)
    0x08000256   0x08000256   0x00000000   Code   RO        11915    .ARM.Collect$$rtentry$$00000009  c_w.l(__rtentry2.o)
    0x08000256   0x08000256   0x00000004   Code   RO        11916    .ARM.Collect$$rtentry$$0000000A  c_w.l(__rtentry2.o)
    0x0800025a   0x0800025a   0x00000000   Code   RO        11918    .ARM.Collect$$rtentry$$0000000C  c_w.l(__rtentry2.o)
    0x0800025a   0x0800025a   0x00000008   Code   RO        11919    .ARM.Collect$$rtentry$$0000000D  c_w.l(__rtentry2.o)
    0x08000262   0x08000262   0x00000002   Code   RO        12004    .ARM.Collect$$rtexit$$00000000  c_w.l(rtexit.o)
    0x08000264   0x08000264   0x00000000   Code   RO        12035    .ARM.Collect$$rtexit$$00000002  c_w.l(rtexit2.o)
    0x08000264   0x08000264   0x00000004   Code   RO        12036    .ARM.Collect$$rtexit$$00000003  c_w.l(rtexit2.o)
    0x08000268   0x08000268   0x00000006   Code   RO        12037    .ARM.Collect$$rtexit$$00000004  c_w.l(rtexit2.o)
    0x0800026e   0x0800026e   0x00000002   PAD
    0x08000270   0x08000270   0x000000be   Code   RO        10744    .emb_text           port.o
    0x0800032e   0x0800032e   0x00000002   PAD
    0x08000330   0x08000330   0x00000000   Code   RO        11936    .emb_text           c_w.l(maybetermalloc1.o)
    0x08000330   0x08000330   0x00000040   Code   RO            4    .text               startup_stm32f407xx.o
    0x08000370   0x08000370   0x00000078   Code   RO        11250    .text               arm_cortexM4lf_math.lib(arm_cos_f32.o)
    0x080003e8   0x080003e8   0x00000074   Code   RO        11303    .text               arm_cortexM4lf_math.lib(arm_sin_f32.o)
    0x0800045c   0x0800045c   0x00000108   Code   RO        11327    .text               arm_cortexM4lf_math.lib(arm_mat_add_f32.o)
    0x08000564   0x08000564   0x00000008   Code   RO        11351    .text               arm_cortexM4lf_math.lib(arm_mat_init_f32.o)
    0x0800056c   0x0800056c   0x00000530   Code   RO        11375    .text               arm_cortexM4lf_math.lib(arm_mat_inverse_f32.o)
    0x08000a9c   0x08000a9c   0x0000013c   Code   RO        11399    .text               arm_cortexM4lf_math.lib(arm_mat_mult_f32.o)
    0x08000bd8   0x08000bd8   0x00000108   Code   RO        11423    .text               arm_cortexM4lf_math.lib(arm_mat_sub_f32.o)
    0x08000ce0   0x08000ce0   0x00000114   Code   RO        11447    .text               arm_cortexM4lf_math.lib(arm_mat_trans_f32.o)
    0x08000df4   0x08000df4   0x0000005e   Code   RO        11554    .text               c_w.l(h1_alloc.o)
    0x08000e52   0x08000e52   0x000000ee   Code   RO        11608    .text               c_w.l(lludivv7m.o)
    0x08000f40   0x08000f40   0x0000008a   Code   RO        11612    .text               c_w.l(rt_memcpy_v6.o)
    0x08000fca   0x08000fca   0x00000064   Code   RO        11614    .text               c_w.l(rt_memcpy_w.o)
    0x0800102e   0x0800102e   0x00000010   Code   RO        11618    .text               c_w.l(aeabi_memset.o)
    0x0800103e   0x0800103e   0x00000044   Code   RO        11620    .text               c_w.l(rt_memclr.o)
    0x08001082   0x08001082   0x0000004e   Code   RO        11622    .text               c_w.l(rt_memclr_w.o)
    0x080010d0   0x080010d0   0x00000006   Code   RO        11624    .text               c_w.l(heapauxi.o)
    0x080010d6   0x080010d6   0x00000002   PAD
    0x080010d8   0x080010d8   0x00000008   Code   RO        11758    .text               c_w.l(rt_heap_descriptor_intlibspace.o)
    0x080010e0   0x080010e0   0x00000004   Code   RO        11760    .text               c_w.l(hguard.o)
    0x080010e4   0x080010e4   0x0000008a   Code   RO        11762    .text               c_w.l(init_alloc.o)
    0x0800116e   0x0800116e   0x0000000e   Code   RO        11768    .text               c_w.l(h1_init.o)
    0x0800117c   0x0800117c   0x0000004e   Code   RO        11770    .text               c_w.l(h1_free.o)
    0x080011ca   0x080011ca   0x00000016   Code   RO        11786    .text               c_w.l(_rserrno.o)
    0x080011e0   0x080011e0   0x00000008   Code   RO        11909    .text               c_w.l(libspace.o)
    0x080011e8   0x080011e8   0x00000008   Code   RO        11932    .text               c_w.l(rt_errno_addr_intlibspace.o)
    0x080011f0   0x080011f0   0x00000034   Code   RO        11938    .text               c_w.l(h1_extend.o)
    0x08001224   0x08001224   0x00000030   Code   RO        11942    .text               c_w.l(_fptrap.o)
    0x08001254   0x08001254   0x0000000e   Code   RO        11944    .text               c_w.l(defsig_rtmem_outer.o)
    0x08001262   0x08001262   0x00000002   Code   RO        11973    .text               c_w.l(use_no_semi.o)
    0x08001264   0x08001264   0x00000000   Code   RO        11975    .text               c_w.l(indicate_semi.o)
    0x08001264   0x08001264   0x0000004a   Code   RO        11976    .text               c_w.l(sys_stackheap_outer.o)
    0x080012ae   0x080012ae   0x00000012   Code   RO        11982    .text               c_w.l(exit.o)
    0x080012c0   0x080012c0   0x0000000a   Code   RO        11984    .text               c_w.l(defsig_exit.o)
    0x080012ca   0x080012ca   0x0000000e   Code   RO        11986    .text               c_w.l(defsig_fpe_outer.o)
    0x080012d8   0x080012d8   0x00000050   Code   RO        11990    .text               c_w.l(defsig_rtmem_inner.o)
    0x08001328   0x08001328   0x0000000c   Code   RO        12002    .text               c_w.l(sys_exit.o)
    0x08001334   0x08001334   0x00000032   Code   RO        12012    .text               c_w.l(defsig_general.o)
    0x08001366   0x08001366   0x00000002   PAD
    0x08001368   0x08001368   0x000000ac   Code   RO        12014    .text               c_w.l(defsig_fpe_inner.o)
    0x08001414   0x08001414   0x0000000e   Code   RO        12032    .text               c_w.l(sys_wrch.o)
    0x08001422   0x08001422   0x00000002   PAD
    0x08001424   0x08001424   0x00000014   Code   RO         3722    i.BMI088_ACCEL_NS_H  bmi088middleware.o
    0x08001438   0x08001438   0x00000014   Code   RO         3723    i.BMI088_ACCEL_NS_L  bmi088middleware.o
    0x0800144c   0x0800144c   0x00000014   Code   RO         3724    i.BMI088_GYRO_NS_H  bmi088middleware.o
    0x08001460   0x08001460   0x00000014   Code   RO         3725    i.BMI088_GYRO_NS_L  bmi088middleware.o
    0x08001474   0x08001474   0x00000098   Code   RO         3642    i.BMI088_init       bmi088driver.o
    0x0800150c   0x0800150c   0x00000026   Code   RO         3643    i.BMI088_read_muli_reg  bmi088driver.o
    0x08001532   0x08001532   0x00000018   Code   RO         3644    i.BMI088_read_single_reg  bmi088driver.o
    0x0800154a   0x0800154a   0x00000002   PAD
    0x0800154c   0x0800154c   0x00000024   Code   RO         3726    i.BMI088_read_write_byte  bmi088middleware.o
    0x08001570   0x08001570   0x00000014   Code   RO         3645    i.BMI088_write_single_reg  bmi088driver.o
    0x08001584   0x08001584   0x00000004   Code   RO         1401    i.BusFault_Handler  stm32f4xx_it.o
    0x08001588   0x08001588   0x00000010   Code   RO         1402    i.CAN1_RX0_IRQHandler  stm32f4xx_it.o
    0x08001598   0x08001598   0x00000010   Code   RO         1403    i.CAN2_RX0_IRQHandler  stm32f4xx_it.o
    0x080015a8   0x080015a8   0x00000050   Code   RO         2163    i.CAN_cmd_chassis   can_receive.o
    0x080015f8   0x080015f8   0x00000050   Code   RO         2165    i.CAN_cmd_gimbal    can_receive.o
    0x08001648   0x08001648   0x00000038   Code   RO         2166    i.CAN_receive_data1  can_receive.o
    0x08001680   0x08001680   0x00000018   Code   RO         2167    i.CAN_receive_gryo  can_receive.o
    0x08001698   0x08001698   0x0000000c   Code   RO         2168    i.CAN_receive_referee_data  can_receive.o
    0x080016a4   0x080016a4   0x00000044   Code   RO         1307    i.CDC_Control_FS    usbd_cdc_if.o
    0x080016e8   0x080016e8   0x00000004   Code   RO         1308    i.CDC_DeInit_FS     usbd_cdc_if.o
    0x080016ec   0x080016ec   0x00000024   Code   RO         1309    i.CDC_Init_FS       usbd_cdc_if.o
    0x08001710   0x08001710   0x00000030   Code   RO         1310    i.CDC_Receive_FS    usbd_cdc_if.o
    0x08001740   0x08001740   0x0000000c   Code   RO         1311    i.CDC_TransmitCplt_FS  usbd_cdc_if.o
    0x0800174c   0x0800174c   0x00000038   Code   RO         1312    i.CDC_Transmit_FS   usbd_cdc_if.o
    0x08001784   0x08001784   0x00000540   Code   RO         3646    i.Calibrate_MPU_Offset  bmi088driver.o
    0x08001cc4   0x08001cc4   0x00000010   Code   RO         1404    i.DMA2_Stream1_IRQHandler  stm32f4xx_it.o
    0x08001cd4   0x08001cd4   0x00000010   Code   RO         1405    i.DMA2_Stream6_IRQHandler  stm32f4xx_it.o
    0x08001ce4   0x08001ce4   0x00000034   Code   RO         5743    i.DMA_CalcBaseAndBitshift  stm32f4xx_hal_dma.o
    0x08001d18   0x08001d18   0x0000007e   Code   RO         5744    i.DMA_CheckFifoParam  stm32f4xx_hal_dma.o
    0x08001d96   0x08001d96   0x00000002   PAD
    0x08001d98   0x08001d98   0x00000030   Code   RO         2025    i.DWT_CNT_Update    bsp_dwt.o
    0x08001dc8   0x08001dc8   0x0000003c   Code   RO         2026    i.DWT_Delay         bsp_dwt.o
    0x08001e04   0x08001e04   0x00000054   Code   RO         2030    i.DWT_GetTimeline_s  bsp_dwt.o
    0x08001e58   0x08001e58   0x00000068   Code   RO         2032    i.DWT_Init          bsp_dwt.o
    0x08001ec0   0x08001ec0   0x000000d0   Code   RO         2033    i.DWT_SysTimeUpdate  bsp_dwt.o
    0x08001f90   0x08001f90   0x00000002   Code   RO         1406    i.DebugMon_Handler  stm32f4xx_it.o
    0x08001f92   0x08001f92   0x0000000a   Code   RO         1407    i.EXTI0_IRQHandler  stm32f4xx_it.o
    0x08001f9c   0x08001f9c   0x0000000a   Code   RO         1408    i.EXTI3_IRQHandler  stm32f4xx_it.o
    0x08001fa6   0x08001fa6   0x0000000a   Code   RO         1409    i.EXTI4_IRQHandler  stm32f4xx_it.o
    0x08001fb0   0x08001fb0   0x0000000a   Code   RO         1410    i.EXTI9_5_IRQHandler  stm32f4xx_it.o
    0x08001fba   0x08001fba   0x00000002   Code   RO           13    i.Error_Handler     main.o
    0x08001fbc   0x08001fbc   0x00000034   Code   RO         1217    i.Get_SerialNum     usbd_desc.o
    0x08001ff0   0x08001ff0   0x00000024   Code   RO         6430    i.HAL_CAN_ActivateNotification  stm32f4xx_hal_can.o
    0x08002014   0x08002014   0x000000f0   Code   RO         6431    i.HAL_CAN_AddTxMessage  stm32f4xx_hal_can.o
    0x08002104   0x08002104   0x00000128   Code   RO         6432    i.HAL_CAN_ConfigFilter  stm32f4xx_hal_can.o
    0x0800222c   0x0800222c   0x00000002   Code   RO         6435    i.HAL_CAN_ErrorCallback  stm32f4xx_hal_can.o
    0x0800222e   0x0800222e   0x00000174   Code   RO         6438    i.HAL_CAN_GetRxMessage  stm32f4xx_hal_can.o
    0x080023a2   0x080023a2   0x00000032   Code   RO         6440    i.HAL_CAN_GetTxMailboxesFreeLevel  stm32f4xx_hal_can.o
    0x080023d4   0x080023d4   0x00000234   Code   RO         6442    i.HAL_CAN_IRQHandler  stm32f4xx_hal_can.o
    0x08002608   0x08002608   0x00000168   Code   RO         6443    i.HAL_CAN_Init      stm32f4xx_hal_can.o
    0x08002770   0x08002770   0x00000160   Code   RO          578    i.HAL_CAN_MspInit   can.o
    0x080028d0   0x080028d0   0x00000002   Code   RO         6450    i.HAL_CAN_RxFifo0FullCallback  stm32f4xx_hal_can.o
    0x080028d2   0x080028d2   0x00000002   PAD
    0x080028d4   0x080028d4   0x0000021c   Code   RO         2169    i.HAL_CAN_RxFifo0MsgPendingCallback  can_receive.o
    0x08002af0   0x08002af0   0x00000002   Code   RO         6452    i.HAL_CAN_RxFifo1FullCallback  stm32f4xx_hal_can.o
    0x08002af2   0x08002af2   0x00000002   Code   RO         6453    i.HAL_CAN_RxFifo1MsgPendingCallback  stm32f4xx_hal_can.o
    0x08002af4   0x08002af4   0x00000002   Code   RO         6454    i.HAL_CAN_SleepCallback  stm32f4xx_hal_can.o
    0x08002af6   0x08002af6   0x00000064   Code   RO         6455    i.HAL_CAN_Start     stm32f4xx_hal_can.o
    0x08002b5a   0x08002b5a   0x00000002   Code   RO         6457    i.HAL_CAN_TxMailbox0AbortCallback  stm32f4xx_hal_can.o
    0x08002b5c   0x08002b5c   0x00000002   Code   RO         6458    i.HAL_CAN_TxMailbox0CompleteCallback  stm32f4xx_hal_can.o
    0x08002b5e   0x08002b5e   0x00000002   Code   RO         6459    i.HAL_CAN_TxMailbox1AbortCallback  stm32f4xx_hal_can.o
    0x08002b60   0x08002b60   0x00000002   Code   RO         6460    i.HAL_CAN_TxMailbox1CompleteCallback  stm32f4xx_hal_can.o
    0x08002b62   0x08002b62   0x00000002   Code   RO         6461    i.HAL_CAN_TxMailbox2AbortCallback  stm32f4xx_hal_can.o
    0x08002b64   0x08002b64   0x00000002   Code   RO         6462    i.HAL_CAN_TxMailbox2CompleteCallback  stm32f4xx_hal_can.o
    0x08002b66   0x08002b66   0x00000002   Code   RO         6464    i.HAL_CAN_WakeUpFromRxMsgCallback  stm32f4xx_hal_can.o
    0x08002b68   0x08002b68   0x00000024   Code   RO         6667    i.HAL_CRC_Init      stm32f4xx_hal_crc.o
    0x08002b8c   0x08002b8c   0x00000034   Code   RO          627    i.HAL_CRC_MspInit   crc.o
    0x08002bc0   0x08002bc0   0x000000a2   Code   RO         5746    i.HAL_DMA_Abort     stm32f4xx_hal_dma.o
    0x08002c62   0x08002c62   0x00000024   Code   RO         5747    i.HAL_DMA_Abort_IT  stm32f4xx_hal_dma.o
    0x08002c86   0x08002c86   0x00000002   PAD
    0x08002c88   0x08002c88   0x000001ec   Code   RO         5751    i.HAL_DMA_IRQHandler  stm32f4xx_hal_dma.o
    0x08002e74   0x08002e74   0x000000ec   Code   RO         5752    i.HAL_DMA_Init      stm32f4xx_hal_dma.o
    0x08002f60   0x08002f60   0x00000028   Code   RO         6178    i.HAL_Delay         stm32f4xx_hal.o
    0x08002f88   0x08002f88   0x00000002   Code   RO         5637    i.HAL_GPIO_EXTI_Callback  stm32f4xx_hal_gpio.o
    0x08002f8a   0x08002f8a   0x00000002   PAD
    0x08002f8c   0x08002f8c   0x00000018   Code   RO         5638    i.HAL_GPIO_EXTI_IRQHandler  stm32f4xx_hal_gpio.o
    0x08002fa4   0x08002fa4   0x0000022c   Code   RO         5639    i.HAL_GPIO_Init     stm32f4xx_hal_gpio.o
    0x080031d0   0x080031d0   0x0000000e   Code   RO         5643    i.HAL_GPIO_WritePin  stm32f4xx_hal_gpio.o
    0x080031de   0x080031de   0x00000002   PAD
    0x080031e0   0x080031e0   0x0000000c   Code   RO         6184    i.HAL_GetTick       stm32f4xx_hal.o
    0x080031ec   0x080031ec   0x000001ac   Code   RO         6734    i.HAL_I2C_Init      stm32f4xx_hal_i2c.o
    0x08003398   0x08003398   0x000000c8   Code   RO          696    i.HAL_I2C_MspInit   i2c.o
    0x08003460   0x08003460   0x00000010   Code   RO         6190    i.HAL_IncTick       stm32f4xx_hal.o
    0x08003470   0x08003470   0x00000034   Code   RO         6191    i.HAL_Init          stm32f4xx_hal.o
    0x080034a4   0x080034a4   0x00000044   Code   RO         6192    i.HAL_InitTick      stm32f4xx_hal.o
    0x080034e8   0x080034e8   0x00000054   Code   RO         1552    i.HAL_MspInit       stm32f4xx_hal_msp.o
    0x0800353c   0x0800353c   0x0000001c   Code   RO         6031    i.HAL_NVIC_EnableIRQ  stm32f4xx_hal_cortex.o
    0x08003558   0x08003558   0x00000068   Code   RO         6037    i.HAL_NVIC_SetPriority  stm32f4xx_hal_cortex.o
    0x080035c0   0x080035c0   0x00000024   Code   RO         6038    i.HAL_NVIC_SetPriorityGrouping  stm32f4xx_hal_cortex.o
    0x080035e4   0x080035e4   0x00000002   Code   RO         4887    i.HAL_PCDEx_LPM_Callback  stm32f4xx_hal_pcd_ex.o
    0x080035e6   0x080035e6   0x00000008   Code   RO         4888    i.HAL_PCDEx_SetRxFiFo  stm32f4xx_hal_pcd_ex.o
    0x080035ee   0x080035ee   0x0000004a   Code   RO         4889    i.HAL_PCDEx_SetTxFiFo  stm32f4xx_hal_pcd_ex.o
    0x08003638   0x08003638   0x0000000e   Code   RO         1010    i.HAL_PCD_ConnectCallback  usbd_conf.o
    0x08003646   0x08003646   0x00000020   Code   RO         1011    i.HAL_PCD_DataInStageCallback  usbd_conf.o
    0x08003666   0x08003666   0x00000020   Code   RO         1012    i.HAL_PCD_DataOutStageCallback  usbd_conf.o
    0x08003686   0x08003686   0x0000000e   Code   RO         1013    i.HAL_PCD_DisconnectCallback  usbd_conf.o
    0x08003694   0x08003694   0x00000020   Code   RO         4652    i.HAL_PCD_EP_Abort  stm32f4xx_hal_pcd.o
    0x080036b4   0x080036b4   0x0000004a   Code   RO         4653    i.HAL_PCD_EP_Close  stm32f4xx_hal_pcd.o
    0x080036fe   0x080036fe   0x0000005c   Code   RO         4654    i.HAL_PCD_EP_ClrStall  stm32f4xx_hal_pcd.o
    0x0800375a   0x0800375a   0x00000012   Code   RO         4656    i.HAL_PCD_EP_GetRxCount  stm32f4xx_hal_pcd.o
    0x0800376c   0x0800376c   0x00000060   Code   RO         4657    i.HAL_PCD_EP_Open   stm32f4xx_hal_pcd.o
    0x080037cc   0x080037cc   0x00000034   Code   RO         4658    i.HAL_PCD_EP_Receive  stm32f4xx_hal_pcd.o
    0x08003800   0x08003800   0x00000074   Code   RO         4659    i.HAL_PCD_EP_SetStall  stm32f4xx_hal_pcd.o
    0x08003874   0x08003874   0x00000032   Code   RO         4660    i.HAL_PCD_EP_Transmit  stm32f4xx_hal_pcd.o
    0x080038a6   0x080038a6   0x00000562   Code   RO         4662    i.HAL_PCD_IRQHandler  stm32f4xx_hal_pcd.o
    0x08003e08   0x08003e08   0x00000012   Code   RO         1014    i.HAL_PCD_ISOINIncompleteCallback  usbd_conf.o
    0x08003e1a   0x08003e1a   0x00000012   Code   RO         1015    i.HAL_PCD_ISOOUTIncompleteCallback  usbd_conf.o
    0x08003e2c   0x08003e2c   0x000000e6   Code   RO         4665    i.HAL_PCD_Init      stm32f4xx_hal_pcd.o
    0x08003f12   0x08003f12   0x00000002   PAD
    0x08003f14   0x08003f14   0x000000a8   Code   RO         1017    i.HAL_PCD_MspInit   usbd_conf.o
    0x08003fbc   0x08003fbc   0x00000030   Code   RO         1018    i.HAL_PCD_ResetCallback  usbd_conf.o
    0x08003fec   0x08003fec   0x0000000e   Code   RO         1019    i.HAL_PCD_ResumeCallback  usbd_conf.o
    0x08003ffa   0x08003ffa   0x0000000e   Code   RO         1020    i.HAL_PCD_SOFCallback  usbd_conf.o
    0x08004008   0x08004008   0x00000026   Code   RO         4671    i.HAL_PCD_SetAddress  stm32f4xx_hal_pcd.o
    0x0800402e   0x0800402e   0x00000012   Code   RO         1021    i.HAL_PCD_SetupStageCallback  usbd_conf.o
    0x08004040   0x08004040   0x00000044   Code   RO         4674    i.HAL_PCD_Start     stm32f4xx_hal_pcd.o
    0x08004084   0x08004084   0x00000034   Code   RO         1022    i.HAL_PCD_SuspendCallback  usbd_conf.o
    0x080040b8   0x080040b8   0x0000017c   Code   RO         5345    i.HAL_RCCEx_PeriphCLKConfig  stm32f4xx_hal_rcc_ex.o
    0x08004234   0x08004234   0x0000017c   Code   RO         5240    i.HAL_RCC_ClockConfig  stm32f4xx_hal_rcc.o
    0x080043b0   0x080043b0   0x0000000c   Code   RO         5245    i.HAL_RCC_GetHCLKFreq  stm32f4xx_hal_rcc.o
    0x080043bc   0x080043bc   0x00000020   Code   RO         5247    i.HAL_RCC_GetPCLK1Freq  stm32f4xx_hal_rcc.o
    0x080043dc   0x080043dc   0x00000020   Code   RO         5248    i.HAL_RCC_GetPCLK2Freq  stm32f4xx_hal_rcc.o
    0x080043fc   0x080043fc   0x00000070   Code   RO         5249    i.HAL_RCC_GetSysClockFreq  stm32f4xx_hal_rcc.o
    0x0800446c   0x0800446c   0x00000482   Code   RO         5252    i.HAL_RCC_OscConfig  stm32f4xx_hal_rcc.o
    0x080048ee   0x080048ee   0x0000009e   Code   RO         7231    i.HAL_RTC_Init      stm32f4xx_hal_rtc.o
    0x0800498c   0x0800498c   0x00000040   Code   RO          738    i.HAL_RTC_MspInit   rtc.o
    0x080049cc   0x080049cc   0x0000003c   Code   RO         7239    i.HAL_RTC_WaitForSynchro  stm32f4xx_hal_rtc.o
    0x08004a08   0x08004a08   0x000000be   Code   RO         7631    i.HAL_SPI_Init      stm32f4xx_hal_spi.o
    0x08004ac6   0x08004ac6   0x00000002   PAD
    0x08004ac8   0x08004ac8   0x00000158   Code   RO          780    i.HAL_SPI_MspInit   spi.o
    0x08004c20   0x08004c20   0x00000218   Code   RO         7640    i.HAL_SPI_TransmitReceive  stm32f4xx_hal_spi.o
    0x08004e38   0x08004e38   0x00000028   Code   RO         6042    i.HAL_SYSTICK_Config  stm32f4xx_hal_cortex.o
    0x08004e60   0x08004e60   0x00000030   Code   RO         2457    i.HAL_Software_Reset  gimbal_task.o
    0x08004e90   0x08004e90   0x00000066   Code   RO         8662    i.HAL_TIMEx_ConfigBreakDeadTime  stm32f4xx_hal_tim_ex.o
    0x08004ef6   0x08004ef6   0x0000009a   Code   RO         8678    i.HAL_TIMEx_MasterConfigSynchronization  stm32f4xx_hal_tim_ex.o
    0x08004f90   0x08004f90   0x0000005c   Code   RO         7944    i.HAL_TIM_Base_Init  stm32f4xx_hal_tim.o
    0x08004fec   0x08004fec   0x0000011c   Code   RO          822    i.HAL_TIM_Base_MspInit  tim.o
    0x08005108   0x08005108   0x00000080   Code   RO         7947    i.HAL_TIM_Base_Start  stm32f4xx_hal_tim.o
    0x08005188   0x08005188   0x000000ea   Code   RO         7953    i.HAL_TIM_ConfigClockSource  stm32f4xx_hal_tim.o
    0x08005272   0x08005272   0x00000002   PAD
    0x08005274   0x08005274   0x00000270   Code   RO          823    i.HAL_TIM_MspPostInit  tim.o
    0x080054e4   0x080054e4   0x000000d8   Code   RO         8016    i.HAL_TIM_PWM_ConfigChannel  stm32f4xx_hal_tim.o
    0x080055bc   0x080055bc   0x0000005c   Code   RO         8019    i.HAL_TIM_PWM_Init  stm32f4xx_hal_tim.o
    0x08005618   0x08005618   0x00000002   Code   RO         8021    i.HAL_TIM_PWM_MspInit  stm32f4xx_hal_tim.o
    0x0800561a   0x0800561a   0x00000002   PAD
    0x0800561c   0x0800561c   0x000000dc   Code   RO         8024    i.HAL_TIM_PWM_Start  stm32f4xx_hal_tim.o
    0x080056f8   0x080056f8   0x00000002   Code   RO         8938    i.HAL_UARTEx_RxEventCallback  stm32f4xx_hal_uart.o
    0x080056fa   0x080056fa   0x00000002   Code   RO         8952    i.HAL_UART_ErrorCallback  stm32f4xx_hal_uart.o
    0x080056fc   0x080056fc   0x00000280   Code   RO         8955    i.HAL_UART_IRQHandler  stm32f4xx_hal_uart.o
    0x0800597c   0x0800597c   0x00000066   Code   RO         8956    i.HAL_UART_Init     stm32f4xx_hal_uart.o
    0x080059e2   0x080059e2   0x00000002   PAD
    0x080059e4   0x080059e4   0x000002b8   Code   RO          900    i.HAL_UART_MspInit  usart.o
    0x08005c9c   0x08005c9c   0x00000002   Code   RO         8962    i.HAL_UART_RxCpltCallback  stm32f4xx_hal_uart.o
    0x08005c9e   0x08005c9e   0x000000b8   Code   RO         8964    i.HAL_UART_Transmit  stm32f4xx_hal_uart.o
    0x08005d56   0x08005d56   0x00000002   Code   RO         8967    i.HAL_UART_TxCpltCallback  stm32f4xx_hal_uart.o
    0x08005d58   0x08005d58   0x00000004   Code   RO         1411    i.HardFault_Handler  stm32f4xx_it.o
    0x08005d5c   0x08005d5c   0x00000238   Code   RO         4006    i.IMU_QuaternionEKF_F_Linearization_P_Fading  quaternionekf.o
    0x08005f94   0x08005f94   0x00000120   Code   RO         4007    i.IMU_QuaternionEKF_Init  quaternionekf.o
    0x080060b4   0x080060b4   0x00000034   Code   RO         4008    i.IMU_QuaternionEKF_Observe  quaternionekf.o
    0x080060e8   0x080060e8   0x00000128   Code   RO         4009    i.IMU_QuaternionEKF_SetH  quaternionekf.o
    0x08006210   0x08006210   0x00000520   Code   RO         4011    i.IMU_QuaternionEKF_xhatUpdate  quaternionekf.o
    0x08006730   0x08006730   0x000000c4   Code   RO         2700    i.INS_Init          ins_task.o
    0x080067f4   0x080067f4   0x0000003e   Code   RO         1218    i.IntToUnicode      usbd_desc.o
    0x08006832   0x08006832   0x00000002   PAD
    0x08006834   0x08006834   0x0000070c   Code   RO         3921    i.Kalman_Filter_Init  kalman_filter.o
    0x08006f40   0x08006f40   0x00000084   Code   RO         3253    i.MXY_TIM4_Init     buzzer_tim_init.o
    0x08006fc4   0x08006fc4   0x00000044   Code   RO          579    i.MX_CAN1_Init      can.o
    0x08007008   0x08007008   0x00000044   Code   RO          580    i.MX_CAN2_Init      can.o
    0x0800704c   0x0800704c   0x00000020   Code   RO          628    i.MX_CRC_Init       crc.o
    0x0800706c   0x0800706c   0x00000098   Code   RO          668    i.MX_DMA_Init       dma.o
    0x08007104   0x08007104   0x00000108   Code   RO          492    i.MX_FREERTOS_Init  freertos.o
    0x0800720c   0x0800720c   0x00000214   Code   RO          345    i.MX_GPIO_Init      gpio.o
    0x08007420   0x08007420   0x0000003c   Code   RO          697    i.MX_I2C3_Init      i2c.o
    0x0800745c   0x0800745c   0x00000034   Code   RO          739    i.MX_RTC_Init       rtc.o
    0x08007490   0x08007490   0x00000048   Code   RO          781    i.MX_SPI1_Init      spi.o
    0x080074d8   0x080074d8   0x0000006c   Code   RO          824    i.MX_TIM10_Init     tim.o
    0x08007544   0x08007544   0x0000010c   Code   RO          825    i.MX_TIM1_Init      tim.o
    0x08007650   0x08007650   0x000000a4   Code   RO          826    i.MX_TIM3_Init      tim.o
    0x080076f4   0x080076f4   0x0000006c   Code   RO          827    i.MX_TIM4_Init      tim.o
    0x08007760   0x08007760   0x000000c4   Code   RO          828    i.MX_TIM5_Init      tim.o
    0x08007824   0x08007824   0x000000ec   Code   RO          829    i.MX_TIM8_Init      tim.o
    0x08007910   0x08007910   0x00000038   Code   RO          901    i.MX_USART1_UART_Init  usart.o
    0x08007948   0x08007948   0x0000003c   Code   RO          902    i.MX_USART3_UART_Init  usart.o
    0x08007984   0x08007984   0x00000038   Code   RO          903    i.MX_USART6_UART_Init  usart.o
    0x080079bc   0x080079bc   0x0000004c   Code   RO          953    i.MX_USB_DEVICE_Init  usb_device.o
    0x08007a08   0x08007a08   0x00000004   Code   RO         1412    i.MemManage_Handler  stm32f4xx_it.o
    0x08007a0c   0x08007a0c   0x00000002   Code   RO         1413    i.NMI_Handler       stm32f4xx_it.o
    0x08007a0e   0x08007a0e   0x00000002   PAD
    0x08007a10   0x08007a10   0x00000058   Code   RO         4380    i.OLS_Init          user_lib.o
    0x08007a68   0x08007a68   0x00000010   Code   RO         1414    i.OTG_FS_IRQHandler  stm32f4xx_it.o
    0x08007a78   0x08007a78   0x00000048   Code   RO         4678    i.PCD_EP_OutSetupPacket_int  stm32f4xx_hal_pcd.o
    0x08007ac0   0x08007ac0   0x000000e8   Code   RO         4679    i.PCD_EP_OutXfrComplete_int  stm32f4xx_hal_pcd.o
    0x08007ba8   0x08007ba8   0x000000a2   Code   RO         4680    i.PCD_WriteEmptyTxFifo  stm32f4xx_hal_pcd.o
    0x08007c4a   0x08007c4a   0x00000002   PAD
    0x08007c4c   0x08007c4c   0x000000bc   Code   RO         4081    i.PID_Init          controller.o
    0x08007d08   0x08007d08   0x000001f0   Code   RO         4597    i.PID_calc          pid.o
    0x08007ef8   0x08007ef8   0x00000060   Code   RO         4599    i.PID_init          pid.o
    0x08007f58   0x08007f58   0x0000009c   Code   RO         1917    i.RC_Init           bsp_rc.o
    0x08007ff4   0x08007ff4   0x00000048   Code   RO         7242    i.RTC_EnterInitMode  stm32f4xx_hal_rtc.o
    0x0800803c   0x0800803c   0x0000002c   Code   RO         7243    i.RTC_ExitInitMode  stm32f4xx_hal_rtc.o
    0x08008068   0x08008068   0x00000084   Code   RO         7669    i.SPI_EndRxTxTransaction  stm32f4xx_hal_spi.o
    0x080080ec   0x080080ec   0x000000d8   Code   RO         7674    i.SPI_WaitFlagStateUntilTimeout  stm32f4xx_hal_spi.o
    0x080081c4   0x080081c4   0x0000001c   Code   RO         3174    i.Self_aim_task     self_aim.o
    0x080081e0   0x080081e0   0x00000014   Code   RO         1415    i.SysTick_Handler   stm32f4xx_it.o
    0x080081f4   0x080081f4   0x000000b4   Code   RO           14    i.SystemClock_Config  main.o
    0x080082a8   0x080082a8   0x00000064   Code   RO         1577    i.SystemInit        system_stm32f4xx.o
    0x0800830c   0x0800830c   0x00000034   Code   RO         3254    i.TIM_Base_Init_buzzer  buzzer_tim_init.o
    0x08008340   0x08008340   0x00000034   Code   RO         3256    i.TIM_Base_MspInit_buzzer  buzzer_tim_init.o
    0x08008374   0x08008374   0x000000d4   Code   RO         8037    i.TIM_Base_SetConfig  stm32f4xx_hal_tim.o
    0x08008448   0x08008448   0x0000001e   Code   RO         8038    i.TIM_CCxChannelCmd  stm32f4xx_hal_tim.o
    0x08008466   0x08008466   0x00000016   Code   RO         8048    i.TIM_ETR_SetConfig  stm32f4xx_hal_tim.o
    0x0800847c   0x0800847c   0x00000010   Code   RO         8049    i.TIM_ITRx_SetConfig  stm32f4xx_hal_tim.o
    0x0800848c   0x0800848c   0x00000078   Code   RO         3257    i.TIM_MspPostInit_buzzer  buzzer_tim_init.o
    0x08008504   0x08008504   0x00000070   Code   RO         8050    i.TIM_OC1_SetConfig  stm32f4xx_hal_tim.o
    0x08008574   0x08008574   0x00000078   Code   RO         8051    i.TIM_OC2_SetConfig  stm32f4xx_hal_tim.o
    0x080085ec   0x080085ec   0x00000078   Code   RO         8052    i.TIM_OC3_SetConfig  stm32f4xx_hal_tim.o
    0x08008664   0x08008664   0x00000058   Code   RO         8053    i.TIM_OC4_SetConfig  stm32f4xx_hal_tim.o
    0x080086bc   0x080086bc   0x00000026   Code   RO         8055    i.TIM_TI1_ConfigInputStage  stm32f4xx_hal_tim.o
    0x080086e2   0x080086e2   0x00000028   Code   RO         8057    i.TIM_TI2_ConfigInputStage  stm32f4xx_hal_tim.o
    0x0800870a   0x0800870a   0x00000002   PAD
    0x0800870c   0x0800870c   0x00000320   Code   RO         3580    i.ToQuaternion      gryo.o
    0x08008a2c   0x08008a2c   0x0000000e   Code   RO         8969    i.UART_DMAAbortOnError  stm32f4xx_hal_uart.o
    0x08008a3a   0x08008a3a   0x0000004e   Code   RO         8979    i.UART_EndRxTransfer  stm32f4xx_hal_uart.o
    0x08008a88   0x08008a88   0x0000001a   Code   RO         8980    i.UART_EndTransmit_IT  stm32f4xx_hal_uart.o
    0x08008aa2   0x08008aa2   0x000000ca   Code   RO         8982    i.UART_Receive_IT   stm32f4xx_hal_uart.o
    0x08008b6c   0x08008b6c   0x000000fc   Code   RO         8983    i.UART_SetConfig    stm32f4xx_hal_uart.o
    0x08008c68   0x08008c68   0x0000005e   Code   RO         8986    i.UART_Transmit_IT  stm32f4xx_hal_uart.o
    0x08008cc6   0x08008cc6   0x0000008e   Code   RO         8987    i.UART_WaitOnFlagUntilTimeout  stm32f4xx_hal_uart.o
    0x08008d54   0x08008d54   0x00000010   Code   RO         1416    i.USART1_IRQHandler  stm32f4xx_it.o
    0x08008d64   0x08008d64   0x0000003c   Code   RO         3175    i.USART1_SEND       self_aim.o
    0x08008da0   0x08008da0   0x0000014c   Code   RO         3378    i.USART6_IRQHandler  vt13_control.o
    0x08008eec   0x08008eec   0x00000078   Code   RO        11144    i.USBD_CDC_DataIn   usbd_cdc.o
    0x08008f64   0x08008f64   0x0000003e   Code   RO        11145    i.USBD_CDC_DataOut  usbd_cdc.o
    0x08008fa2   0x08008fa2   0x00000002   PAD
    0x08008fa4   0x08008fa4   0x00000098   Code   RO        11146    i.USBD_CDC_DeInit   usbd_cdc.o
    0x0800903c   0x0800903c   0x00000038   Code   RO        11147    i.USBD_CDC_EP0_RxReady  usbd_cdc.o
    0x08009074   0x08009074   0x0000000c   Code   RO        11148    i.USBD_CDC_GetDeviceQualifierDescriptor  usbd_cdc.o
    0x08009080   0x08009080   0x0000003c   Code   RO        11149    i.USBD_CDC_GetFSCfgDesc  usbd_cdc.o
    0x080090bc   0x080090bc   0x00000040   Code   RO        11150    i.USBD_CDC_GetHSCfgDesc  usbd_cdc.o
    0x080090fc   0x080090fc   0x0000003c   Code   RO        11151    i.USBD_CDC_GetOtherSpeedCfgDesc  usbd_cdc.o
    0x08009138   0x08009138   0x00000164   Code   RO        11152    i.USBD_CDC_Init     usbd_cdc.o
    0x0800929c   0x0800929c   0x00000048   Code   RO        11153    i.USBD_CDC_ReceivePacket  usbd_cdc.o
    0x080092e4   0x080092e4   0x00000018   Code   RO        11154    i.USBD_CDC_RegisterInterface  usbd_cdc.o
    0x080092fc   0x080092fc   0x0000001c   Code   RO        11155    i.USBD_CDC_SetRxBuffer  usbd_cdc.o
    0x08009318   0x08009318   0x00000020   Code   RO        11156    i.USBD_CDC_SetTxBuffer  usbd_cdc.o
    0x08009338   0x08009338   0x00000110   Code   RO        11157    i.USBD_CDC_Setup    usbd_cdc.o
    0x08009448   0x08009448   0x00000054   Code   RO        11158    i.USBD_CDC_TransmitPacket  usbd_cdc.o
    0x0800949c   0x0800949c   0x00000014   Code   RO        10824    i.USBD_ClrClassConfig  usbd_core.o
    0x080094b0   0x080094b0   0x00000026   Code   RO        10986    i.USBD_ClrFeature   usbd_ctlreq.o
    0x080094d6   0x080094d6   0x00000004   Code   RO        10825    i.USBD_CoreFindEP   usbd_core.o
    0x080094da   0x080094da   0x00000004   Code   RO        10826    i.USBD_CoreFindIF   usbd_core.o
    0x080094de   0x080094de   0x00000010   Code   RO        11084    i.USBD_CtlContinueRx  usbd_ioreq.o
    0x080094ee   0x080094ee   0x00000010   Code   RO        11085    i.USBD_CtlContinueSendData  usbd_ioreq.o
    0x080094fe   0x080094fe   0x00000018   Code   RO        10987    i.USBD_CtlError     usbd_ctlreq.o
    0x08009516   0x08009516   0x00000022   Code   RO        11086    i.USBD_CtlPrepareRx  usbd_ioreq.o
    0x08009538   0x08009538   0x00000016   Code   RO        11087    i.USBD_CtlReceiveStatus  usbd_ioreq.o
    0x0800954e   0x0800954e   0x0000001c   Code   RO        11088    i.USBD_CtlSendData  usbd_ioreq.o
    0x0800956a   0x0800956a   0x00000016   Code   RO        11089    i.USBD_CtlSendStatus  usbd_ioreq.o
    0x08009580   0x08009580   0x00000034   Code   RO         1219    i.USBD_FS_ConfigStrDescriptor  usbd_desc.o
    0x080095b4   0x080095b4   0x00000010   Code   RO         1220    i.USBD_FS_DeviceDescriptor  usbd_desc.o
    0x080095c4   0x080095c4   0x00000038   Code   RO         1221    i.USBD_FS_InterfaceStrDescriptor  usbd_desc.o
    0x080095fc   0x080095fc   0x00000010   Code   RO         1222    i.USBD_FS_LangIDStrDescriptor  usbd_desc.o
    0x0800960c   0x0800960c   0x0000002c   Code   RO         1223    i.USBD_FS_ManufacturerStrDescriptor  usbd_desc.o
    0x08009638   0x08009638   0x00000040   Code   RO         1224    i.USBD_FS_ProductStrDescriptor  usbd_desc.o
    0x08009678   0x08009678   0x00000018   Code   RO         1225    i.USBD_FS_SerialStrDescriptor  usbd_desc.o
    0x08009690   0x08009690   0x00000034   Code   RO        10988    i.USBD_GetConfig    usbd_ctlreq.o
    0x080096c4   0x080096c4   0x000001b4   Code   RO        10989    i.USBD_GetDescriptor  usbd_ctlreq.o
    0x08009878   0x08009878   0x0000003c   Code   RO        10828    i.USBD_GetEpDesc    usbd_core.o
    0x080098b4   0x080098b4   0x00000018   Code   RO        10990    i.USBD_GetLen       usbd_ctlreq.o
    0x080098cc   0x080098cc   0x0000000e   Code   RO        10829    i.USBD_GetNextDesc  usbd_core.o
    0x080098da   0x080098da   0x00000036   Code   RO        10991    i.USBD_GetStatus    usbd_ctlreq.o
    0x08009910   0x08009910   0x00000058   Code   RO        10992    i.USBD_GetString    usbd_ctlreq.o
    0x08009968   0x08009968   0x0000002c   Code   RO         1023    i.USBD_Get_USB_Status  usbd_conf.o
    0x08009994   0x08009994   0x00000028   Code   RO        10830    i.USBD_Init         usbd_core.o
    0x080099bc   0x080099bc   0x00000026   Code   RO         1024    i.USBD_LL_ClearStallEP  usbd_conf.o
    0x080099e2   0x080099e2   0x00000026   Code   RO         1025    i.USBD_LL_CloseEP   usbd_conf.o
    0x08009a08   0x08009a08   0x000000e2   Code   RO        10831    i.USBD_LL_DataInStage  usbd_core.o
    0x08009aea   0x08009aea   0x000000d0   Code   RO        10832    i.USBD_LL_DataOutStage  usbd_core.o
    0x08009bba   0x08009bba   0x00000004   Code   RO        10833    i.USBD_LL_DevConnected  usbd_core.o
    0x08009bbe   0x08009bbe   0x00000020   Code   RO        10834    i.USBD_LL_DevDisconnected  usbd_core.o
    0x08009bde   0x08009bde   0x00000012   Code   RO         1029    i.USBD_LL_GetRxDataSize  usbd_conf.o
    0x08009bf0   0x08009bf0   0x00000068   Code   RO         1030    i.USBD_LL_Init      usbd_conf.o
    0x08009c58   0x08009c58   0x00000038   Code   RO         1031    i.USBD_LL_IsStallEP  usbd_conf.o
    0x08009c90   0x08009c90   0x0000002a   Code   RO        10835    i.USBD_LL_IsoINIncomplete  usbd_core.o
    0x08009cba   0x08009cba   0x0000002a   Code   RO        10836    i.USBD_LL_IsoOUTIncomplete  usbd_core.o
    0x08009ce4   0x08009ce4   0x00000030   Code   RO         1032    i.USBD_LL_OpenEP    usbd_conf.o
    0x08009d14   0x08009d14   0x00000030   Code   RO         1033    i.USBD_LL_PrepareReceive  usbd_conf.o
    0x08009d44   0x08009d44   0x00000062   Code   RO        10837    i.USBD_LL_Reset     usbd_core.o
    0x08009da6   0x08009da6   0x00000014   Code   RO        10838    i.USBD_LL_Resume    usbd_core.o
    0x08009dba   0x08009dba   0x0000001a   Code   RO        10839    i.USBD_LL_SOF       usbd_core.o
    0x08009dd4   0x08009dd4   0x00000006   Code   RO        10840    i.USBD_LL_SetSpeed  usbd_core.o
    0x08009dda   0x08009dda   0x00000026   Code   RO         1034    i.USBD_LL_SetUSBAddress  usbd_conf.o
    0x08009e00   0x08009e00   0x00000064   Code   RO        10841    i.USBD_LL_SetupStage  usbd_core.o
    0x08009e64   0x08009e64   0x00000026   Code   RO         1035    i.USBD_LL_StallEP   usbd_conf.o
    0x08009e8a   0x08009e8a   0x0000001e   Code   RO         1036    i.USBD_LL_Start     usbd_conf.o
    0x08009ea8   0x08009ea8   0x0000001a   Code   RO        10842    i.USBD_LL_Suspend   usbd_core.o
    0x08009ec2   0x08009ec2   0x00000030   Code   RO         1038    i.USBD_LL_Transmit  usbd_conf.o
    0x08009ef2   0x08009ef2   0x00000032   Code   RO        10993    i.USBD_ParseSetupRequest  usbd_ctlreq.o
    0x08009f24   0x08009f24   0x0000003a   Code   RO        10843    i.USBD_RegisterClass  usbd_core.o
    0x08009f5e   0x08009f5e   0x00000004   Code   RO        10844    i.USBD_RunTestMode  usbd_core.o
    0x08009f62   0x08009f62   0x00000058   Code   RO        10994    i.USBD_SetAddress   usbd_ctlreq.o
    0x08009fba   0x08009fba   0x00000014   Code   RO        10845    i.USBD_SetClassConfig  usbd_core.o
    0x08009fce   0x08009fce   0x00000002   PAD
    0x08009fd0   0x08009fd0   0x000000dc   Code   RO        10995    i.USBD_SetConfig    usbd_ctlreq.o
    0x0800a0ac   0x0800a0ac   0x00000024   Code   RO        10996    i.USBD_SetFeature   usbd_ctlreq.o
    0x0800a0d0   0x0800a0d0   0x00000004   Code   RO        10846    i.USBD_Start        usbd_core.o
    0x0800a0d4   0x0800a0d4   0x00000076   Code   RO        10997    i.USBD_StdDevReq    usbd_ctlreq.o
    0x0800a14a   0x0800a14a   0x00000234   Code   RO        10998    i.USBD_StdEPReq     usbd_ctlreq.o
    0x0800a37e   0x0800a37e   0x0000008e   Code   RO        10999    i.USBD_StdItfReq    usbd_ctlreq.o
    0x0800a40c   0x0800a40c   0x00000002   Code   RO         1039    i.USBD_static_free  usbd_conf.o
    0x0800a40e   0x0800a40e   0x00000002   PAD
    0x0800a410   0x0800a410   0x0000000c   Code   RO         1040    i.USBD_static_malloc  usbd_conf.o
    0x0800a41c   0x0800a41c   0x0000009c   Code   RO         4929    i.USB_ActivateEndpoint  stm32f4xx_ll_usb.o
    0x0800a4b8   0x0800a4b8   0x0000001c   Code   RO         4931    i.USB_ActivateSetup  stm32f4xx_ll_usb.o
    0x0800a4d4   0x0800a4d4   0x00000086   Code   RO         4933    i.USB_CoreInit      stm32f4xx_ll_usb.o
    0x0800a55a   0x0800a55a   0x0000005c   Code   RO         4934    i.USB_CoreReset     stm32f4xx_ll_usb.o
    0x0800a5b6   0x0800a5b6   0x00000002   PAD
    0x0800a5b8   0x0800a5b8   0x000000dc   Code   RO         4937    i.USB_DeactivateEndpoint  stm32f4xx_ll_usb.o
    0x0800a694   0x0800a694   0x0000001c   Code   RO         4938    i.USB_DevConnect    stm32f4xx_ll_usb.o
    0x0800a6b0   0x0800a6b0   0x0000001c   Code   RO         4939    i.USB_DevDisconnect  stm32f4xx_ll_usb.o
    0x0800a6cc   0x0800a6cc   0x00000178   Code   RO         4940    i.USB_DevInit       stm32f4xx_ll_usb.o
    0x0800a844   0x0800a844   0x0000000c   Code   RO         4941    i.USB_DisableGlobalInt  stm32f4xx_ll_usb.o
    0x0800a850   0x0800a850   0x00000060   Code   RO         4944    i.USB_EP0_OutStart  stm32f4xx_ll_usb.o
    0x0800a8b0   0x0800a8b0   0x00000058   Code   RO         4945    i.USB_EPClearStall  stm32f4xx_ll_usb.o
    0x0800a908   0x0800a908   0x0000005e   Code   RO         4946    i.USB_EPSetStall    stm32f4xx_ll_usb.o
    0x0800a966   0x0800a966   0x0000028c   Code   RO         4947    i.USB_EPStartXfer   stm32f4xx_ll_usb.o
    0x0800abf2   0x0800abf2   0x000000b4   Code   RO         4948    i.USB_EPStopXfer    stm32f4xx_ll_usb.o
    0x0800aca6   0x0800aca6   0x0000000c   Code   RO         4949    i.USB_EnableGlobalInt  stm32f4xx_ll_usb.o
    0x0800acb2   0x0800acb2   0x0000004a   Code   RO         4950    i.USB_FlushRxFifo   stm32f4xx_ll_usb.o
    0x0800acfc   0x0800acfc   0x0000004e   Code   RO         4951    i.USB_FlushTxFifo   stm32f4xx_ll_usb.o
    0x0800ad4a   0x0800ad4a   0x00000020   Code   RO         4953    i.USB_GetDevSpeed   stm32f4xx_ll_usb.o
    0x0800ad6a   0x0800ad6a   0x00000008   Code   RO         4955    i.USB_GetMode       stm32f4xx_ll_usb.o
    0x0800ad72   0x0800ad72   0x0000000e   Code   RO         4963    i.USB_ReadDevAllInEpInterrupt  stm32f4xx_ll_usb.o
    0x0800ad80   0x0800ad80   0x0000000e   Code   RO         4964    i.USB_ReadDevAllOutEpInterrupt  stm32f4xx_ll_usb.o
    0x0800ad8e   0x0800ad8e   0x00000024   Code   RO         4965    i.USB_ReadDevInEPInterrupt  stm32f4xx_ll_usb.o
    0x0800adb2   0x0800adb2   0x00000010   Code   RO         4966    i.USB_ReadDevOutEPInterrupt  stm32f4xx_ll_usb.o
    0x0800adc2   0x0800adc2   0x00000008   Code   RO         4967    i.USB_ReadInterrupts  stm32f4xx_ll_usb.o
    0x0800adca   0x0800adca   0x00000048   Code   RO         4968    i.USB_ReadPacket    stm32f4xx_ll_usb.o
    0x0800ae12   0x0800ae12   0x00000060   Code   RO         4970    i.USB_SetCurrentMode  stm32f4xx_ll_usb.o
    0x0800ae72   0x0800ae72   0x00000022   Code   RO         4971    i.USB_SetDevAddress  stm32f4xx_ll_usb.o
    0x0800ae94   0x0800ae94   0x0000000e   Code   RO         4972    i.USB_SetDevSpeed   stm32f4xx_ll_usb.o
    0x0800aea2   0x0800aea2   0x00000002   PAD
    0x0800aea4   0x0800aea4   0x000000f4   Code   RO         4973    i.USB_SetTurnaroundTime  stm32f4xx_ll_usb.o
    0x0800af98   0x0800af98   0x00000034   Code   RO         4976    i.USB_WritePacket   stm32f4xx_ll_usb.o
    0x0800afcc   0x0800afcc   0x00000004   Code   RO         1417    i.UsageFault_Handler  stm32f4xx_it.o
    0x0800afd0   0x0800afd0   0x00000030   Code   RO        11969    i.__ARM_fpclassify  m_wm.l(fpclassify.o)
    0x0800b000   0x0800b000   0x00000118   Code   RO        11652    i.__hardfp_acosf    m_wm.l(acosf.o)
    0x0800b118   0x0800b118   0x000000c8   Code   RO        11688    i.__hardfp_cos      m_wm.l(cos.o)
    0x0800b1e0   0x0800b1e0   0x000000c8   Code   RO        11700    i.__hardfp_sin      m_wm.l(sin.o)
    0x0800b2a8   0x0800b2a8   0x0000003a   Code   RO        11730    i.__hardfp_sqrtf    m_wm.l(sqrtf_full.o)
    0x0800b2e2   0x0800b2e2   0x00000006   PAD
    0x0800b2e8   0x0800b2e8   0x00000438   Code   RO        11893    i.__ieee754_rem_pio2  m_wm.l(rred.o)
    0x0800b720   0x0800b720   0x00000170   Code   RO        11860    i.__kernel_cos      m_wm.l(cos_i.o)
    0x0800b890   0x0800b890   0x000000f8   Code   RO        11971    i.__kernel_poly     m_wm.l(poly.o)
    0x0800b988   0x0800b988   0x00000130   Code   RO        11901    i.__kernel_sin      m_wm.l(sin_i.o)
    0x0800bab8   0x0800bab8   0x00000014   Code   RO        11864    i.__mathlib_dbl_infnan  m_wm.l(dunder.o)
    0x0800bacc   0x0800bacc   0x00000004   PAD
    0x0800bad0   0x0800bad0   0x00000020   Code   RO        11866    i.__mathlib_dbl_invalid  m_wm.l(dunder.o)
    0x0800baf0   0x0800baf0   0x00000020   Code   RO        11869    i.__mathlib_dbl_underflow  m_wm.l(dunder.o)
    0x0800bb10   0x0800bb10   0x00000006   Code   RO        11880    i.__mathlib_flt_infnan  m_wm.l(funder.o)
    0x0800bb16   0x0800bb16   0x00000002   PAD
    0x0800bb18   0x0800bb18   0x00000010   Code   RO        11882    i.__mathlib_flt_invalid  m_wm.l(funder.o)
    0x0800bb28   0x0800bb28   0x00000068   Code   RO         1888    i.aRGB_led_show     bsp_led.o
    0x0800bb90   0x0800bb90   0x00000028   Code   RO         4384    i.abs_limit         user_lib.o
    0x0800bbb8   0x0800bbb8   0x0000016c   Code   RO         3647    i.bmi088_accel_init  bmi088driver.o
    0x0800bd24   0x0800bd24   0x00000130   Code   RO         3648    i.bmi088_gyro_init  bmi088driver.o
    0x0800be54   0x0800be54   0x00000010   Code   RO         2129    i.buzzer_drv_off    bsp_buzzer_driver.o
    0x0800be64   0x0800be64   0x00000014   Code   RO         2130    i.buzzer_drv_on     bsp_buzzer_driver.o
    0x0800be78   0x0800be78   0x00000360   Code   RO         3307    i.buzzer_effects_task  sound_effects_task.o
    0x0800c1d8   0x0800c1d8   0x0000005c   Code   RO         1734    i.can_filter_init   bsp_can.o
    0x0800c234   0x0800c234   0x0000007c   Code   RO         2170    i.can_gimbal_chassis_data1  can_receive.o
    0x0800c2b0   0x0800c2b0   0x0000007c   Code   RO         2171    i.can_gimbal_chassis_data2  can_receive.o
    0x0800c32c   0x0800c32c   0x00000074   Code   RO         2172    i.can_gimbal_chassis_data3  can_receive.o
    0x0800c3a0   0x0800c3a0   0x00000074   Code   RO         2173    i.can_gimbal_chassis_data4  can_receive.o
    0x0800c414   0x0800c414   0x00000060   Code   RO         2174    i.can_gimbal_chassis_data5  can_receive.o
    0x0800c474   0x0800c474   0x0000002e   Code   RO         3003    i.can_task          can_task.o
    0x0800c4a2   0x0800c4a2   0x00000002   PAD
    0x0800c4a4   0x0800c4a4   0x000007e0   Code   RO         2458    i.chassis_rc_to_control_vector  gimbal_task.o
    0x0800cc84   0x0800cc84   0x000000fc   Code   RO         3176    i.data_transition   self_aim.o
    0x0800cd80   0x0800cd80   0x00000030   Code   RO         1762    i.delay_init        bsp_delay.o
    0x0800cdb0   0x0800cdb0   0x00000124   Code   RO         2612    i.detect_hook       detect_task.o
    0x0800ced4   0x0800ced4   0x0000016c   Code   RO         2613    i.detect_init       detect_task.o
    0x0800d040   0x0800d040   0x00000288   Code   RO         2614    i.detect_task       detect_task.o
    0x0800d2c8   0x0800d2c8   0x00000018   Code   RO        11965    i.fabs              m_wm.l(fabs.o)
    0x0800d2e0   0x0800d2e0   0x00000054   Code   RO         4385    i.first_order_filter_cali  user_lib.o
    0x0800d334   0x0800d334   0x00000024   Code   RO         4386    i.first_order_filter_init  user_lib.o
    0x0800d358   0x0800d358   0x0000004c   Code   RO         3105    i.friction_control_set  shoot.o
    0x0800d3a4   0x0800d3a4   0x00000034   Code   RO         4538    i.get_CRC16_check_sum  crc8_crc16.o
    0x0800d3d8   0x0800d3d8   0x00000008   Code   RO         2704    i.get_INS           ins_task.o
    0x0800d3e0   0x0800d3e0   0x00000008   Code   RO         2705    i.get_INS_angle_point  ins_task.o
    0x0800d3e8   0x0800d3e8   0x00000008   Code   RO         3309    i.get_buzzer_is_busy_point  sound_effects_task.o
    0x0800d3f0   0x0800d3f0   0x00000008   Code   RO         2459    i.get_chassis_data_point  gimbal_task.o
    0x0800d3f8   0x0800d3f8   0x00000018   Code   RO         2175    i.get_chassis_motor_measure_point  can_receive.o
    0x0800d410   0x0800d410   0x0000000c   Code   RO         2176    i.get_enemy_color   can_receive.o
    0x0800d41c   0x0800d41c   0x00000008   Code   RO         2460    i.get_gimbal_data   gimbal_task.o
    0x0800d424   0x0800d424   0x00000008   Code   RO         3581    i.get_gryo          gryo.o
    0x0800d42c   0x0800d42c   0x00000008   Code   RO         2177    i.get_gryo_point    can_receive.o
    0x0800d434   0x0800d434   0x00000008   Code   RO         2706    i.get_gyro_data_point  ins_task.o
    0x0800d43c   0x0800d43c   0x00000008   Code   RO         2178    i.get_pitch_gimbal_motor_measure_point  can_receive.o
    0x0800d444   0x0800d444   0x00000008   Code   RO         3582    i.get_q             gryo.o
    0x0800d44c   0x0800d44c   0x00000008   Code   RO         3379    i.get_remote_control_point1  vt13_control.o
    0x0800d454   0x0800d454   0x00000008   Code   RO         3177    i.get_selfaim_data  self_aim.o
    0x0800d45c   0x0800d45c   0x00000008   Code   RO         2180    i.get_video_motor_measure_point  can_receive.o
    0x0800d464   0x0800d464   0x000000ac   Code   RO         2463    i.gimbal_PID_calc   gimbal_task.o
    0x0800d510   0x0800d510   0x00000030   Code   RO         2465    i.gimbal_PID_init   gimbal_task.o
    0x0800d540   0x0800d540   0x000000ac   Code   RO         2466    i.gimbal_control_loop  gimbal_task.o
    0x0800d5ec   0x0800d5ec   0x000001a0   Code   RO         2467    i.gimbal_feedback_update  gimbal_task.o
    0x0800d78c   0x0800d78c   0x00000140   Code   RO         2468    i.gimbal_init       gimbal_task.o
    0x0800d8cc   0x0800d8cc   0x00000064   Code   RO         2470    i.gimbal_set_control  gimbal_task.o
    0x0800d930   0x0800d930   0x0000002c   Code   RO         2471    i.gimbal_set_mode   gimbal_task.o
    0x0800d95c   0x0800d95c   0x000000a0   Code   RO         2472    i.gimbal_task       gimbal_task.o
    0x0800d9fc   0x0800d9fc   0x00000084   Code   RO         3583    i.gryo_feedback     gryo.o
    0x0800da80   0x0800da80   0x0000000c   Code   RO         3584    i.gryo_init         gryo.o
    0x0800da8c   0x0800da8c   0x000000a4   Code   RO         3585    i.gryo_task         gryo.o
    0x0800db30   0x0800db30   0x0000003c   Code   RO         4012    i.invSqrt           quaternionekf.o
    0x0800db6c   0x0800db6c   0x00000010   Code   RO         1991    i.laser_off         bsp_laser.o
    0x0800db7c   0x0800db7c   0x00000010   Code   RO         1992    i.laser_on          bsp_laser.o
    0x0800db8c   0x0800db8c   0x000001b0   Code   RO         2828    i.led_RGB_flow_task  led_flow_task.o
    0x0800dd3c   0x0800dd3c   0x00000084   Code   RO           15    i.main              main.o
    0x0800ddc0   0x0800ddc0   0x0000000c   Code   RO        10310    i.makeFreeRtosPriority  cmsis_os.o
    0x0800ddcc   0x0800ddcc   0x00000034   Code   RO         2473    i.motor_ecd_to_angle_change  gimbal_task.o
    0x0800de00   0x0800de00   0x00000010   Code   RO        10312    i.osDelay           cmsis_os.o
    0x0800de10   0x0800de10   0x0000000a   Code   RO        10315    i.osKernelStart     cmsis_os.o
    0x0800de1a   0x0800de1a   0x0000005c   Code   RO        10349    i.osThreadCreate    cmsis_os.o
    0x0800de76   0x0800de76   0x00000002   PAD
    0x0800de78   0x0800de78   0x000000c8   Code   RO         3178    i.process_usb_data_packet  self_aim.o
    0x0800df40   0x0800df40   0x00000080   Code   RO         9778    i.prvAddCurrentTaskToDelayedList  tasks.o
    0x0800dfc0   0x0800dfc0   0x00000088   Code   RO         9779    i.prvAddNewTaskToReadyList  tasks.o
    0x0800e048   0x0800e048   0x0000005c   Code   RO        10142    i.prvCheckForValidListAndQueue  timers.o
    0x0800e0a4   0x0800e0a4   0x00000040   Code   RO         9780    i.prvCheckTasksWaitingTermination  tasks.o
    0x0800e0e4   0x0800e0e4   0x00000024   Code   RO         9434    i.prvCopyDataFromQueue  queue.o
    0x0800e108   0x0800e108   0x0000006e   Code   RO         9435    i.prvCopyDataToQueue  queue.o
    0x0800e176   0x0800e176   0x00000040   Code   RO         9781    i.prvDeleteTCB      tasks.o
    0x0800e1b6   0x0800e1b6   0x00000002   PAD
    0x0800e1b8   0x0800e1b8   0x00000024   Code   RO        10143    i.prvGetNextExpireTime  timers.o
    0x0800e1dc   0x0800e1dc   0x00000050   Code   RO        10689    i.prvHeapInit       heap_4.o
    0x0800e22c   0x0800e22c   0x00000028   Code   RO         9782    i.prvIdleTask       tasks.o
    0x0800e254   0x0800e254   0x00000018   Code   RO         9438    i.prvInitialiseNewQueue  queue.o
    0x0800e26c   0x0800e26c   0x00000098   Code   RO         9783    i.prvInitialiseNewTask  tasks.o
    0x0800e304   0x0800e304   0x00000060   Code   RO         9784    i.prvInitialiseTaskLists  tasks.o
    0x0800e364   0x0800e364   0x0000005c   Code   RO        10690    i.prvInsertBlockIntoFreeList  heap_4.o
    0x0800e3c0   0x0800e3c0   0x00000048   Code   RO        10145    i.prvInsertTimerInActiveList  timers.o
    0x0800e408   0x0800e408   0x0000001a   Code   RO         9439    i.prvIsQueueEmpty   queue.o
    0x0800e422   0x0800e422   0x0000001e   Code   RO         9440    i.prvIsQueueFull    queue.o
    0x0800e440   0x0800e440   0x00000068   Code   RO        10146    i.prvProcessExpiredTimer  timers.o
    0x0800e4a8   0x0800e4a8   0x00000110   Code   RO        10147    i.prvProcessReceivedCommands  timers.o
    0x0800e5b8   0x0800e5b8   0x0000006c   Code   RO        10148    i.prvProcessTimerOrBlockTask  timers.o
    0x0800e624   0x0800e624   0x00000024   Code   RO         9785    i.prvResetNextTaskUnblockTime  tasks.o
    0x0800e648   0x0800e648   0x0000002c   Code   RO        10149    i.prvSampleTimeNow  timers.o
    0x0800e674   0x0800e674   0x00000078   Code   RO        10150    i.prvSwitchTimerLists  timers.o
    0x0800e6ec   0x0800e6ec   0x00000018   Code   RO         9787    i.prvTaskCheckFreeStackSpace  tasks.o
    0x0800e704   0x0800e704   0x00000030   Code   RO        10745    i.prvTaskExitError  port.o
    0x0800e734   0x0800e734   0x00000014   Code   RO        10151    i.prvTimerTask      timers.o
    0x0800e748   0x0800e748   0x00000068   Code   RO         9441    i.prvUnlockQueue    queue.o
    0x0800e7b0   0x0800e7b0   0x000000e8   Code   RO        10691    i.pvPortMalloc      heap_4.o
    0x0800e898   0x0800e898   0x0000002c   Code   RO        10746    i.pxPortInitialiseStack  port.o
    0x0800e8c4   0x0800e8c4   0x000001be   Code   RO         3380    i.rc_remote         vt13_control.o
    0x0800ea82   0x0800ea82   0x00000002   PAD
    0x0800ea84   0x0800ea84   0x00000014   Code   RO         3381    i.remote_control_init  vt13_control.o
    0x0800ea98   0x0800ea98   0x00000034   Code   RO         3059    i.sendfloatdata     vofa.o
    0x0800eacc   0x0800eacc   0x00000114   Code   RO         3106    i.shoot_Init        shoot.o
    0x0800ebe0   0x0800ebe0   0x000001b0   Code   RO         3107    i.shoot_control_loop  shoot.o
    0x0800ed90   0x0800ed90   0x00000030   Code   RO         3108    i.shoot_feedback_update  shoot.o
    0x0800edc0   0x0800edc0   0x00000070   Code   RO         3109    i.shoot_set_mode    shoot.o
    0x0800ee30   0x0800ee30   0x00000058   Code   RO         3110    i.shoot_speed_filter  shoot.o
    0x0800ee88   0x0800ee88   0x0000003e   Code   RO        11732    i.sqrtf             m_wm.l(sqrtf_full.o)
    0x0800eec6   0x0800eec6   0x0000000a   Code   RO         2943    i.test_task         test_task.o
    0x0800eed0   0x0800eed0   0x00000010   Code   RO         3179    i.usbd_cdc_receive_handle  self_aim.o
    0x0800eee0   0x0800eee0   0x00000026   Code   RO         9394    i.uxListRemove      list.o
    0x0800ef06   0x0800ef06   0x00000002   PAD
    0x0800ef08   0x0800ef08   0x00000014   Code   RO         9793    i.uxTaskGetStackHighWaterMark  tasks.o
    0x0800ef1c   0x0800ef1c   0x00000018   Code   RO          495    i.vApplicationGetIdleTaskMemory  freertos.o
    0x0800ef34   0x0800ef34   0x00000018   Code   RO          496    i.vApplicationGetTimerTaskMemory  freertos.o
    0x0800ef4c   0x0800ef4c   0x00000016   Code   RO         9395    i.vListInitialise   list.o
    0x0800ef62   0x0800ef62   0x00000006   Code   RO         9396    i.vListInitialiseItem  list.o
    0x0800ef68   0x0800ef68   0x00000036   Code   RO         9397    i.vListInsert       list.o
    0x0800ef9e   0x0800ef9e   0x00000018   Code   RO         9398    i.vListInsertEnd    list.o
    0x0800efb6   0x0800efb6   0x00000002   PAD
    0x0800efb8   0x0800efb8   0x00000040   Code   RO        10748    i.vPortEnterCritical  port.o
    0x0800eff8   0x0800eff8   0x0000002c   Code   RO        10749    i.vPortExitCritical  port.o
    0x0800f024   0x0800f024   0x00000064   Code   RO        10692    i.vPortFree         heap_4.o
    0x0800f088   0x0800f088   0x00000024   Code   RO        10750    i.vPortSetupTimerInterrupt  port.o
    0x0800f0ac   0x0800f0ac   0x00000054   Code   RO        10751    i.vPortValidateInterruptPriority  port.o
    0x0800f100   0x0800f100   0x00000028   Code   RO         9445    i.vQueueAddToRegistry  queue.o
    0x0800f128   0x0800f128   0x0000004a   Code   RO         9448    i.vQueueWaitForMessageRestricted  queue.o
    0x0800f172   0x0800f172   0x00000002   PAD
    0x0800f174   0x0800f174   0x00000050   Code   RO         9797    i.vTaskDelay        tasks.o
    0x0800f1c4   0x0800f1c4   0x00000010   Code   RO         9801    i.vTaskInternalSetTimeOutState  tasks.o
    0x0800f1d4   0x0800f1d4   0x0000000c   Code   RO         9802    i.vTaskMissedYield  tasks.o
    0x0800f1e0   0x0800f1e0   0x00000034   Code   RO         9804    i.vTaskPlaceOnEventList  tasks.o
    0x0800f214   0x0800f214   0x0000003c   Code   RO         9805    i.vTaskPlaceOnEventListRestricted  tasks.o
    0x0800f250   0x0800f250   0x00000090   Code   RO         9812    i.vTaskStartScheduler  tasks.o
    0x0800f2e0   0x0800f2e0   0x00000010   Code   RO         9814    i.vTaskSuspendAll   tasks.o
    0x0800f2f0   0x0800f2f0   0x00000060   Code   RO         9815    i.vTaskSwitchContext  tasks.o
    0x0800f350   0x0800f350   0x00000040   Code   RO         4540    i.verify_CRC16_check_sum  crc8_crc16.o
    0x0800f390   0x0800f390   0x00000018   Code   RO         3060    i.vofa_task         vofa.o
    0x0800f3a8   0x0800f3a8   0x00000104   Code   RO        10752    i.xPortStartScheduler  port.o
    0x0800f4ac   0x0800f4ac   0x0000002c   Code   RO        10753    i.xPortSysTickHandler  port.o
    0x0800f4d8   0x0800f4d8   0x00000070   Code   RO         9452    i.xQueueGenericCreateStatic  queue.o
    0x0800f548   0x0800f548   0x00000090   Code   RO         9453    i.xQueueGenericReset  queue.o
    0x0800f5d8   0x0800f5d8   0x00000170   Code   RO         9454    i.xQueueGenericSend  queue.o
    0x0800f748   0x0800f748   0x000000be   Code   RO         9455    i.xQueueGenericSendFromISR  queue.o
    0x0800f806   0x0800f806   0x00000002   PAD
    0x0800f808   0x0800f808   0x00000148   Code   RO         9463    i.xQueueReceive     queue.o
    0x0800f950   0x0800f950   0x00000098   Code   RO         9818    i.xTaskCheckForTimeOut  tasks.o
    0x0800f9e8   0x0800f9e8   0x0000006c   Code   RO         9819    i.xTaskCreate       tasks.o
    0x0800fa54   0x0800fa54   0x00000060   Code   RO         9820    i.xTaskCreateStatic  tasks.o
    0x0800fab4   0x0800fab4   0x0000001c   Code   RO         9825    i.xTaskGetSchedulerState  tasks.o
    0x0800fad0   0x0800fad0   0x0000000c   Code   RO         9826    i.xTaskGetTickCount  tasks.o
    0x0800fadc   0x0800fadc   0x000000d4   Code   RO         9828    i.xTaskIncrementTick  tasks.o
    0x0800fbb0   0x0800fbb0   0x0000009c   Code   RO         9831    i.xTaskPriorityDisinherit  tasks.o
    0x0800fc4c   0x0800fc4c   0x00000078   Code   RO         9833    i.xTaskRemoveFromEventList  tasks.o
    0x0800fcc4   0x0800fcc4   0x000000cc   Code   RO         9834    i.xTaskResumeAll    tasks.o
    0x0800fd90   0x0800fd90   0x00000068   Code   RO        10158    i.xTimerCreateTimerTask  timers.o
    0x0800fdf8   0x0800fdf8   0x00000074   Code   RO        10159    i.xTimerGenericCommand  timers.o
    0x0800fe6c   0x0800fe6c   0x00000018   Code   RO        11835    x$fpl$basic         g_wm.l(basic.o)
    0x0800fe84   0x0800fe84   0x000002c4   Code   RO        11628    x$fpl$d2f           g_wm.l(d2f_clz.o)
    0x08010148   0x08010148   0x0000024c   Code   RO        11630    x$fpl$dadd          g_wm.l(daddsub_clz.o)
    0x08010394   0x08010394   0x0000037c   Code   RO        11637    x$fpl$ddiv          g_wm.l(ddiv_clz.o)
    0x08010710   0x08010710   0x000000c8   Code   RO        11955    x$fpl$dfix          g_wm.l(dfix.o)
    0x080107d8   0x080107d8   0x0000002e   Code   RO        11641    x$fpl$dflt          g_wm.l(dflt_clz.o)
    0x08010806   0x08010806   0x0000001a   Code   RO        11642    x$fpl$dfltn         g_wm.l(dflt_clz.o)
    0x08010820   0x08010820   0x00000026   Code   RO        11640    x$fpl$dfltu         g_wm.l(dflt_clz.o)
    0x08010846   0x08010846   0x00000002   PAD
    0x08010848   0x08010848   0x000001c0   Code   RO        11646    x$fpl$dmul          g_wm.l(dmul_clz.o)
    0x08010a08   0x08010a08   0x00000102   Code   RO        11839    x$fpl$dnaninf       g_wm.l(dnaninf.o)
    0x08010b0a   0x08010b0a   0x00000070   Code   RO        11841    x$fpl$drenorm       g_wm.l(drenorm_clz.o)
    0x08010b7a   0x08010b7a   0x0000000c   Code   RO        11843    x$fpl$dretinf       g_wm.l(dretinf.o)
    0x08010b86   0x08010b86   0x00000002   PAD
    0x08010b88   0x08010b88   0x00000050   Code   RO        11631    x$fpl$drsb          g_wm.l(daddsub_clz.o)
    0x08010bd8   0x08010bd8   0x0000029c   Code   RO        11632    x$fpl$dsub          g_wm.l(daddsub_clz.o)
    0x08010e74   0x08010e74   0x0000017a   Code   RO        11847    x$fpl$dunder        g_wm.l(dunder_clz.o)
    0x08010fee   0x08010fee   0x00000002   PAD
    0x08010ff0   0x08010ff0   0x000001ec   Code   RO        11849    x$fpl$exception     g_wm.l(except.o)
    0x080111dc   0x080111dc   0x0000007a   Code   RO        11648    x$fpl$f2d           g_wm.l(f2d.o)
    0x08011256   0x08011256   0x0000009e   Code   RO        11650    x$fpl$ffltll        g_wm.l(ffltll_clz.o)
    0x080112f4   0x080112f4   0x000000f2   Code   RO        11851    x$fpl$fnaninf       g_wm.l(fnaninf.o)
    0x080113e6   0x080113e6   0x0000000a   Code   RO        11959    x$fpl$fpinit        g_wm.l(fpinit.o)
    0x080113f0   0x080113f0   0x0000000a   Code   RO        11853    x$fpl$fretinf       g_wm.l(fretinf.o)
    0x080113fa   0x080113fa   0x0000013c   Code   RO        11855    x$fpl$funder        g_wm.l(funder_clz.o)
    0x08011536   0x08011536   0x000000b2   Code   RO        11961    x$fpl$retnan        g_wm.l(retnan.o)
    0x080115e8   0x080115e8   0x0000007e   Code   RO        11857    x$fpl$trapveneer    g_wm.l(trapv.o)
    0x08011666   0x08011666   0x00000000   Code   RO        11859    x$fpl$usenofp       g_wm.l(usenofp.o)
    0x08011666   0x08011666   0x00000002   PAD
    0x08011668   0x08011668   0x000000fc   Data   RO          498    .constdata          freertos.o
    0x08011764   0x08011764   0x00000018   Data   RO         1578    .constdata          system_stm32f4xx.o
    0x0801177c   0x0801177c   0x0000003c   Data   RO         2477    .constdata          gimbal_task.o
    0x080117b8   0x080117b8   0x00000054   Data   RO         2618    .constdata          detect_task.o
    0x0801180c   0x0801180c   0x00000060   Data   RO         3112    .constdata          shoot.o
    0x0801186c   0x0801186c   0x00000090   Data   RO         4014    .constdata          quaternionekf.o
    0x080118fc   0x080118fc   0x00000502   Data   RO         4542    .constdata          crc8_crc16.o
    0x08011dfe   0x08011dfe   0x00000008   Data   RO         5758    .constdata          stm32f4xx_hal_dma.o
    0x08011e06   0x08011e06   0x00000002   PAD
    0x08011e08   0x08011e08   0x00000804   Data   RO        11527    .constdata          arm_cortexM4lf_math.lib(arm_common_tables.o)
    0x0801260c   0x0801260c   0x00000004   PAD
    0x08012610   0x08012610   0x00000030   Data   RO        11861    .constdata          m_wm.l(cos_i.o)
    0x08012640   0x08012640   0x000000c8   Data   RO        11895    .constdata          m_wm.l(rred.o)
    0x08012708   0x08012708   0x00000028   Data   RO        11902    .constdata          m_wm.l(sin_i.o)
    0x08012730   0x08012730   0x00000051   Data   RO          499    .conststring        freertos.o
    0x08012781   0x08012781   0x00000003   PAD
    0x08012784   0x08012784   0x00000020   Data   RO        12060    Region$$Table       anon$$obj.o


    Execution Region RW_IRAM1 (Exec base: 0x20000000, Load base: 0x080127a4, Size: 0x0000ded0, Max: 0x00020000, ABSOLUTE, COMPRESSED[0x00000120])

    Exec Addr    Load Addr    Size         Type   Attr      Idx    E Section Name        Object

    0x20000000   COMPRESSED   0x00000028   Data   RW          500    .data               freertos.o
    0x20000028   COMPRESSED   0x00000004   Data   RW          582    .data               can.o
    0x2000002c   COMPRESSED   0x00000008   Data   RW          629    .data               crc.o
    0x20000034   COMPRESSED   0x0000004e   Data   RW         1227    .data               usbd_desc.o
    0x20000082   COMPRESSED   0x00000002   PAD
    0x20000084   COMPRESSED   0x00000014   Data   RW         1314    .data               usbd_cdc_if.o
    0x20000098   COMPRESSED   0x00000004   Data   RW         1579    .data               system_stm32f4xx.o
    0x2000009c   COMPRESSED   0x00000008   Data   RW         1765    .data               bsp_delay.o
    0x200000a4   COMPRESSED   0x00000008   Data   RW         1889    .data               bsp_led.o
    0x200000ac   COMPRESSED   0x00000004   PAD
    0x200000b0   COMPRESSED   0x00000040   Data   RW         2034    .data               bsp_dwt.o
    0x200000f0   COMPRESSED   0x0000001d   Data   RW         2183    .data               can_receive.o
    0x2000010d   COMPRESSED   0x00000003   PAD
    0x20000110   COMPRESSED   0x00000032   Data   RW         2478    .data               gimbal_task.o
    0x20000142   COMPRESSED   0x00000002   PAD
    0x20000144   COMPRESSED   0x00000009   Data   RW         2619    .data               detect_task.o
    0x2000014d   COMPRESSED   0x00000003   PAD
    0x20000150   COMPRESSED   0x0000001c   Data   RW         2829    .data               led_flow_task.o
    0x2000016c   COMPRESSED   0x00000004   Data   RW         3113    .data               shoot.o
    0x20000170   COMPRESSED   0x00000012   Data   RW         3181    .data               self_aim.o
    0x20000182   COMPRESSED   0x00000002   PAD
    0x20000184   COMPRESSED   0x00000009   Data   RW         3310    .data               sound_effects_task.o
    0x2000018d   COMPRESSED   0x00000001   PAD
    0x2000018e   COMPRESSED   0x00000002   Data   RW         3385    .data               vt13_control.o
    0x20000190   COMPRESSED   0x00000048   Data   RW         3650    .data               bmi088driver.o
    0x200001d8   COMPRESSED   0x00000004   Data   RW         3727    .data               bmi088middleware.o
    0x200001dc   COMPRESSED   0x00000004   Data   RW         3929    .data               kalman_filter.o
    0x200001e0   COMPRESSED   0x000000d4   Data   RW         4015    .data               quaternionekf.o
    0x200002b4   COMPRESSED   0x00000002   Data   RW         4543    .data               crc8_crc16.o
    0x200002b6   COMPRESSED   0x00000002   PAD
    0x200002b8   COMPRESSED   0x0000000c   Data   RW         6198    .data               stm32f4xx_hal.o
    0x200002c4   COMPRESSED   0x0000003c   Data   RW         9837    .data               tasks.o
    0x20000300   COMPRESSED   0x00000014   Data   RW        10167    .data               timers.o
    0x20000314   COMPRESSED   0x00000020   Data   RW        10698    .data               heap_4.o
    0x20000334   COMPRESSED   0x0000000c   Data   RW        10754    .data               port.o
    0x20000340   COMPRESSED   0x00000001   Data   RW        11000    .data               usbd_ctlreq.o
    0x20000341   COMPRESSED   0x00000003   PAD
    0x20000344   COMPRESSED   0x00000053   Data   RW        11159    .data               usbd_cdc.o
    0x20000397   COMPRESSED   0x00000001   PAD
    0x20000398   COMPRESSED   0x00000038   Data   RW        11160    .data               usbd_cdc.o
    0x200003d0        -       0x000006a8   Zero   RW          497    .bss                freertos.o
    0x20000a78        -       0x00000050   Zero   RW          581    .bss                can.o
    0x20000ac8        -       0x00000054   Zero   RW          698    .bss                i2c.o
    0x20000b1c        -       0x00000020   Zero   RW          740    .bss                rtc.o
    0x20000b3c        -       0x00000118   Zero   RW          782    .bss                spi.o
    0x20000c54        -       0x000001b0   Zero   RW          830    .bss                tim.o
    0x20000e04        -       0x000001f8   Zero   RW          904    .bss                usart.o
    0x20000ffc        -       0x000002dc   Zero   RW          954    .bss                usb_device.o
    0x200012d8        -       0x00000704   Zero   RW         1041    .bss                usbd_conf.o
    0x200019dc        -       0x00000200   Zero   RW         1226    .bss                usbd_desc.o
    0x20001bdc        -       0x00001000   Zero   RW         1313    .bss                usbd_cdc_if.o
    0x20002bdc        -       0x000000ca   Zero   RW         2182    .bss                can_receive.o
    0x20002ca6   COMPRESSED   0x00000002   PAD
    0x20002ca8        -       0x000004d0   Zero   RW         2476    .bss                gimbal_task.o
    0x20003178        -       0x0000021c   Zero   RW         2617    .bss                detect_task.o
    0x20003394        -       0x00000154   Zero   RW         2707    .bss                ins_task.o
    0x200034e8        -       0x00000324   Zero   RW         3111    .bss                shoot.o
    0x2000380c        -       0x000000a6   Zero   RW         3180    .bss                self_aim.o
    0x200038b2   COMPRESSED   0x00000002   PAD
    0x200038b4        -       0x00000048   Zero   RW         3258    .bss                buzzer_tim_init.o
    0x200038fc        -       0x00000069   Zero   RW         3384    .bss                vt13_control.o
    0x20003965   COMPRESSED   0x00000003   PAD
    0x20003968        -       0x0000001c   Zero   RW         3586    .bss                gryo.o
    0x20003984        -       0x00000040   Zero   RW         3649    .bss                bmi088driver.o
    0x200039c4   COMPRESSED   0x00000004   PAD
    0x200039c8        -       0x00000268   Zero   RW         4013    .bss                quaternionekf.o
    0x20003c30        -       0x00000040   Zero   RW         9466    .bss                queue.o
    0x20003c70        -       0x000000f0   Zero   RW         9836    .bss                tasks.o
    0x20003d60        -       0x00000110   Zero   RW        10166    .bss                timers.o
    0x20003e70        -       0x00006000   Zero   RW        10697    .bss                heap_4.o
    0x20009e70        -       0x00000060   Zero   RW        11910    .bss                c_w.l(libspace.o)
    0x20009ed0        -       0x00002000   Zero   RW            2    HEAP                startup_stm32f407xx.o
    0x2000bed0        -       0x00002000   Zero   RW            1    STACK               startup_stm32f407xx.o


==============================================================================

Image component sizes


      Code (inc. data)   RO Data    RW Data    ZI Data      Debug   Object Name

      2246        152          0         72         64      10305   bmi088driver.o
       116         30          0          4          0       3432   bmi088middleware.o
         0          0          0          0          0     593556   bsp_buzzer.o
        36         12          0          0          0       1073   bsp_buzzer_driver.o
        92          8          0          0          0        610   bsp_can.o
        48         16          0          8          0        701   bsp_delay.o
       504        104          0         64          0       3990   bsp_dwt.o
        32         10          0          0          0        947   bsp_laser.o
       104         22          0          8          0        608   bsp_led.o
       156         14          0          0          0       1054   bsp_rc.o
       356         34          0          0         72       3305   buzzer_tim_init.o
       488         44          0          4         80       2490   can.o
      1428        144          0         29        202     588916   can_receive.o
        46          0          0          0          0       5637   can_task.o
       130          0          0          0          0      23091   cmsis_os.o
       188          4          0          0          0       5973   controller.o
        84         18          0          8          0       1543   crc.o
       116         10       1282          2          0       2371   crc8_crc16.o
      1304         38         84          9        540       9511   detect_task.o
       152          6          0          0          0        858   dma.o
         0          0          0          0          0      18312   event_groups.o
       312         60        333         40       1704       8402   freertos.o
      3564        268         60         50       1232      53492   gimbal_task.o
       532         24          0          0          0     734267   gpio.o
      1124         46          0          0         28       4747   gryo.o
       504         32          0         32      24576       5159   heap_4.o
       260         30          0          0         84       1769   i2c.o
       220         56          0          0        340       8152   ins_task.o
      1804         12          0          4          0      17562   kalman_filter.o
       432         10          0         28          0       1725   led_flow_task.o
       144          0          0          0          0       3722   list.o
       314         14          0          0          0     104646   main.o
       592          8          0          0          0       2578   pid.o
       814         92          0         12          0      12265   port.o
      2576        158        144        212        616      10387   quaternionekf.o
      1586         24          0          0         64      17984   queue.o
       116         22          0          0         32       1587   rtc.o
       564         74          0         18        166      10685   self_aim.o
      1032        120         96          4        804       7168   shoot.o
       872         28          0          9          0       5517   sound_effects_task.o
       416         38          0          0        280       1979   spi.o
        64         26        392          0      16384        864   startup_stm32f407xx.o
       188         30          0         12          0       9577   stm32f4xx_hal.o
      2042          6          0          0          0      16153   stm32f4xx_hal_can.o
       208         16          0          0          0      33647   stm32f4xx_hal_cortex.o
        36          0          0          0          0       1107   stm32f4xx_hal_crc.o
      1104         18          8          0          0       5975   stm32f4xx_hal_dma.o
       596         24          0          0          0       3668   stm32f4xx_hal_gpio.o
       428         18          0          0          0       2239   stm32f4xx_hal_i2c.o
        84          6          0          0          0        878   stm32f4xx_hal_msp.o
      2710         12          0          0          0      14576   stm32f4xx_hal_pcd.o
        84          0          0          0          0       2641   stm32f4xx_hal_pcd_ex.o
      1722        104          0          0          0       6696   stm32f4xx_hal_rcc.o
       380         34          0          0          0       1564   stm32f4xx_hal_rcc_ex.o
       334          4          0          0          0       3503   stm32f4xx_hal_rtc.o
      1074         16          0          0          0       5081   stm32f4xx_hal_spi.o
      1782         56          0          0          0      14011   stm32f4xx_hal_tim.o
       256          0          0          0          0       2384   stm32f4xx_hal_tim_ex.o
      1742          8          0          0          0      12248   stm32f4xx_hal_uart.o
       176         36          0          0          0      15965   stm32f4xx_it.o
      2988         86          0          0          0      24616   stm32f4xx_ll_usb.o
       100         18         24          4          0       1215   system_stm32f4xx.o
      2324        202          0         60        240      29928   tasks.o
        10          0          0          0          0        540   test_task.o
      1988        152          0          0        432       6859   tim.o
      1088         94          0         20        272      31235   timers.o
       868         84          0          0        504       3481   usart.o
        76         16          0          0        732       6604   usb_device.o
      1454         38          0        139          0      15069   usbd_cdc.o
       224         28          0         20       4096       7637   usbd_cdc_if.o
      1004         24          0          0       1796      17440   usbd_conf.o
      1058          0          0          0          0      16845   usbd_core.o
      1934         28          0          1          0      18360   usbd_ctlreq.o
       386        122          0         78        512       6849   usbd_desc.o
       138          0          0          0          0       4680   usbd_ioreq.o
       248         10          0          0          0       5935   user_lib.o
        76         14          0          0          0       2870   vofa.o
       806         38          0          2        105     588708   vt13_control.o

    ----------------------------------------------------------------------
     57242       3150       2460        976      55968    3233724   Object Totals
         0          0         32          0          0          0   (incl. Generated)
        58          0          5         23         11          0   (incl. Padding)

    ----------------------------------------------------------------------

      Code (inc. data)   RO Data    RW Data    ZI Data      Debug   Library Member Name

         0          0       2052          0          0       4636   arm_common_tables.o
       120         12          0          0          0      16970   arm_cos_f32.o
       264          0          0          0          0       1482   arm_mat_add_f32.o
         8          0          0          0          0        843   arm_mat_init_f32.o
      1328          4          0          0          0       2718   arm_mat_inverse_f32.o
       316          4          0          0          0       1627   arm_mat_mult_f32.o
       264          0          0          0          0       1482   arm_mat_sub_f32.o
       276          0          0          0          0       1516   arm_mat_trans_f32.o
       116         12          0          0          0        658   arm_sin_f32.o
        90          0          0          0          0          0   __dczerorl2.o
         8          0          0          0          0         68   __main.o
         0          0          0          0          0          0   __rtentry.o
        12          0          0          0          0          0   __rtentry2.o
         6          0          0          0          0          0   __rtentry4.o
        52          8          0          0          0          0   __scatter.o
        28          0          0          0          0          0   __scatter_zi.o
        48          4          0          0          0         84   _fptrap.o
        22          0          0          0          0        100   _rserrno.o
        16          0          0          0          0         68   aeabi_memset.o
        10          0          0          0          0         68   defsig_exit.o
       172        110          0          0          0         76   defsig_fpe_inner.o
        14          0          0          0          0         80   defsig_fpe_outer.o
        50          0          0          0          0         88   defsig_general.o
        80         58          0          0          0         76   defsig_rtmem_inner.o
        14          0          0          0          0         80   defsig_rtmem_outer.o
        18          0          0          0          0         80   exit.o
        94          0          0          0          0         80   h1_alloc.o
        52          0          0          0          0         68   h1_extend.o
        78          0          0          0          0         80   h1_free.o
        14          0          0          0          0         84   h1_init.o
         6          0          0          0          0        152   heapauxi.o
         4          0          0          0          0        136   hguard.o
         0          0          0          0          0          0   indicate_semi.o
       138          0          0          0          0        168   init_alloc.o
         2          0          0          0          0          0   libinit.o
        14          0          0          0          0          0   libinit2.o
         2          0          0          0          0          0   libshutdown.o
         2          0          0          0          0          0   libshutdown2.o
         8          4          0          0         96         68   libspace.o
       238          0          0          0          0        100   lludivv7m.o
         0          0          0          0          0          0   maybetermalloc1.o
         8          4          0          0          0         68   rt_errno_addr_intlibspace.o
         8          4          0          0          0         68   rt_heap_descriptor_intlibspace.o
        68          0          0          0          0         68   rt_memclr.o
        78          0          0          0          0         80   rt_memclr_w.o
       138          0          0          0          0         68   rt_memcpy_v6.o
       100          0          0          0          0         80   rt_memcpy_w.o
         2          0          0          0          0          0   rtexit.o
        10          0          0          0          0          0   rtexit2.o
        12          4          0          0          0         68   sys_exit.o
        74          0          0          0          0         80   sys_stackheap_outer.o
        14          0          0          0          0         76   sys_wrch.o
         2          0          0          0          0         68   use_no_semi.o
        24          0          0          0          0        164   basic.o
       708         16          0          0          0        140   d2f_clz.o
      1336         32          0          0          0        532   daddsub_clz.o
       892        152          0          0          0        292   ddiv_clz.o
       200         16          0          0          0        184   dfix.o
       110          0          0          0          0        348   dflt_clz.o
       448         16          0          0          0        164   dmul_clz.o
       258          4          0          0          0        156   dnaninf.o
       112          0          0          0          0        160   drenorm_clz.o
        12          0          0          0          0        116   dretinf.o
       378          0          0          0          0        168   dunder_clz.o
       492         36          0          0          0        148   except.o
       122          8          0          0          0        132   f2d.o
       158          0          0          0          0        132   ffltll_clz.o
       242          4          0          0          0        144   fnaninf.o
        10          0          0          0          0        116   fpinit.o
        10          0          0          0          0        116   fretinf.o
       316          0          0          0          0        132   funder_clz.o
       178          0          0          0          0        116   retnan.o
       126          0          0          0          0        148   trapv.o
         0          0          0          0          0          0   usenofp.o
       280         46          0          0          0        176   acosf.o
       200         20          0          0          0        164   cos.o
       368         46         48          0          0        200   cos_i.o
        84         16          0          0          0        372   dunder.o
        24          0          0          0          0        124   fabs.o
        48          0          0          0          0        124   fpclassify.o
        22          6          0          0          0        232   funder.o
       248          0          0          0          0        152   poly.o
      1080        142        200          0          0        188   rred.o
       200         20          0          0          0        164   sin.o
       304         24         40          0          0        208   sin_i.o
       120          0          0          0          0        272   sqrtf_full.o

    ----------------------------------------------------------------------
     13638        832       2344          0         96      40444   Library Totals
        30          0          4          0          0          0   (incl. Padding)

    ----------------------------------------------------------------------

      Code (inc. data)   RO Data    RW Data    ZI Data      Debug   Library Name

      2692         32       2052          0          0      31932   arm_cortexM4lf_math.lib
      1806        196          0          0         96       2528   c_w.l
      6132        284          0          0          0       3608   g_wm.l
      2978        320        288          0          0       2376   m_wm.l

    ----------------------------------------------------------------------
     13638        832       2344          0         96      40444   Library Totals

    ----------------------------------------------------------------------

==============================================================================


      Code (inc. data)   RO Data    RW Data    ZI Data      Debug   

     70880       3982       4804        976      56064    3222864   Grand Totals
     70880       3982       4804        288      56064    3222864   ELF Image Totals (compressed)
     70880       3982       4804        288          0          0   ROM Totals

==============================================================================

    Total RO  Size (Code + RO Data)                75684 (  73.91kB)
    Total RW  Size (RW Data + ZI Data)             57040 (  55.70kB)
    Total ROM Size (Code + RO Data + RW Data)      75972 (  74.19kB)

==============================================================================

