<html>
<body>
<pre>
<h1>µVision Build Log</h1>
<h2>Tool Versions:</h2>
IDE-Version: ¦ÌVision V5.24.2.0
Copyright (C) 2017 ARM Ltd and ARM Germany GmbH. All rights reserved.
License Information: 11 wwww, HP Inc., LIC=03C6R-KPAS0-BSQYX-HMX8R-YBSK6-AIEQG
 
Tool Versions:
Toolchain:       MDK-ARM Plus  Version: 5.24.1
Toolchain Path:  C:\KEIL C51\ARM\ARMCC\Bin
C Compiler:      Armcc.exe V5.06 update 5 (build 528)
Assembler:       Armasm.exe V5.06 update 5 (build 528)
Linker/Locator:  ArmLink.exe V5.06 update 5 (build 528)
Library Manager: ArmAr.exe V5.06 update 5 (build 528)
Hex Converter:   FromElf.exe V5.06 update 5 (build 528)
CPU DLL:         SARMCM3.DLL V5.24.1
Dialog DLL:      DCM.DLL V1.16.0.0
Target DLL:      CMSIS_AGDI.dll V1.28.3.0
Dialog DLL:      TCM.DLL V1.32.0.0
 
<h2>Project:</h2>
C:\Users\zhangfan\Desktop\hero\HERO\VT13\gimbal_task +VT13\MDK-ARM\gimbal_task.uvprojx
Project File Date:  02/28/2026

<h2>Output:</h2>
*** Using Compiler 'V5.06 update 5 (build 528)', folder: 'C:\KEIL C51\ARM\ARMCC\Bin'
Build target 'gimbal_task'
compiling main.c...
../application/shoot.h(101): warning:  #1295-D: Deprecated declaration shoot_control_loop - give arg types
  const shoot_control_t *shoot_control_loop();
../application/shoot.h(104): warning:  #1-D: last line of file ends without a newline
  #endif
../application/INS_task.h(85): warning:  #1295-D: Deprecated declaration get_INS - give arg types
  extern INS_t *get_INS();
../application/gimbal_task.h(329): warning:  #1295-D: Deprecated declaration get_chassis_data_point - give arg types
  extern chassis_data_t *get_chassis_data_point();
../application/gimbal_task.h(330): warning:  #1295-D: Deprecated declaration get_gimbal_data - give arg types
  extern gimbal_control_t *get_gimbal_data();
../Src/main.c: 5 warnings, 0 errors
compiling freertos.c...
../application/shoot.h(101): warning:  #1295-D: Deprecated declaration shoot_control_loop - give arg types
  const shoot_control_t *shoot_control_loop();
../application/shoot.h(104): warning:  #1-D: last line of file ends without a newline
  #endif
../application/INS_task.h(85): warning:  #1295-D: Deprecated declaration get_INS - give arg types
  extern INS_t *get_INS();
../application/gimbal_task.h(329): warning:  #1295-D: Deprecated declaration get_chassis_data_point - give arg types
  extern chassis_data_t *get_chassis_data_point();
../application/gimbal_task.h(330): warning:  #1295-D: Deprecated declaration get_gimbal_data - give arg types
  extern gimbal_control_t *get_gimbal_data();
../application/CAN_task.h(2): warning:  #1295-D: Deprecated declaration can_task - give arg types
  void can_task();
../application/vofa.h(4): warning:  #1-D: last line of file ends without a newline
  void vofa_task();
../application/vofa.h(4): warning:  #1295-D: Deprecated declaration vofa_task - give arg types
  void vofa_task();
../application/Self_aim.h(61): warning:  #1295-D: Deprecated declaration get_selfaim_data - give arg types
  InputData *get_selfaim_data();
../application/sound_effects_task.h(109): warning:  #47-D: incompatible redefinition of macro "FALSE"  (declared at line 45 of "../components/algorithm/user_lib.h")
  #define FALSE 0x00U
../application/sound_effects_task.h(110): warning:  #47-D: incompatible redefinition of macro "TRUE"  (declared at line 41 of "../components/algorithm/user_lib.h")
  #define TRUE  0x01U
../application/sound_effects_task.h(137): warning:  #1-D: last line of file ends without a newline
  #endif /* __SOUND_EFFECTS_TASK_H */
../Src/freertos.c(200): warning:  #550-D: variable "s"  was set but never used
    float s[3] = {0};
../Src/freertos.c: 13 warnings, 0 errors
compiling usbd_cdc_if.c...
../application/shoot.h(101): warning:  #1295-D: Deprecated declaration shoot_control_loop - give arg types
  const shoot_control_t *shoot_control_loop();
../application/shoot.h(104): warning:  #1-D: last line of file ends without a newline
  #endif
../application/INS_task.h(85): warning:  #1295-D: Deprecated declaration get_INS - give arg types
  extern INS_t *get_INS();
../application/gimbal_task.h(329): warning:  #1295-D: Deprecated declaration get_chassis_data_point - give arg types
  extern chassis_data_t *get_chassis_data_point();
../application/gimbal_task.h(330): warning:  #1295-D: Deprecated declaration get_gimbal_data - give arg types
  extern gimbal_control_t *get_gimbal_data();
../application/self_aim.h(61): warning:  #1295-D: Deprecated declaration get_selfaim_data - give arg types
  InputData *get_selfaim_data();
../Src/usbd_cdc_if.c: 6 warnings, 0 errors
compiling CAN_receive.c...
..\application\shoot.h(101): warning:  #1295-D: Deprecated declaration shoot_control_loop - give arg types
  const shoot_control_t *shoot_control_loop();
..\application\shoot.h(104): warning:  #1-D: last line of file ends without a newline
  #endif
..\application\INS_task.h(85): warning:  #1295-D: Deprecated declaration get_INS - give arg types
  extern INS_t *get_INS();
..\application\gimbal_task.h(329): warning:  #1295-D: Deprecated declaration get_chassis_data_point - give arg types
  extern chassis_data_t *get_chassis_data_point();
..\application\gimbal_task.h(330): warning:  #1295-D: Deprecated declaration get_gimbal_data - give arg types
  extern gimbal_control_t *get_gimbal_data();
..\application\CAN_receive.c: 5 warnings, 0 errors
compiling gimbal_task.c...
..\application\shoot.h(101): warning:  #1295-D: Deprecated declaration shoot_control_loop - give arg types
  const shoot_control_t *shoot_control_loop();
..\application\shoot.h(104): warning:  #1-D: last line of file ends without a newline
  #endif
..\application\INS_task.h(85): warning:  #1295-D: Deprecated declaration get_INS - give arg types
  extern INS_t *get_INS();
..\application\gimbal_task.h(329): warning:  #1295-D: Deprecated declaration get_chassis_data_point - give arg types
  extern chassis_data_t *get_chassis_data_point();
..\application\gimbal_task.h(330): warning:  #1295-D: Deprecated declaration get_gimbal_data - give arg types
  extern gimbal_control_t *get_gimbal_data();
..\application\Self_aim.h(61): warning:  #1295-D: Deprecated declaration get_selfaim_data - give arg types
  InputData *get_selfaim_data();
..\application\gimbal_task.c(492): warning:  #1035-D: single-precision operand implicitly converted to double-precision
        feedback_update->gimbal_pitch_motor.self_aim_pitch_angle=Self_aim_data->pitch/3.14*180;
..\application\gimbal_task.c(494): warning:  #1035-D: single-precision operand implicitly converted to double-precision
        feedback_update->gimbal_yaw_motor.self_aim_yaw_angle=Self_aim_data->yaw/3.14*180;
..\application\gimbal_task.c(547): warning:  #177-D: variable "a"  was declared but never referenced
        static  int16_t a=0;
..\application\gimbal_task.c(548): warning:  #177-D: variable "b"  was declared but never referenced
        static  int16_t b=0;
..\application\gimbal_task.c(939): warning:  #1035-D: single-precision operand implicitly converted to double-precision
                        chassis_data->yawangle_set-=0.007;
..\application\gimbal_task.c(943): warning:  #1035-D: single-precision operand implicitly converted to double-precision
            gimbal_control_set->gimbal_pitch_motor.absolute_angle_set-=pitch_channel*
ITCH_RC_SEN_INS+gimbal_control_set->gimbal_rc_ctrl->mouse.mouse_y*
ITCH_MOUSE_SEN*0.5;
..\application\gimbal_task.c(952): warning:  #1035-D: single-precision operand implicitly converted to double-precision
                        gimbal_control_set->gimbal_pitch_motor.absolute_angle_set-=pitch_channel*
ITCH_RC_SEN_INS+gimbal_control_set->gimbal_rc_ctrl->mouse.mouse_y*
ITCH_MOUSE_SEN*0.5;
..\application\gimbal_task.c(743): warning:  #177-D: variable "angleset"  was declared but never referenced
        fp32 angleset;
..\application\gimbal_task.c(730): warning:  #177-D: function "gimbal_PID_clear"  was declared but never referenced
  static void gimbal_PID_clear(gimbal_PID_t *gimbal_pid_clear)
..\application\gimbal_task.c(260): warning:  #177-D: variable "chassis_self_aim_yaw_filter"  was declared but never referenced
  const static fp32 chassis_self_aim_yaw_filter[1] = {CHASSIS_ACCEL_Y_NUM};
..\application\gimbal_task.c(266): warning:  #177-D: variable "yaw_can_set_current"  was declared but never referenced
  static int16_t yaw_can_set_current = 0, pitch_can_set_current = 0;
..\application\gimbal_task.c(266): warning:  #177-D: variable "pitch_can_set_current"  was declared but never referenced
  static int16_t yaw_can_set_current = 0, pitch_can_set_current = 0;
..\application\gimbal_task.c(658): warning:  #177-D: function "gimbal_motor_absolute_angle_control"  was declared but never referenced
  static void gimbal_motor_absolute_angle_control(gimbal_motor_t *gimbal_motor)
..\application\gimbal_task.c: 19 warnings, 0 errors
compiling test_task.c...
..\application\vofa.h(4): warning:  #1-D: last line of file ends without a newline
  void vofa_task();
..\application\vofa.h(4): warning:  #1295-D: Deprecated declaration vofa_task - give arg types
  void vofa_task();
..\application\shoot.h(101): warning:  #1295-D: Deprecated declaration shoot_control_loop - give arg types
  const shoot_control_t *shoot_control_loop();
..\application\shoot.h(104): warning:  #1-D: last line of file ends without a newline
  #endif
..\application\INS_task.h(85): warning:  #1295-D: Deprecated declaration get_INS - give arg types
  extern INS_t *get_INS();
..\application\gimbal_task.h(329): warning:  #1295-D: Deprecated declaration get_chassis_data_point - give arg types
  extern chassis_data_t *get_chassis_data_point();
..\application\gimbal_task.h(330): warning:  #1295-D: Deprecated declaration get_gimbal_data - give arg types
  extern gimbal_control_t *get_gimbal_data();
..\application\test_task.c(64): warning:  #177-D: function "buzzer_warn_error"  was declared but never referenced
  static void buzzer_warn_error(uint8_t num)
..\application\test_task.c: 8 warnings, 0 errors
compiling CAN_task.c...
..\application\CAN_task.h(2): warning:  #1295-D: Deprecated declaration can_task - give arg types
  void can_task();
..\application\shoot.h(101): warning:  #1295-D: Deprecated declaration shoot_control_loop - give arg types
  const shoot_control_t *shoot_control_loop();
..\application\shoot.h(104): warning:  #1-D: last line of file ends without a newline
  #endif
..\application\INS_task.h(85): warning:  #1295-D: Deprecated declaration get_INS - give arg types
  extern INS_t *get_INS();
..\application\gimbal_task.h(329): warning:  #1295-D: Deprecated declaration get_chassis_data_point - give arg types
  extern chassis_data_t *get_chassis_data_point();
..\application\gimbal_task.h(330): warning:  #1295-D: Deprecated declaration get_gimbal_data - give arg types
  extern gimbal_control_t *get_gimbal_data();
..\application\CAN_task.c: 6 warnings, 0 errors
compiling vofa.c...
..\application\vofa.h(4): warning:  #1-D: last line of file ends without a newline
  void vofa_task();
..\application\vofa.h(4): warning:  #1295-D: Deprecated declaration vofa_task - give arg types
  void vofa_task();
..\application\shoot.h(101): warning:  #1295-D: Deprecated declaration shoot_control_loop - give arg types
  const shoot_control_t *shoot_control_loop();
..\application\shoot.h(104): warning:  #1-D: last line of file ends without a newline
  #endif
..\application\INS_task.h(85): warning:  #1295-D: Deprecated declaration get_INS - give arg types
  extern INS_t *get_INS();
..\application\gimbal_task.h(329): warning:  #1295-D: Deprecated declaration get_chassis_data_point - give arg types
  extern chassis_data_t *get_chassis_data_point();
..\application\gimbal_task.h(330): warning:  #1295-D: Deprecated declaration get_gimbal_data - give arg types
  extern gimbal_control_t *get_gimbal_data();
..\application\vofa.c(23): warning:  #1-D: last line of file ends without a newline
  }
..\application\vofa.c: 8 warnings, 0 errors
compiling Self_aim.c...
..\application\shoot.h(101): warning:  #1295-D: Deprecated declaration shoot_control_loop - give arg types
  const shoot_control_t *shoot_control_loop();
..\application\shoot.h(104): warning:  #1-D: last line of file ends without a newline
  #endif
..\application\INS_task.h(85): warning:  #1295-D: Deprecated declaration get_INS - give arg types
  extern INS_t *get_INS();
..\application\gimbal_task.h(329): warning:  #1295-D: Deprecated declaration get_chassis_data_point - give arg types
  extern chassis_data_t *get_chassis_data_point();
..\application\gimbal_task.h(330): warning:  #1295-D: Deprecated declaration get_gimbal_data - give arg types
  extern gimbal_control_t *get_gimbal_data();
..\application\Self_aim.h(61): warning:  #1295-D: Deprecated declaration get_selfaim_data - give arg types
  InputData *get_selfaim_data();
..\application\Self_aim.c(95): warning:  #1035-D: single-precision operand implicitly converted to double-precision
      Send_Data.output_data.yaw = gimbal_data->gimbal_yaw_motor.absolute_angle / 180 * 3.1415926;
..\application\Self_aim.c(127): warning:  #1-D: last line of file ends without a newline
  }
..\application\Self_aim.c: 8 warnings, 0 errors
linking...
Program Size: Code=76400 RO-data=4560 RW-data=1684 ZI-data=56012  
FromELF: creating hex file...
"gimbal_task\gimbal_task.axf" - 0 Error(s), 78 Warning(s).

<h2>Software Packages used:</h2>

Package Vendor: ARM
                http://www.keil.com/pack/ARM.CMSIS.5.0.1.pack
                ARM.CMSIS.5.0.1
                CMSIS (Cortex Microcontroller Software Interface Standard)
   * Component: CORE Version: 5.0.1

Package Vendor: Keil
                https://www.keil.com/pack/Keil.STM32F4xx_DFP.2.17.1.pack
                Keil.STM32F4xx_DFP.2.17.1
                STMicroelectronics STM32F4 Series Device Support, Drivers and Examples

<h2>Collection of Component include folders:</h2>
  .\RTE\_gimbal_task
  C:\KEIL C51\ARM\PACK\ARM\CMSIS\5.0.1\CMSIS\Include
  C:\KEIL C51\ARM\PACK\Keil\STM32F4xx_DFP\2.17.1\Drivers\CMSIS\Device\ST\STM32F4xx\Include

<h2>Collection of Component Files used:</h2>

   * Component: ARM::CMSIS:CORE:5.0.1
Build Time Elapsed:  00:00:17
</pre>
</body>
</html>
